Archive member included because of file (symbol)

.\CortexM3\ARM_GCC_493\Debug\MUX_Prime.a(cyfitter_cfg.o)
                              .\CortexM3\ARM_GCC_493\Debug\Cm3Start.o (cyfitter_cfg)
.\CortexM3\ARM_GCC_493\Debug\MUX_Prime.a(CyBootAsmGnu.o)
                              .\CortexM3\ARM_GCC_493\Debug\MUX_Prime.a(cyfitter_cfg.o) (CyDelayCycles)
.\CortexM3\ARM_GCC_493\Debug\MUX_Prime.a(CyLib.o)
                              .\CortexM3\ARM_GCC_493\Debug\Cm3Start.o (CyResetStatus)
.\CortexM3\ARM_GCC_493\Debug\MUX_Prime.a(cyPm.o)
                              .\CortexM3\ARM_GCC_493\Debug\MUX_Prime.a(CyLib.o) (CyPmReadStatus)
.\CortexM3\ARM_GCC_493\Debug\MUX_Prime.a(Surtidor.o)
                              .\CortexM3\ARM_GCC_493\Debug\Protocolo.o (Surtidor_rxBuffer)
.\CortexM3\ARM_GCC_493\Debug\MUX_Prime.a(Surtidor_INT.o)
                              .\CortexM3\ARM_GCC_493\Debug\MUX_Prime.a(Surtidor.o) (Surtidor_RXISR)
.\CortexM3\ARM_GCC_493\Debug\MUX_Prime.a(Impresora.o)
                              .\CortexM3\ARM_GCC_493\Debug\main.o (Impresora_Start)
.\CortexM3\ARM_GCC_493\Debug\MUX_Prime.a(PC.o)
                              .\CortexM3\ARM_GCC_493\Debug\main.o (PC_Start)
.\CortexM3\ARM_GCC_493\Debug\MUX_Prime.a(PC_INT.o)
                              .\CortexM3\ARM_GCC_493\Debug\MUX_Prime.a(PC.o) (PC_RXISR)
.\CortexM3\ARM_GCC_493\Debug\MUX_Prime.a(I2C_1.o)
                              .\CortexM3\ARM_GCC_493\Debug\main.o (I2C_1_Start)
.\CortexM3\ARM_GCC_493\Debug\MUX_Prime.a(I2C_1_INT.o)
                              .\CortexM3\ARM_GCC_493\Debug\MUX_Prime.a(I2C_1.o) (I2C_1_ISR)
.\CortexM3\ARM_GCC_493\Debug\MUX_Prime.a(I2C_1_PM.o)
                              .\CortexM3\ARM_GCC_493\Debug\MUX_Prime.a(I2C_1.o) (I2C_1_backup)
.\CortexM3\ARM_GCC_493\Debug\MUX_Prime.a(I2C_1_MASTER.o)
                              .\CortexM3\ARM_GCC_493\Debug\MUX_Prime.a(I2C_1.o) (I2C_1_mstrStatus)
.\CortexM3\ARM_GCC_493\Debug\MUX_Prime.a(Pin_WP.o)
                              .\CortexM3\ARM_GCC_493\Debug\I2C.o (Pin_WP_Write)
.\CortexM3\ARM_GCC_493\Debug\MUX_Prime.a(isr_1.o)
                              .\CortexM3\ARM_GCC_493\Debug\Protocolo.o (isr_1_StartEx)
.\CortexM3\ARM_GCC_493\Debug\MUX_Prime.a(Impresora_IntClock.o)
                              .\CortexM3\ARM_GCC_493\Debug\MUX_Prime.a(Impresora.o) (Impresora_IntClock_Start)
.\CortexM3\ARM_GCC_493\Debug\MUX_Prime.a(PC_IntClock.o)
                              .\CortexM3\ARM_GCC_493\Debug\MUX_Prime.a(PC.o) (PC_IntClock_Start)
.\CortexM3\ARM_GCC_493\Debug\MUX_Prime.a(LCD_1.o)
                              .\CortexM3\ARM_GCC_493\Debug\main.o (LCD_1_rxBuffer)
.\CortexM3\ARM_GCC_493\Debug\MUX_Prime.a(LCD_1_INT.o)
                              .\CortexM3\ARM_GCC_493\Debug\MUX_Prime.a(LCD_1.o) (LCD_1_RXISR)
.\CortexM3\ARM_GCC_493\Debug\MUX_Prime.a(LCD_2.o)
                              .\CortexM3\ARM_GCC_493\Debug\main.o (LCD_2_rxBuffer)
.\CortexM3\ARM_GCC_493\Debug\MUX_Prime.a(LCD_2_INT.o)
                              .\CortexM3\ARM_GCC_493\Debug\MUX_Prime.a(LCD_2.o) (LCD_2_RXISR)
.\CortexM3\ARM_GCC_493\Debug\MUX_Prime.a(LCD_1_IntClock.o)
                              .\CortexM3\ARM_GCC_493\Debug\MUX_Prime.a(LCD_1.o) (LCD_1_IntClock_Start)
.\CortexM3\ARM_GCC_493\Debug\MUX_Prime.a(LCD_2_IntClock.o)
                              .\CortexM3\ARM_GCC_493\Debug\MUX_Prime.a(LCD_2.o) (LCD_2_IntClock_Start)
.\CortexM3\ARM_GCC_493\Debug\MUX_Prime.a(IB1.o)
                              .\CortexM3\ARM_GCC_493\Debug\ibuton.o (IB1_Write)
.\CortexM3\ARM_GCC_493\Debug\MUX_Prime.a(IB2.o)
                              .\CortexM3\ARM_GCC_493\Debug\ibuton.o (IB2_Write)
.\CortexM3\ARM_GCC_493\Debug\MUX_Prime.a(isr_3.o)
                              .\CortexM3\ARM_GCC_493\Debug\main.o (isr_3_StartEx)
.\CortexM3\ARM_GCC_493\Debug\MUX_Prime.a(Timer_Animacion.o)
                              .\CortexM3\ARM_GCC_493\Debug\main.o (Timer_Animacion_Start)
.\CortexM3\ARM_GCC_493\Debug\MUX_Prime.a(Timer_Animacion2.o)
                              .\CortexM3\ARM_GCC_493\Debug\main.o (Timer_Animacion2_Start)
.\CortexM3\ARM_GCC_493\Debug\MUX_Prime.a(isr_4.o)
                              .\CortexM3\ARM_GCC_493\Debug\main.o (isr_4_StartEx)
.\CortexM3\ARM_GCC_493\Debug\MUX_Prime.a(Timer_Modo.o)
                              .\CortexM3\ARM_GCC_493\Debug\main.o (Timer_Modo_Start)
.\CortexM3\ARM_GCC_493\Debug\MUX_Prime.a(isr_5.o)
                              .\CortexM3\ARM_GCC_493\Debug\main.o (isr_5_StartEx)
.\CortexM3\ARM_GCC_493\Debug\MUX_Prime.a(Timer_RxSurtidor.o)
                              .\CortexM3\ARM_GCC_493\Debug\Protocolo.o (Timer_RxSurtidor_Start)
.\CortexM3\ARM_GCC_493\Debug\MUX_Prime.a(CyFlash.o)
                              .\CortexM3\ARM_GCC_493\Debug\MUX_Prime.a(cyPm.o) (CyFlash_SetWaitCycles)
.\CortexM3\ARM_GCC_493\Debug\MUX_Prime.a(CySpc.o)
                              .\CortexM3\ARM_GCC_493\Debug\MUX_Prime.a(CyFlash.o) (CySpcStart)
[...]
Memory Configuration

Name             Origin             Length             Attributes
rom              0x00000000         0x00040000         xr
ram              0x1fff8000         0x00010000         xrw
*default*        0x00000000         0xffffffff

Linker script and memory map

LOAD c:/program files (x86)/cypress/psoc creator/3.3/psoc creator/import/gnu/arm/4.9.3/bin/../lib/gcc/arm-none-eabi/4.9.3/armv7-m/crti.o
LOAD c:/program files (x86)/cypress/psoc creator/3.3/psoc creator/import/gnu/arm/4.9.3/bin/../lib/gcc/arm-none-eabi/4.9.3/armv7-m/crtbegin.o
LOAD c:/program files (x86)/cypress/psoc creator/3.3/psoc creator/import/gnu/arm/4.9.3/bin/../lib/gcc/arm-none-eabi/4.9.3/../../../../arm-none-eabi/lib/armv7-m/crt0.o
START GROUP
LOAD .\CortexM3\ARM_GCC_493\Debug\main.o
LOAD .\CortexM3\ARM_GCC_493\Debug\Protocolo.o
LOAD .\CortexM3\ARM_GCC_493\Debug\Print.o
LOAD .\CortexM3\ARM_GCC_493\Debug\LCD.o
LOAD .\CortexM3\ARM_GCC_493\Debug\ibuton.o
LOAD .\CortexM3\ARM_GCC_493\Debug\I2C.o
LOAD .\CortexM3\ARM_GCC_493\Debug\Cm3Start.o
LOAD .\CortexM3\ARM_GCC_493\Debug\cymetadata.o
LOAD .\CortexM3\ARM_GCC_493\Debug\MUX_Prime.a
LOAD C:\Program Files (x86)\Cypress\PSoC Creator\3.3\PSoC Creator\psoc\content\cycomponentlibrary\CyComponentLibrary.cylib\CortexM3\ARM_GCC_493\Debug\CyComponentLibrary.a
LOAD c:/program files (x86)/cypress/psoc creator/3.3/psoc creator/import/gnu/arm/4.9.3/bin/../lib/gcc/arm-none-eabi/4.9.3/../../../../arm-none-eabi/lib/armv7-m\libm.a
END GROUP
START GROUP
LOAD c:/program files (x86)/cypress/psoc creator/3.3/psoc creator/import/gnu/arm/4.9.3/bin/../lib/gcc/arm-none-eabi/4.9.3/armv7-m\libgcc.a
LOAD c:/program files (x86)/cypress/psoc creator/3.3/psoc creator/import/gnu/arm/4.9.3/bin/../lib/gcc/arm-none-eabi/4.9.3/../../../../arm-none-eabi/lib/armv7-m\libg_nano.a
LOAD c:/program files (x86)/cypress/psoc creator/3.3/psoc creator/import/gnu/arm/4.9.3/bin/../lib/gcc/arm-none-eabi/4.9.3/../../../../arm-none-eabi/lib/armv7-m\libc_nano.a
END GROUP
START GROUP
LOAD c:/program files (x86)/cypress/psoc creator/3.3/psoc creator/import/gnu/arm/4.9.3/bin/../lib/gcc/arm-none-eabi/4.9.3/armv7-m\libgcc.a
LOAD c:/program files (x86)/cypress/psoc creator/3.3/psoc creator/import/gnu/arm/4.9.3/bin/../lib/gcc/arm-none-eabi/4.9.3/../../../../arm-none-eabi/lib/armv7-m\libc_nano.a
END GROUP
LOAD c:/program files (x86)/cypress/psoc creator/3.3/psoc creator/import/gnu/arm/4.9.3/bin/../lib/gcc/arm-none-eabi/4.9.3/armv7-m/crtend.o
LOAD c:/program files (x86)/cypress/psoc creator/3.3/psoc creator/import/gnu/arm/4.9.3/bin/../lib/gcc/arm-none-eabi/4.9.3/armv7-m/crtn.o
START GROUP
LOAD c:/program files (x86)/cypress/psoc creator/3.3/psoc creator/import/gnu/arm/4.9.3/bin/../lib/gcc/arm-none-eabi/4.9.3/armv7-m\libgcc.a
LOAD c:/program files (x86)/cypress/psoc creator/3.3/psoc creator/import/gnu/arm/4.9.3/bin/../lib/gcc/arm-none-eabi/4.9.3/../../../../arm-none-eabi/lib/armv7-m\libc.a
LOAD c:/program files (x86)/cypress/psoc creator/3.3/psoc creator/import/gnu/arm/4.9.3/bin/../lib/gcc/arm-none-eabi/4.9.3/../../../../arm-none-eabi/lib/armv7-m\libnosys.a
END GROUP
                0x00000000                CY_APPL_ORIGIN = 0x0
                0x00000100                CY_FLASH_ROW_SIZE = 0x100
                0x00000020                CY_ECC_ROW_SIZE = 0x20
                0x00000000                CY_EE_IN_BTLDR = 0x0
                0x00000000                CY_APPL_LOADABLE = 0x0
                0x00000800                CY_EE_SIZE = 0x800
                0x00000001                CY_APPL_NUM = 0x1
                0x00000001                CY_APPL_MAX = 0x1
                0x00000040                CY_METADATA_SIZE = 0x40
                0x1fff9088                PROVIDE (__cy_heap_start, _end)
                0x00000001                PROVIDE (__cy_region_num, ((__cy_regions_end - __cy_regions) / 0x10))
                0x20008000                PROVIDE (__cy_stack, (ORIGIN (ram) + 0x10000))
                0x20004000                PROVIDE (__cy_heap_end, (__cy_stack - 0x4000))

.cybootloader   0x00000000        0x0
 *(.cybootloader)
                0x00000000                appl1_start = CY_APPL_ORIGIN?CY_APPL_ORIGIN:ALIGN (CY_FLASH_ROW_SIZE)
                0x0001ff00                appl2_start = (appl1_start + ALIGN ((((0x40000 - appl1_start) - (0x2 * CY_FLASH_ROW_SIZE)) / 0x2), CY_FLASH_ROW_SIZE))
                0x00000000                appl_start = (CY_APPL_NUM == 0x1)?appl1_start:appl2_start
                0x00000000                ecc_offset = ((appl_start / CY_FLASH_ROW_SIZE) * CY_ECC_ROW_SIZE)
                0x00000000                ee_offset = (CY_APPL_LOADABLE && ! (CY_EE_IN_BTLDR))?((CY_EE_SIZE / CY_APPL_MAX) * (CY_APPL_NUM - 0x1)):0x0
                0x00000800                ee_size = (CY_APPL_LOADABLE && ! (CY_EE_IN_BTLDR))?(CY_EE_SIZE / CY_APPL_MAX):CY_EE_SIZE
                0x00000000                PROVIDE (CY_ECC_OFFSET, ecc_offset)

.text           0x00000000    0x19a38
 CREATE_OBJECT_SYMBOLS
                0x00000000                PROVIDE (__cy_interrupt_vector, RomVectors)
 *(.romvectors)
 .romvectors    0x00000000       0x10 .\CortexM3\ARM_GCC_493\Debug\Cm3Start.o
                0x00000000                RomVectors
                0x00000001                ASSERT ((. != __cy_interrupt_vector), No interrupt vector)
                0x00000001                ASSERT (CY_APPL_ORIGIN?(SIZEOF (.cybootloader) <= CY_APPL_ORIGIN):0x1, Wrong image location)
                0x00000010                PROVIDE (__cy_reset, Reset)
 *(.text.Reset)
 .text.Reset    0x00000010       0x18 .\CortexM3\ARM_GCC_493\Debug\Cm3Start.o
                0x00000010                Reset
                0x00000001                ASSERT ((. != __cy_reset), No reset code)
 *(.dma_init)
                0x00000001                ASSERT ((((appl_start + .) <= 0x10000) || 0x1), DMA Init must be within the first 64k of flash)
 *(.text .text.* .gnu.linkonce.t.*)
 .text          0x00000028       0x5c c:/program files (x86)/cypress/psoc creator/3.3/psoc creator/import/gnu/arm/4.9.3/bin/../lib/gcc/arm-none-eabi/4.9.3/armv7-m/crtbegin.o
 .text.init     0x00000084      0xa70 .\CortexM3\ARM_GCC_493\Debug\main.o
                0x00000084                init
 .text.verificar_check
                0x00000af4       0x84 .\CortexM3\ARM_GCC_493\Debug\main.o
                0x00000af4                verificar_check
 .text.error_op
                0x00000b78       0x8c .\CortexM3\ARM_GCC_493\Debug\main.o
                0x00000b78                error_op
 .text.init_surt
                0x00000c04      0x1dc .\CortexM3\ARM_GCC_493\Debug\main.o
                0x00000c04                init_surt
 .text.polling_rf
                0x00000de0     0x633c .\CortexM3\ARM_GCC_493\Debug\main.o
                0x00000de0                polling_rf
 .text.polling_mod
                0x0000711c       0x94 .\CortexM3\ARM_GCC_493\Debug\main.o
                0x0000711c                polling_mod
 .text.polling_pos1
                0x000071b0     0x2cb8 .\CortexM3\ARM_GCC_493\Debug\main.o
                0x000071b0                polling_pos1
 .text.polling_pos2
                0x00009e68     0x2c34 .\CortexM3\ARM_GCC_493\Debug\main.o
                0x00009e68                polling_pos2
 .text.polling_pos3
                0x0000ca9c     0x1d3c .\CortexM3\ARM_GCC_493\Debug\main.o
                0x0000ca9c                polling_pos3
 .text.polling_pos4
                0x0000e7d8     0x1d74 .\CortexM3\ARM_GCC_493\Debug\main.o
                0x0000e7d8                polling_pos4
 .text.polling_LCD1
                0x0001054c       0x9c .\CortexM3\ARM_GCC_493\Debug\main.o
                0x0001054c                polling_LCD1
 .text.polling_LCD2
                0x000105e8       0x9c .\CortexM3\ARM_GCC_493\Debug\main.o
                0x000105e8                polling_LCD2
 .text.animacion
                0x00010684       0x74 .\CortexM3\ARM_GCC_493\Debug\main.o
                0x00010684                animacion
 .text.animacion2
                0x000106f8       0x74 .\CortexM3\ARM_GCC_493\Debug\main.o
                0x000106f8                animacion2
 .text.modo_mux
                0x0001076c       0x8c .\CortexM3\ARM_GCC_493\Debug\main.o
                0x0001076c                modo_mux
 .text.main     0x000107f8       0x7c .\CortexM3\ARM_GCC_493\Debug\main.o
                0x000107f8                main
 .text.Rx_Surtidor
                0x00010874       0x14 .\CortexM3\ARM_GCC_493\Debug\Protocolo.o
                0x00010874                Rx_Surtidor
 .text.get_estado
                0x00010888       0x98 .\CortexM3\ARM_GCC_493\Debug\Protocolo.o
                0x00010888                get_estado
 .text.ver_pos  0x00010920       0xec .\CortexM3\ARM_GCC_493\Debug\Protocolo.o
                0x00010920                ver_pos
 .text.estado_ex
                0x00010a0c      0x17c .\CortexM3\ARM_GCC_493\Debug\Protocolo.o
                0x00010a0c                estado_ex
 .text.venta    0x00010b88      0x640 .\CortexM3\ARM_GCC_493\Debug\Protocolo.o
                0x00010b88                venta
 .text.programar
                0x000111c8      0x880 .\CortexM3\ARM_GCC_493\Debug\Protocolo.o
                0x000111c8                programar
 .text.cambiar_precio
                0x00011a48      0x254 .\CortexM3\ARM_GCC_493\Debug\Protocolo.o
                0x00011a48                cambiar_precio
 .text.totales  0x00011c9c     0x1864 .\CortexM3\ARM_GCC_493\Debug\Protocolo.o
                0x00011c9c                totales
 .text.imprimir
                0x00013500      0x924 .\CortexM3\ARM_GCC_493\Debug\Print.o
                0x00013500                imprimir
 .text.print_logo
                0x00013e24      0x378 .\CortexM3\ARM_GCC_493\Debug\Print.o
                0x00013e24                print_logo
 .text.set_imagen
                0x0001419c       0x98 .\CortexM3\ARM_GCC_493\Debug\LCD.o
                0x0001419c                set_imagen
 .text.write_LCD
                0x00014234       0xc8 .\CortexM3\ARM_GCC_493\Debug\LCD.o
                0x00014234                write_LCD
 .text.Hora_LCD
                0x000142fc       0xec .\CortexM3\ARM_GCC_493\Debug\LCD.o
                0x000142fc                Hora_LCD
 .text.Fecha_LCD
                0x000143e8       0xfc .\CortexM3\ARM_GCC_493\Debug\LCD.o
                0x000143e8                Fecha_LCD
 .text.write_LCDB
                0x000144e4      0x12c .\CortexM3\ARM_GCC_493\Debug\LCD.o
                0x000144e4                write_LCDB
 .text.touch_present
                0x00014610       0xc0 .\CortexM3\ARM_GCC_493\Debug\ibuton.o
                0x00014610                touch_present
 .text.touch_write
                0x000146d0      0x10c .\CortexM3\ARM_GCC_493\Debug\ibuton.o
                0x000146d0                touch_write
 .text.touch_read_byte
                0x000147dc       0xb4 .\CortexM3\ARM_GCC_493\Debug\ibuton.o
                0x000147dc                touch_read_byte
 .text.crc_check
                0x00014890       0x58 .\CortexM3\ARM_GCC_493\Debug\ibuton.o
                0x00014890                crc_check
 .text.leer_hora
                0x000148e8       0x90 .\CortexM3\ARM_GCC_493\Debug\I2C.o
                0x000148e8                leer_hora
 .text.leer_fecha
                0x00014978       0x90 .\CortexM3\ARM_GCC_493\Debug\I2C.o
                0x00014978                leer_fecha
 .text.write_hora
                0x00014a08       0x78 .\CortexM3\ARM_GCC_493\Debug\I2C.o
                0x00014a08                write_hora
 .text.write_fecha
                0x00014a80       0x7c .\CortexM3\ARM_GCC_493\Debug\I2C.o
                0x00014a80                write_fecha
 .text.write_eeprom
                0x00014afc       0xc4 .\CortexM3\ARM_GCC_493\Debug\I2C.o
                0x00014afc                write_eeprom
 .text.leer_eeprom
                0x00014bc0       0xe4 .\CortexM3\ARM_GCC_493\Debug\I2C.o
                0x00014bc0                leer_eeprom
 .text.write_psoc1
                0x00014ca4       0x74 .\CortexM3\ARM_GCC_493\Debug\I2C.o
                0x00014ca4                write_psoc1
 .text.IntDefaultHandler
                0x00014d18        0x8 .\CortexM3\ARM_GCC_493\Debug\Cm3Start.o
                0x00014d18                IntDefaultHandler
 .text._sbrk    0x00014d20       0x54 .\CortexM3\ARM_GCC_493\Debug\Cm3Start.o
                0x00014d20                _sbrk
 .text.Start_c  0x00014d74       0x98 .\CortexM3\ARM_GCC_493\Debug\Cm3Start.o
                0x00014d74                Start_c
 .text.initialize_psoc
                0x00014e0c       0x8c .\CortexM3\ARM_GCC_493\Debug\Cm3Start.o
                0x00014e0c                initialize_psoc
 .text.CYMEMZERO
                0x00014e98       0x1c .\CortexM3\ARM_GCC_493\Debug\MUX_Prime.a(cyfitter_cfg.o)
 .text.CYCONFIGCPY
                0x00014eb4       0x1c .\CortexM3\ARM_GCC_493\Debug\MUX_Prime.a(cyfitter_cfg.o)
 .text.CyClockStartupError
                0x00014ed0        0xc .\CortexM3\ARM_GCC_493\Debug\MUX_Prime.a(cyfitter_cfg.o)
 .text.cfg_write_bytes32
                0x00014edc       0x74 .\CortexM3\ARM_GCC_493\Debug\MUX_Prime.a(cyfitter_cfg.o)
 .text.ClockSetup
                0x00014f50      0x16c .\CortexM3\ARM_GCC_493\Debug\MUX_Prime.a(cyfitter_cfg.o)
 .text.AnalogSetDefault
                0x000150bc       0x44 .\CortexM3\ARM_GCC_493\Debug\MUX_Prime.a(cyfitter_cfg.o)
 .text.cyfitter_cfg
                0x00015100      0x1a4 .\CortexM3\ARM_GCC_493\Debug\MUX_Prime.a(cyfitter_cfg.o)
                0x00015100                cyfitter_cfg
 *fill*         0x000152a4        0x4 
 .text          0x000152a8       0x20 .\CortexM3\ARM_GCC_493\Debug\MUX_Prime.a(CyBootAsmGnu.o)
                0x000152a8                CyDelayCycles
                0x000152b8                CyEnterCriticalSection
                0x000152c0                CyExitCriticalSection
 .text.CyHalt   0x000152c8       0x18 .\CortexM3\ARM_GCC_493\Debug\MUX_Prime.a(CyLib.o)
                0x000152c8                CyHalt
 .text.CyDelay  0x000152e0       0x44 .\CortexM3\ARM_GCC_493\Debug\MUX_Prime.a(CyLib.o)
                0x000152e0                CyDelay
 .text.CyDelayUs
                0x00015324       0x24 .\CortexM3\ARM_GCC_493\Debug\MUX_Prime.a(CyLib.o)
                0x00015324                CyDelayUs
 .text.CyWdtStart
                0x00015348       0x8c .\CortexM3\ARM_GCC_493\Debug\MUX_Prime.a(CyLib.o)
                0x00015348                CyWdtStart
 .text.CyWdtClear
                0x000153d4       0x18 .\CortexM3\ARM_GCC_493\Debug\MUX_Prime.a(CyLib.o)
                0x000153d4                CyWdtClear
 .text.CyIntSetVector
                0x000153ec       0x50 .\CortexM3\ARM_GCC_493\Debug\MUX_Prime.a(CyLib.o)
                0x000153ec                CyIntSetVector
 .text.CyIntSetPriority
                0x0001543c       0x44 .\CortexM3\ARM_GCC_493\Debug\MUX_Prime.a(CyLib.o)
                0x0001543c                CyIntSetPriority
 .text.Surtidor_Start
                0x00015480       0x20 .\CortexM3\ARM_GCC_493\Debug\MUX_Prime.a(Surtidor.o)
                0x00015480                Surtidor_Start
 .text.Surtidor_Init
                0x000154a0       0x58 .\CortexM3\ARM_GCC_493\Debug\MUX_Prime.a(Surtidor.o)
                0x000154a0                Surtidor_Init
 .text.Surtidor_Enable
                0x000154f8       0x64 .\CortexM3\ARM_GCC_493\Debug\MUX_Prime.a(Surtidor.o)
                0x000154f8                Surtidor_Enable
 .text.Surtidor_ReadRxData
                0x0001555c       0x94 .\CortexM3\ARM_GCC_493\Debug\MUX_Prime.a(Surtidor.o)
                0x0001555c                Surtidor_ReadRxData
 .text.Surtidor_GetRxBufferSize
                0x000155f0       0x94 .\CortexM3\ARM_GCC_493\Debug\MUX_Prime.a(Surtidor.o)
                0x000155f0                Surtidor_GetRxBufferSize
 .text.Surtidor_ClearRxBuffer
                0x00015684       0x7c .\CortexM3\ARM_GCC_493\Debug\MUX_Prime.a(Surtidor.o)
                0x00015684                Surtidor_ClearRxBuffer
 .text.Surtidor_PutChar
                0x00015700       0x34 .\CortexM3\ARM_GCC_493\Debug\MUX_Prime.a(Surtidor.o)
                0x00015700                Surtidor_PutChar
 .text.Surtidor_RXISR
                0x00015734       0xd8 .\CortexM3\ARM_GCC_493\Debug\MUX_Prime.a(Surtidor_INT.o)
                0x00015734                Surtidor_RXISR
 .text.Impresora_Start
                0x0001580c       0x20 .\CortexM3\ARM_GCC_493\Debug\MUX_Prime.a(Impresora.o)
                0x0001580c                Impresora_Start
 .text.Impresora_Init
                0x0001582c       0x40 .\CortexM3\ARM_GCC_493\Debug\MUX_Prime.a(Impresora.o)
                0x0001582c                Impresora_Init
 .text.Impresora_Enable
                0x0001586c       0x5c .\CortexM3\ARM_GCC_493\Debug\MUX_Prime.a(Impresora.o)
                0x0001586c                Impresora_Enable
 .text.PC_Start
                0x000158c8       0x20 .\CortexM3\ARM_GCC_493\Debug\MUX_Prime.a(PC.o)
                0x000158c8                PC_Start
 .text.PC_Init  0x000158e8       0x58 .\CortexM3\ARM_GCC_493\Debug\MUX_Prime.a(PC.o)
                0x000158e8                PC_Init
 .text.PC_Enable
                0x00015940       0x68 .\CortexM3\ARM_GCC_493\Debug\MUX_Prime.a(PC.o)
                0x00015940                PC_Enable
 .text.PC_ReadRxData
                0x000159a8       0x98 .\CortexM3\ARM_GCC_493\Debug\MUX_Prime.a(PC.o)
                0x000159a8                PC_ReadRxData
 .text.PC_GetRxBufferSize
                0x00015a40       0x94 .\CortexM3\ARM_GCC_493\Debug\MUX_Prime.a(PC.o)
                0x00015a40                PC_GetRxBufferSize
 .text.PC_ClearRxBuffer
                0x00015ad4       0x7c .\CortexM3\ARM_GCC_493\Debug\MUX_Prime.a(PC.o)
                0x00015ad4                PC_ClearRxBuffer
 .text.PC_PutChar
                0x00015b50       0x34 .\CortexM3\ARM_GCC_493\Debug\MUX_Prime.a(PC.o)
                0x00015b50                PC_PutChar
 .text.PC_RXISR
                0x00015b84       0xdc .\CortexM3\ARM_GCC_493\Debug\MUX_Prime.a(PC_INT.o)
                0x00015b84                PC_RXISR
 .text.I2C_1_Init
                0x00015c60       0x80 .\CortexM3\ARM_GCC_493\Debug\MUX_Prime.a(I2C_1.o)
                0x00015c60                I2C_1_Init
 .text.I2C_1_Enable
                0x00015ce0       0x44 .\CortexM3\ARM_GCC_493\Debug\MUX_Prime.a(I2C_1.o)
                0x00015ce0                I2C_1_Enable
 .text.I2C_1_Start
                0x00015d24       0x2c .\CortexM3\ARM_GCC_493\Debug\MUX_Prime.a(I2C_1.o)
                0x00015d24                I2C_1_Start
 .text.I2C_1_ISR
                0x00015d50      0x3ac .\CortexM3\ARM_GCC_493\Debug\MUX_Prime.a(I2C_1_INT.o)
                0x00015d50                I2C_1_ISR
 .text.I2C_1_MasterSendStart
                0x000160fc       0xbc .\CortexM3\ARM_GCC_493\Debug\MUX_Prime.a(I2C_1_MASTER.o)
                0x000160fc                I2C_1_MasterSendStart
 .text.I2C_1_MasterSendStop
                0x000161b8       0x58 .\CortexM3\ARM_GCC_493\Debug\MUX_Prime.a(I2C_1_MASTER.o)
                0x000161b8                I2C_1_MasterSendStop
 .text.I2C_1_MasterWriteByte
                0x00016210       0x80 .\CortexM3\ARM_GCC_493\Debug\MUX_Prime.a(I2C_1_MASTER.o)
                0x00016210                I2C_1_MasterWriteByte
 .text.I2C_1_MasterReadByte
                0x00016290       0x7c .\CortexM3\ARM_GCC_493\Debug\MUX_Prime.a(I2C_1_MASTER.o)
                0x00016290                I2C_1_MasterReadByte
 .text.I2C_1_MasterClearStatus
                0x0001630c       0x3c .\CortexM3\ARM_GCC_493\Debug\MUX_Prime.a(I2C_1_MASTER.o)
                0x0001630c                I2C_1_MasterClearStatus
 .text.Pin_WP_Write
                0x00016348       0x3c .\CortexM3\ARM_GCC_493\Debug\MUX_Prime.a(Pin_WP.o)
                0x00016348                Pin_WP_Write
 .text.isr_1_StartEx
                0x00016384       0x24 .\CortexM3\ARM_GCC_493\Debug\MUX_Prime.a(isr_1.o)
                0x00016384                isr_1_StartEx
 .text.isr_1_Stop
                0x000163a8       0x14 .\CortexM3\ARM_GCC_493\Debug\MUX_Prime.a(isr_1.o)
                0x000163a8                isr_1_Stop
 .text.isr_1_SetVector
                0x000163bc       0x24 .\CortexM3\ARM_GCC_493\Debug\MUX_Prime.a(isr_1.o)
                0x000163bc                isr_1_SetVector
 .text.isr_1_SetPriority
                0x000163e0       0x24 .\CortexM3\ARM_GCC_493\Debug\MUX_Prime.a(isr_1.o)
                0x000163e0                isr_1_SetPriority
 .text.isr_1_Enable
                0x00016404       0x18 .\CortexM3\ARM_GCC_493\Debug\MUX_Prime.a(isr_1.o)
                0x00016404                isr_1_Enable
 .text.isr_1_Disable
                0x0001641c       0x18 .\CortexM3\ARM_GCC_493\Debug\MUX_Prime.a(isr_1.o)
                0x0001641c                isr_1_Disable
 .text.Impresora_IntClock_Start
                0x00016434       0x34 .\CortexM3\ARM_GCC_493\Debug\MUX_Prime.a(Impresora_IntClock.o)
                0x00016434                Impresora_IntClock_Start
 .text.PC_IntClock_Start
                0x00016468       0x34 .\CortexM3\ARM_GCC_493\Debug\MUX_Prime.a(PC_IntClock.o)
                0x00016468                PC_IntClock_Start
 .text.LCD_1_Start
                0x0001649c       0x20 .\CortexM3\ARM_GCC_493\Debug\MUX_Prime.a(LCD_1.o)
                0x0001649c                LCD_1_Start
 .text.LCD_1_Init
                0x000164bc       0x58 .\CortexM3\ARM_GCC_493\Debug\MUX_Prime.a(LCD_1.o)
                0x000164bc                LCD_1_Init
 .text.LCD_1_Enable
                0x00016514       0x68 .\CortexM3\ARM_GCC_493\Debug\MUX_Prime.a(LCD_1.o)
                0x00016514                LCD_1_Enable
 .text.LCD_1_GetRxBufferSize
                0x0001657c       0x90 .\CortexM3\ARM_GCC_493\Debug\MUX_Prime.a(LCD_1.o)
                0x0001657c                LCD_1_GetRxBufferSize
 .text.LCD_1_ClearRxBuffer
                0x0001660c       0x7c .\CortexM3\ARM_GCC_493\Debug\MUX_Prime.a(LCD_1.o)
                0x0001660c                LCD_1_ClearRxBuffer
 .text.LCD_1_PutChar
                0x00016688       0x34 .\CortexM3\ARM_GCC_493\Debug\MUX_Prime.a(LCD_1.o)
                0x00016688                LCD_1_PutChar
 .text.LCD_1_RXISR
                0x000166bc       0xd8 .\CortexM3\ARM_GCC_493\Debug\MUX_Prime.a(LCD_1_INT.o)
                0x000166bc                LCD_1_RXISR
 .text.LCD_2_Start
                0x00016794       0x20 .\CortexM3\ARM_GCC_493\Debug\MUX_Prime.a(LCD_2.o)
                0x00016794                LCD_2_Start
 .text.LCD_2_Init
                0x000167b4       0x58 .\CortexM3\ARM_GCC_493\Debug\MUX_Prime.a(LCD_2.o)
                0x000167b4                LCD_2_Init
 .text.LCD_2_Enable
                0x0001680c       0x68 .\CortexM3\ARM_GCC_493\Debug\MUX_Prime.a(LCD_2.o)
                0x0001680c                LCD_2_Enable
 .text.LCD_2_GetRxBufferSize
                0x00016874       0x90 .\CortexM3\ARM_GCC_493\Debug\MUX_Prime.a(LCD_2.o)
                0x00016874                LCD_2_GetRxBufferSize
 .text.LCD_2_ClearRxBuffer
                0x00016904       0x7c .\CortexM3\ARM_GCC_493\Debug\MUX_Prime.a(LCD_2.o)
                0x00016904                LCD_2_ClearRxBuffer
 .text.LCD_2_PutChar
                0x00016980       0x34 .\CortexM3\ARM_GCC_493\Debug\MUX_Prime.a(LCD_2.o)
                0x00016980                LCD_2_PutChar
 .text.LCD_2_RXISR
                0x000169b4       0xd8 .\CortexM3\ARM_GCC_493\Debug\MUX_Prime.a(LCD_2_INT.o)
                0x000169b4                LCD_2_RXISR
 .text.LCD_1_IntClock_Start
                0x00016a8c       0x34 .\CortexM3\ARM_GCC_493\Debug\MUX_Prime.a(LCD_1_IntClock.o)
                0x00016a8c                LCD_1_IntClock_Start
 .text.LCD_2_IntClock_Start
                0x00016ac0       0x34 .\CortexM3\ARM_GCC_493\Debug\MUX_Prime.a(LCD_2_IntClock.o)
                0x00016ac0                LCD_2_IntClock_Start
 .text.IB1_Write
                0x00016af4       0x3c .\CortexM3\ARM_GCC_493\Debug\MUX_Prime.a(IB1.o)
                0x00016af4                IB1_Write
 .text.IB1_Read
                0x00016b30       0x20 .\CortexM3\ARM_GCC_493\Debug\MUX_Prime.a(IB1.o)
                0x00016b30                IB1_Read
 .text.IB2_Write
                0x00016b50       0x34 .\CortexM3\ARM_GCC_493\Debug\MUX_Prime.a(IB2.o)
                0x00016b50                IB2_Write
 .text.IB2_Read
                0x00016b84       0x1c .\CortexM3\ARM_GCC_493\Debug\MUX_Prime.a(IB2.o)
                0x00016b84                IB2_Read
 .text.isr_3_StartEx
                0x00016ba0       0x24 .\CortexM3\ARM_GCC_493\Debug\MUX_Prime.a(isr_3.o)
                0x00016ba0                isr_3_StartEx
 .text.isr_3_Stop
                0x00016bc4       0x14 .\CortexM3\ARM_GCC_493\Debug\MUX_Prime.a(isr_3.o)
                0x00016bc4                isr_3_Stop
 .text.isr_3_SetVector
                0x00016bd8       0x24 .\CortexM3\ARM_GCC_493\Debug\MUX_Prime.a(isr_3.o)
                0x00016bd8                isr_3_SetVector
 .text.isr_3_SetPriority
                0x00016bfc       0x24 .\CortexM3\ARM_GCC_493\Debug\MUX_Prime.a(isr_3.o)
                0x00016bfc                isr_3_SetPriority
 .text.isr_3_Enable
                0x00016c20       0x18 .\CortexM3\ARM_GCC_493\Debug\MUX_Prime.a(isr_3.o)
                0x00016c20                isr_3_Enable
 .text.isr_3_Disable
                0x00016c38       0x18 .\CortexM3\ARM_GCC_493\Debug\MUX_Prime.a(isr_3.o)
                0x00016c38                isr_3_Disable
 .text.Timer_Animacion_Init
                0x00016c50       0x9c .\CortexM3\ARM_GCC_493\Debug\MUX_Prime.a(Timer_Animacion.o)
                0x00016c50                Timer_Animacion_Init
 .text.Timer_Animacion_Enable
                0x00016cec       0x48 .\CortexM3\ARM_GCC_493\Debug\MUX_Prime.a(Timer_Animacion.o)
                0x00016cec                Timer_Animacion_Enable
 .text.Timer_Animacion_Start
                0x00016d34       0x20 .\CortexM3\ARM_GCC_493\Debug\MUX_Prime.a(Timer_Animacion.o)
                0x00016d34                Timer_Animacion_Start
 .text.Timer_Animacion_Stop
                0x00016d54       0x48 .\CortexM3\ARM_GCC_493\Debug\MUX_Prime.a(Timer_Animacion.o)
                0x00016d54                Timer_Animacion_Stop
 .text.Timer_Animacion_SetInterruptMode
                0x00016d9c       0x20 .\CortexM3\ARM_GCC_493\Debug\MUX_Prime.a(Timer_Animacion.o)
                0x00016d9c                Timer_Animacion_SetInterruptMode
 .text.Timer_Animacion_ReadStatusRegister
                0x00016dbc       0x18 .\CortexM3\ARM_GCC_493\Debug\MUX_Prime.a(Timer_Animacion.o)
                0x00016dbc                Timer_Animacion_ReadStatusRegister
 .text.Timer_Animacion_WritePeriod
                0x00016dd4       0x24 .\CortexM3\ARM_GCC_493\Debug\MUX_Prime.a(Timer_Animacion.o)
                0x00016dd4                Timer_Animacion_WritePeriod
 .text.Timer_Animacion_WriteCounter
                0x00016df8       0x20 .\CortexM3\ARM_GCC_493\Debug\MUX_Prime.a(Timer_Animacion.o)
                0x00016df8                Timer_Animacion_WriteCounter
 .text.Timer_Animacion2_Init
                0x00016e18       0x9c .\CortexM3\ARM_GCC_493\Debug\MUX_Prime.a(Timer_Animacion2.o)
                0x00016e18                Timer_Animacion2_Init
 .text.Timer_Animacion2_Enable
                0x00016eb4       0x48 .\CortexM3\ARM_GCC_493\Debug\MUX_Prime.a(Timer_Animacion2.o)
                0x00016eb4                Timer_Animacion2_Enable
 .text.Timer_Animacion2_Start
                0x00016efc       0x20 .\CortexM3\ARM_GCC_493\Debug\MUX_Prime.a(Timer_Animacion2.o)
                0x00016efc                Timer_Animacion2_Start
 .text.Timer_Animacion2_Stop
                0x00016f1c       0x48 .\CortexM3\ARM_GCC_493\Debug\MUX_Prime.a(Timer_Animacion2.o)
                0x00016f1c                Timer_Animacion2_Stop
 .text.Timer_Animacion2_SetInterruptMode
                0x00016f64       0x20 .\CortexM3\ARM_GCC_493\Debug\MUX_Prime.a(Timer_Animacion2.o)
                0x00016f64                Timer_Animacion2_SetInterruptMode
 .text.Timer_Animacion2_ReadStatusRegister
                0x00016f84       0x18 .\CortexM3\ARM_GCC_493\Debug\MUX_Prime.a(Timer_Animacion2.o)
                0x00016f84                Timer_Animacion2_ReadStatusRegister
 .text.Timer_Animacion2_WritePeriod
                0x00016f9c       0x24 .\CortexM3\ARM_GCC_493\Debug\MUX_Prime.a(Timer_Animacion2.o)
                0x00016f9c                Timer_Animacion2_WritePeriod
 .text.Timer_Animacion2_WriteCounter
                0x00016fc0       0x20 .\CortexM3\ARM_GCC_493\Debug\MUX_Prime.a(Timer_Animacion2.o)
                0x00016fc0                Timer_Animacion2_WriteCounter
 .text.isr_4_StartEx
                0x00016fe0       0x24 .\CortexM3\ARM_GCC_493\Debug\MUX_Prime.a(isr_4.o)
                0x00016fe0                isr_4_StartEx
 .text.isr_4_Stop
                0x00017004       0x14 .\CortexM3\ARM_GCC_493\Debug\MUX_Prime.a(isr_4.o)
                0x00017004                isr_4_Stop
 .text.isr_4_SetVector
                0x00017018       0x24 .\CortexM3\ARM_GCC_493\Debug\MUX_Prime.a(isr_4.o)
                0x00017018                isr_4_SetVector
 .text.isr_4_SetPriority
                0x0001703c       0x24 .\CortexM3\ARM_GCC_493\Debug\MUX_Prime.a(isr_4.o)
                0x0001703c                isr_4_SetPriority
 .text.isr_4_Enable
                0x00017060       0x18 .\CortexM3\ARM_GCC_493\Debug\MUX_Prime.a(isr_4.o)
                0x00017060                isr_4_Enable
 .text.isr_4_Disable
                0x00017078       0x18 .\CortexM3\ARM_GCC_493\Debug\MUX_Prime.a(isr_4.o)
                0x00017078                isr_4_Disable
 .text.Timer_Modo_Init
                0x00017090       0x9c .\CortexM3\ARM_GCC_493\Debug\MUX_Prime.a(Timer_Modo.o)
                0x00017090                Timer_Modo_Init
 .text.Timer_Modo_Enable
                0x0001712c       0x48 .\CortexM3\ARM_GCC_493\Debug\MUX_Prime.a(Timer_Modo.o)
                0x0001712c                Timer_Modo_Enable
 .text.Timer_Modo_Start
                0x00017174       0x20 .\CortexM3\ARM_GCC_493\Debug\MUX_Prime.a(Timer_Modo.o)
                0x00017174                Timer_Modo_Start
 .text.Timer_Modo_SetInterruptMode
                0x00017194       0x20 .\CortexM3\ARM_GCC_493\Debug\MUX_Prime.a(Timer_Modo.o)
                0x00017194                Timer_Modo_SetInterruptMode
 .text.Timer_Modo_ReadStatusRegister
                0x000171b4       0x18 .\CortexM3\ARM_GCC_493\Debug\MUX_Prime.a(Timer_Modo.o)
                0x000171b4                Timer_Modo_ReadStatusRegister
 .text.Timer_Modo_WritePeriod
                0x000171cc       0x24 .\CortexM3\ARM_GCC_493\Debug\MUX_Prime.a(Timer_Modo.o)
                0x000171cc                Timer_Modo_WritePeriod
 .text.Timer_Modo_WriteCounter
                0x000171f0       0x20 .\CortexM3\ARM_GCC_493\Debug\MUX_Prime.a(Timer_Modo.o)
                0x000171f0                Timer_Modo_WriteCounter
 .text.isr_5_StartEx
                0x00017210       0x24 .\CortexM3\ARM_GCC_493\Debug\MUX_Prime.a(isr_5.o)
                0x00017210                isr_5_StartEx
 .text.isr_5_SetVector
                0x00017234       0x24 .\CortexM3\ARM_GCC_493\Debug\MUX_Prime.a(isr_5.o)
                0x00017234                isr_5_SetVector
 .text.isr_5_SetPriority
                0x00017258       0x24 .\CortexM3\ARM_GCC_493\Debug\MUX_Prime.a(isr_5.o)
                0x00017258                isr_5_SetPriority
 .text.isr_5_Enable
                0x0001727c       0x18 .\CortexM3\ARM_GCC_493\Debug\MUX_Prime.a(isr_5.o)
                0x0001727c                isr_5_Enable
 .text.isr_5_Disable
                0x00017294       0x18 .\CortexM3\ARM_GCC_493\Debug\MUX_Prime.a(isr_5.o)
                0x00017294                isr_5_Disable
 .text.Timer_RxSurtidor_Init
                0x000172ac       0x9c .\CortexM3\ARM_GCC_493\Debug\MUX_Prime.a(Timer_RxSurtidor.o)
                0x000172ac                Timer_RxSurtidor_Init
 .text.Timer_RxSurtidor_Enable
                0x00017348       0x48 .\CortexM3\ARM_GCC_493\Debug\MUX_Prime.a(Timer_RxSurtidor.o)
                0x00017348                Timer_RxSurtidor_Enable
 .text.Timer_RxSurtidor_Start
                0x00017390       0x20 .\CortexM3\ARM_GCC_493\Debug\MUX_Prime.a(Timer_RxSurtidor.o)
                0x00017390                Timer_RxSurtidor_Start
 .text.Timer_RxSurtidor_Stop
                0x000173b0       0x48 .\CortexM3\ARM_GCC_493\Debug\MUX_Prime.a(Timer_RxSurtidor.o)
                0x000173b0                Timer_RxSurtidor_Stop
 .text.Timer_RxSurtidor_SetInterruptMode
                0x000173f8       0x20 .\CortexM3\ARM_GCC_493\Debug\MUX_Prime.a(Timer_RxSurtidor.o)
                0x000173f8                Timer_RxSurtidor_SetInterruptMode
 .text.Timer_RxSurtidor_ReadStatusRegister
                0x00017418       0x18 .\CortexM3\ARM_GCC_493\Debug\MUX_Prime.a(Timer_RxSurtidor.o)
                0x00017418                Timer_RxSurtidor_ReadStatusRegister
 .text.Timer_RxSurtidor_WritePeriod
                0x00017430       0x24 .\CortexM3\ARM_GCC_493\Debug\MUX_Prime.a(Timer_RxSurtidor.o)
                0x00017430                Timer_RxSurtidor_WritePeriod
 .text.Timer_RxSurtidor_WriteCounter
                0x00017454       0x20 .\CortexM3\ARM_GCC_493\Debug\MUX_Prime.a(Timer_RxSurtidor.o)
                0x00017454                Timer_RxSurtidor_WriteCounter
 .text          0x00017474      0x110 c:/program files (x86)/cypress/psoc creator/3.3/psoc creator/import/gnu/arm/4.9.3/bin/../lib/gcc/arm-none-eabi/4.9.3/armv7-m\libgcc.a(_arm_cmpdf2.o)
                0x00017474                __gtdf2
                0x00017474                __gedf2
                0x0001747c                __ltdf2
                0x0001747c                __ledf2
                0x00017484                __nedf2
                0x00017484                __eqdf2
                0x00017484                __cmpdf2
                0x00017500                __aeabi_cdrcmple
                0x00017510                __aeabi_cdcmpeq
                0x00017510                __aeabi_cdcmple
                0x00017520                __aeabi_dcmpeq
                0x00017534                __aeabi_dcmplt
                0x00017548                __aeabi_dcmple
                0x0001755c                __aeabi_dcmpge
                0x00017570                __aeabi_dcmpgt
 .text.atof     0x00017584        0x6 c:/program files (x86)/cypress/psoc creator/3.3/psoc creator/import/gnu/arm/4.9.3/bin/../lib/gcc/arm-none-eabi/4.9.3/../../../../arm-none-eabi/lib/armv7-m\libg_nano.a(lib_a-atof.o)
                0x00017584                atof
 *fill*         0x0001758a        0x2 
 .text.__errno  0x0001758c        0xc c:/program files (x86)/cypress/psoc creator/3.3/psoc creator/import/gnu/arm/4.9.3/bin/../lib/gcc/arm-none-eabi/4.9.3/../../../../arm-none-eabi/lib/armv7-m\libg_nano.a(lib_a-errno.o)
                0x0001758c                __errno
 .text.__libc_init_array
                0x00017598       0x4c c:/program files (x86)/cypress/psoc creator/3.3/psoc creator/import/gnu/arm/4.9.3/bin/../lib/gcc/arm-none-eabi/4.9.3/../../../../arm-none-eabi/lib/armv7-m\libg_nano.a(lib_a-init.o)
                0x00017598                __libc_init_array
 .text.memcpy   0x000175e4       0x16 c:/program files (x86)/cypress/psoc creator/3.3/psoc creator/import/gnu/arm/4.9.3/bin/../lib/gcc/arm-none-eabi/4.9.3/../../../../arm-none-eabi/lib/armv7-m\libg_nano.a(lib_a-memcpy.o)
                0x000175e4                memcpy
 .text.memset   0x000175fa       0x10 c:/program files (x86)/cypress/psoc creator/3.3/psoc creator/import/gnu/arm/4.9.3/bin/../lib/gcc/arm-none-eabi/4.9.3/../../../../arm-none-eabi/lib/armv7-m\libg_nano.a(lib_a-memset.o)
                0x000175fa                memset
 .text.match    0x0001760a       0x26 c:/program files (x86)/cypress/psoc creator/3.3/psoc creator/import/gnu/arm/4.9.3/bin/../lib/gcc/arm-none-eabi/4.9.3/../../../../arm-none-eabi/lib/armv7-m\libg_nano.a(lib_a-strtod.o)
 .text.sulp     0x00017630       0x42 c:/program files (x86)/cypress/psoc creator/3.3/psoc creator/import/gnu/arm/4.9.3/bin/../lib/gcc/arm-none-eabi/4.9.3/../../../../arm-none-eabi/lib/armv7-m\libg_nano.a(lib_a-strtod.o)
 *fill*         0x00017672        0x6 
 .text._strtod_r
                0x00017678      0xc40 c:/program files (x86)/cypress/psoc creator/3.3/psoc creator/import/gnu/arm/4.9.3/bin/../lib/gcc/arm-none-eabi/4.9.3/../../../../arm-none-eabi/lib/armv7-m\libg_nano.a(lib_a-strtod.o)
                0x00017678                _strtod_r
 .text.strtod   0x000182b8       0x14 c:/program files (x86)/cypress/psoc creator/3.3/psoc creator/import/gnu/arm/4.9.3/bin/../lib/gcc/arm-none-eabi/4.9.3/../../../../arm-none-eabi/lib/armv7-m\libg_nano.a(lib_a-strtod.o)
                0x000182b8                strtod
 .text.rshift   0x000182cc       0x6c c:/program files (x86)/cypress/psoc creator/3.3/psoc creator/import/gnu/arm/4.9.3/bin/../lib/gcc/arm-none-eabi/4.9.3/../../../../arm-none-eabi/lib/armv7-m\libg_nano.a(lib_a-gdtoa-gethex.o)
 .text.__hexdig_fun
                0x00018338       0x2a c:/program files (x86)/cypress/psoc creator/3.3/psoc creator/import/gnu/arm/4.9.3/bin/../lib/gcc/arm-none-eabi/4.9.3/../../../../arm-none-eabi/lib/armv7-m\libg_nano.a(lib_a-gdtoa-gethex.o)
                0x00018338                __hexdig_fun
 .text.__gethex
                0x00018362      0x44a c:/program files (x86)/cypress/psoc creator/3.3/psoc creator/import/gnu/arm/4.9.3/bin/../lib/gcc/arm-none-eabi/4.9.3/../../../../arm-none-eabi/lib/armv7-m\libg_nano.a(lib_a-gdtoa-gethex.o)
                0x00018362                __gethex
 .text.L_shift  0x000187ac       0x24 c:/program files (x86)/cypress/psoc creator/3.3/psoc creator/import/gnu/arm/4.9.3/bin/../lib/gcc/arm-none-eabi/4.9.3/../../../../arm-none-eabi/lib/armv7-m\libg_nano.a(lib_a-gdtoa-hexnan.o)
 .text.__hexnan
                0x000187d0      0x114 c:/program files (x86)/cypress/psoc creator/3.3/psoc creator/import/gnu/arm/4.9.3/bin/../lib/gcc/arm-none-eabi/4.9.3/../../../../arm-none-eabi/lib/armv7-m\libg_nano.a(lib_a-gdtoa-hexnan.o)
                0x000187d0                __hexnan
 .text._localeconv_r
                0x000188e4        0x8 c:/program files (x86)/cypress/psoc creator/3.3/psoc creator/import/gnu/arm/4.9.3/bin/../lib/gcc/arm-none-eabi/4.9.3/../../../../arm-none-eabi/lib/armv7-m\libg_nano.a(lib_a-locale.o)
                0x000188e4                _localeconv_r
 .text._Balloc  0x000188ec       0x6a c:/program files (x86)/cypress/psoc creator/3.3/psoc creator/import/gnu/arm/4.9.3/bin/../lib/gcc/arm-none-eabi/4.9.3/../../../../arm-none-eabi/lib/armv7-m\libg_nano.a(lib_a-mprec.o)
                0x000188ec                _Balloc
 .text._Bfree   0x00018956       0x2e c:/program files (x86)/cypress/psoc creator/3.3/psoc creator/import/gnu/arm/4.9.3/bin/../lib/gcc/arm-none-eabi/4.9.3/../../../../arm-none-eabi/lib/armv7-m\libg_nano.a(lib_a-mprec.o)
                0x00018956                _Bfree
 .text.__multadd
                0x00018984       0x7c c:/program files (x86)/cypress/psoc creator/3.3/psoc creator/import/gnu/arm/4.9.3/bin/../lib/gcc/arm-none-eabi/4.9.3/../../../../arm-none-eabi/lib/armv7-m\libg_nano.a(lib_a-mprec.o)
                0x00018984                __multadd
 .text.__s2b    0x00018a00       0x80 c:/program files (x86)/cypress/psoc creator/3.3/psoc creator/import/gnu/arm/4.9.3/bin/../lib/gcc/arm-none-eabi/4.9.3/../../../../arm-none-eabi/lib/armv7-m\libg_nano.a(lib_a-mprec.o)
                0x00018a00                __s2b
 .text.__hi0bits
                0x00018a80       0x40 c:/program files (x86)/cypress/psoc creator/3.3/psoc creator/import/gnu/arm/4.9.3/bin/../lib/gcc/arm-none-eabi/4.9.3/../../../../arm-none-eabi/lib/armv7-m\libg_nano.a(lib_a-mprec.o)
                0x00018a80                __hi0bits
 .text.__lo0bits
                0x00018ac0       0x5a c:/program files (x86)/cypress/psoc creator/3.3/psoc creator/import/gnu/arm/4.9.3/bin/../lib/gcc/arm-none-eabi/4.9.3/../../../../arm-none-eabi/lib/armv7-m\libg_nano.a(lib_a-mprec.o)
                0x00018ac0                __lo0bits
 .text.__i2b    0x00018b1a       0x12 c:/program files (x86)/cypress/psoc creator/3.3/psoc creator/import/gnu/arm/4.9.3/bin/../lib/gcc/arm-none-eabi/4.9.3/../../../../arm-none-eabi/lib/armv7-m\libg_nano.a(lib_a-mprec.o)
                0x00018b1a                __i2b
 .text.__multiply
                0x00018b2c      0x120 c:/program files (x86)/cypress/psoc creator/3.3/psoc creator/import/gnu/arm/4.9.3/bin/../lib/gcc/arm-none-eabi/4.9.3/../../../../arm-none-eabi/lib/armv7-m\libg_nano.a(lib_a-mprec.o)
                0x00018b2c                __multiply
 .text.__pow5mult
                0x00018c4c       0x9c c:/program files (x86)/cypress/psoc creator/3.3/psoc creator/import/gnu/arm/4.9.3/bin/../lib/gcc/arm-none-eabi/4.9.3/../../../../arm-none-eabi/lib/armv7-m\libg_nano.a(lib_a-mprec.o)
                0x00018c4c                __pow5mult
 .text.__lshift
                0x00018ce8       0xa6 c:/program files (x86)/cypress/psoc creator/3.3/psoc creator/import/gnu/arm/4.9.3/bin/../lib/gcc/arm-none-eabi/4.9.3/../../../../arm-none-eabi/lib/armv7-m\libg_nano.a(lib_a-mprec.o)
                0x00018ce8                __lshift
 .text.__mcmp   0x00018d8e       0x38 c:/program files (x86)/cypress/psoc creator/3.3/psoc creator/import/gnu/arm/4.9.3/bin/../lib/gcc/arm-none-eabi/4.9.3/../../../../arm-none-eabi/lib/armv7-m\libg_nano.a(lib_a-mprec.o)
                0x00018d8e                __mcmp
 .text.__mdiff  0x00018dc6       0xbe c:/program files (x86)/cypress/psoc creator/3.3/psoc creator/import/gnu/arm/4.9.3/bin/../lib/gcc/arm-none-eabi/4.9.3/../../../../arm-none-eabi/lib/armv7-m\libg_nano.a(lib_a-mprec.o)
                0x00018dc6                __mdiff
 .text.__ulp    0x00018e84       0x48 c:/program files (x86)/cypress/psoc creator/3.3/psoc creator/import/gnu/arm/4.9.3/bin/../lib/gcc/arm-none-eabi/4.9.3/../../../../arm-none-eabi/lib/armv7-m\libg_nano.a(lib_a-mprec.o)
                0x00018e84                __ulp
 .text.__b2d    0x00018ecc       0x9e c:/program files (x86)/cypress/psoc creator/3.3/psoc creator/import/gnu/arm/4.9.3/bin/../lib/gcc/arm-none-eabi/4.9.3/../../../../arm-none-eabi/lib/armv7-m\libg_nano.a(lib_a-mprec.o)
                0x00018ecc                __b2d
 .text.__d2b    0x00018f6a       0xa4 c:/program files (x86)/cypress/psoc creator/3.3/psoc creator/import/gnu/arm/4.9.3/bin/../lib/gcc/arm-none-eabi/4.9.3/../../../../arm-none-eabi/lib/armv7-m\libg_nano.a(lib_a-mprec.o)
                0x00018f6a                __d2b
 .text.__ratio  0x0001900e       0x50 c:/program files (x86)/cypress/psoc creator/3.3/psoc creator/import/gnu/arm/4.9.3/bin/../lib/gcc/arm-none-eabi/4.9.3/../../../../arm-none-eabi/lib/armv7-m\libg_nano.a(lib_a-mprec.o)
                0x0001900e                __ratio
 .text.__copybits
                0x0001905e       0x34 c:/program files (x86)/cypress/psoc creator/3.3/psoc creator/import/gnu/arm/4.9.3/bin/../lib/gcc/arm-none-eabi/4.9.3/../../../../arm-none-eabi/lib/armv7-m\libg_nano.a(lib_a-mprec.o)
                0x0001905e                __copybits
 .text.__any_on
                0x00019092       0x44 c:/program files (x86)/cypress/psoc creator/3.3/psoc creator/import/gnu/arm/4.9.3/bin/../lib/gcc/arm-none-eabi/4.9.3/../../../../arm-none-eabi/lib/armv7-m\libg_nano.a(lib_a-mprec.o)
                0x00019092                __any_on
 .text._calloc_r
                0x000190d6       0x1c c:/program files (x86)/cypress/psoc creator/3.3/psoc creator/import/gnu/arm/4.9.3/bin/../lib/gcc/arm-none-eabi/4.9.3/../../../../arm-none-eabi/lib/armv7-m\libg_nano.a(lib_a-nano-callocr.o)
                0x000190d6                _calloc_r
 *fill*         0x000190f2        0x2 
 .text._malloc_r
                0x000190f4       0xac c:/program files (x86)/cypress/psoc creator/3.3/psoc creator/import/gnu/arm/4.9.3/bin/../lib/gcc/arm-none-eabi/4.9.3/../../../../arm-none-eabi/lib/armv7-m\libg_nano.a(lib_a-nano-mallocr.o)
                0x000190f4                _malloc_r
 .text._sbrk_r  0x000191a0       0x20 c:/program files (x86)/cypress/psoc creator/3.3/psoc creator/import/gnu/arm/4.9.3/bin/../lib/gcc/arm-none-eabi/4.9.3/../../../../arm-none-eabi/lib/armv7-m\libg_nano.a(lib_a-sbrkr.o)
                0x000191a0                _sbrk_r
 .text.strlen   0x000191c0       0x10 c:/program files (x86)/cypress/psoc creator/3.3/psoc creator/import/gnu/arm/4.9.3/bin/../lib/gcc/arm-none-eabi/4.9.3/../../../../arm-none-eabi/lib/armv7-m\libg_nano.a(lib_a-strlen.o)
                0x000191c0                strlen
 .text.strncmp  0x000191d0       0x32 c:/program files (x86)/cypress/psoc creator/3.3/psoc creator/import/gnu/arm/4.9.3/bin/../lib/gcc/arm-none-eabi/4.9.3/../../../../arm-none-eabi/lib/armv7-m\libg_nano.a(lib_a-strncmp.o)
                0x000191d0                strncmp
 *fill*         0x00019202        0x2 
 .text.malloc   0x00019204       0x10 c:/program files (x86)/cypress/psoc creator/3.3/psoc creator/import/gnu/arm/4.9.3/bin/../lib/gcc/arm-none-eabi/4.9.3/../../../../arm-none-eabi/lib/armv7-m\libg_nano.a(lib_a-malloc.o)
                0x00019204                malloc
 .text          0x00019214      0x370 c:/program files (x86)/cypress/psoc creator/3.3/psoc creator/import/gnu/arm/4.9.3/bin/../lib/gcc/arm-none-eabi/4.9.3/armv7-m\libgcc.a(_arm_addsubdf3.o)
                0x00019214                __aeabi_drsub
                0x0001921c                __aeabi_dsub
                0x0001921c                __subdf3
                0x00019220                __aeabi_dadd
                0x00019220                __adddf3
                0x00019498                __floatunsidf
                0x00019498                __aeabi_ui2d
                0x000194b8                __floatsidf
                0x000194b8                __aeabi_i2d
                0x000194dc                __aeabi_f2d
                0x000194dc                __extendsfdf2
                0x00019518                __floatundidf
                0x00019518                __aeabi_ul2d
                0x00019528                __floatdidf
                0x00019528                __aeabi_l2d
 .text          0x00019584      0x424 c:/program files (x86)/cypress/psoc creator/3.3/psoc creator/import/gnu/arm/4.9.3/bin/../lib/gcc/arm-none-eabi/4.9.3/armv7-m\libgcc.a(_arm_muldivdf3.o)
                0x00019584                __aeabi_dmul
                0x00019584                __muldf3
                0x000197d8                __divdf3
                0x000197d8                __aeabi_ddiv
 .text          0x000199a8       0x50 c:/program files (x86)/cypress/psoc creator/3.3/psoc creator/import/gnu/arm/4.9.3/bin/../lib/gcc/arm-none-eabi/4.9.3/armv7-m\libgcc.a(_arm_fixdfsi.o)
                0x000199a8                __aeabi_d2iz
                0x000199a8                __fixdfsi
 .text          0x000199f8       0x40 c:/program files (x86)/cypress/psoc creator/3.3/psoc creator/import/gnu/arm/4.9.3/bin/../lib/gcc/arm-none-eabi/4.9.3/armv7-m\libgcc.a(_arm_fixunsdfsi.o)
                0x000199f8                __aeabi_d2uiz
                0x000199f8                __fixunsdfsi
 *(.plt)
 *(.gnu.warning)
 *(.glue_7t)
 .glue_7t       0x00000000        0x0 linker stubs
 *(.glue_7)
 .glue_7        0x00000000        0x0 linker stubs
 *(.vfp11_veneer)
 .vfp11_veneer  0x00000000        0x0 linker stubs
 *(.bootloader)
 *(.ARM.extab* .gnu.linkonce.armextab.*)
 *(.gcc_except_table)

.v4_bx          0x00019a38        0x0
 .v4_bx         0x00000000        0x0 linker stubs

.iplt           0x00019a38        0x0
 .iplt          0x00000000        0x0 c:/program files (x86)/cypress/psoc creator/3.3/psoc creator/import/gnu/arm/4.9.3/bin/../lib/gcc/arm-none-eabi/4.9.3/armv7-m/crtbegin.o

.eh_frame_hdr
 *(.eh_frame_hdr)

.eh_frame       0x00019a38        0x4
 *(.eh_frame)
 .eh_frame      0x00019a38        0x0 c:/program files (x86)/cypress/psoc creator/3.3/psoc creator/import/gnu/arm/4.9.3/bin/../lib/gcc/arm-none-eabi/4.9.3/armv7-m/crtbegin.o
 .eh_frame      0x00019a38        0x0 c:/program files (x86)/cypress/psoc creator/3.3/psoc creator/import/gnu/arm/4.9.3/bin/../lib/gcc/arm-none-eabi/4.9.3/../../../../arm-none-eabi/lib/armv7-m\libg_nano.a(lib_a-strcmp.o)
                                 0x28 (size before relaxing)
 .eh_frame      0x00019a38        0x4 c:/program files (x86)/cypress/psoc creator/3.3/psoc creator/import/gnu/arm/4.9.3/bin/../lib/gcc/arm-none-eabi/4.9.3/armv7-m/crtend.o
                0x00019a3c                PROVIDE (__exidx_start, .)

.ARM.exidx
 *(.ARM.exidx* .gnu.linkonce.armexidx.*)
                0x00019a3c                __exidx_end = .

.rodata         0x00019a40     0x3aa8
 *(.rodata .rodata.* .gnu.linkonce.r.*)
 .rodata        0x00019a40      0x100 .\CortexM3\ARM_GCC_493\Debug\main.o
 .rodata        0x00019b40        0xc .\CortexM3\ARM_GCC_493\Debug\Protocolo.o
 .rodata        0x00019b4c     0x3750 .\CortexM3\ARM_GCC_493\Debug\Print.o
                0x00019b4c                biomax
                0x00019efc                brio
                0x0001a2ac                cencosud
                0x0001a65c                ecospetrol
                0x0001aa0c                esso
                0x0001adbc                exito
                0x0001b16c                gulf
                0x0001b51c                mineroil
                0x0001b8cc                mobil
                0x0001bc7c                petrobras
                0x0001c02c                plus
                0x0001c3dc                terpel
                0x0001c78c                texaco
                0x0001cb3c                zeus
                0x0001ceec                petromil
 .rodata        0x0001d29c       0x48 .\CortexM3\ARM_GCC_493\Debug\LCD.o
 .rodata        0x0001d2e4       0x64 .\CortexM3\ARM_GCC_493\Debug\MUX_Prime.a(cyfitter_cfg.o)
 .rodata.str1.1
                0x0001d348        0x2 c:/program files (x86)/cypress/psoc creator/3.3/psoc creator/import/gnu/arm/4.9.3/bin/../lib/gcc/arm-none-eabi/4.9.3/../../../../arm-none-eabi/lib/armv7-m\libg_nano.a(lib_a-impure.o)
 *fill*         0x0001d34a        0x2 
 .rodata.fpinan.5309
                0x0001d34c       0x14 c:/program files (x86)/cypress/psoc creator/3.3/psoc creator/import/gnu/arm/4.9.3/bin/../lib/gcc/arm-none-eabi/4.9.3/../../../../arm-none-eabi/lib/armv7-m\libg_nano.a(lib_a-strtod.o)
 .rodata.str1.1
                0x0001d360        0xc c:/program files (x86)/cypress/psoc creator/3.3/psoc creator/import/gnu/arm/4.9.3/bin/../lib/gcc/arm-none-eabi/4.9.3/../../../../arm-none-eabi/lib/armv7-m\libg_nano.a(lib_a-strtod.o)
 *fill*         0x0001d36c        0x4 
 .rodata.tinytens
                0x0001d370       0x28 c:/program files (x86)/cypress/psoc creator/3.3/psoc creator/import/gnu/arm/4.9.3/bin/../lib/gcc/arm-none-eabi/4.9.3/../../../../arm-none-eabi/lib/armv7-m\libg_nano.a(lib_a-strtod.o)
 .rodata.fpi.5273
                0x0001d398       0x14 c:/program files (x86)/cypress/psoc creator/3.3/psoc creator/import/gnu/arm/4.9.3/bin/../lib/gcc/arm-none-eabi/4.9.3/../../../../arm-none-eabi/lib/armv7-m\libg_nano.a(lib_a-strtod.o)
 .rodata.str1.1
                0x0001d3ac        0x8 c:/program files (x86)/cypress/psoc creator/3.3/psoc creator/import/gnu/arm/4.9.3/bin/../lib/gcc/arm-none-eabi/4.9.3/../../../../arm-none-eabi/lib/armv7-m\libg_nano.a(lib_a-locale.o)
                                  0xb (size before relaxing)
 *fill*         0x0001d3b4        0x4 
 .rodata.__mprec_tens
                0x0001d3b8       0xc8 c:/program files (x86)/cypress/psoc creator/3.3/psoc creator/import/gnu/arm/4.9.3/bin/../lib/gcc/arm-none-eabi/4.9.3/../../../../arm-none-eabi/lib/armv7-m\libg_nano.a(lib_a-mprec.o)
                0x0001d3b8                __mprec_tens
 .rodata.__mprec_bigtens
                0x0001d480       0x28 c:/program files (x86)/cypress/psoc creator/3.3/psoc creator/import/gnu/arm/4.9.3/bin/../lib/gcc/arm-none-eabi/4.9.3/../../../../arm-none-eabi/lib/armv7-m\libg_nano.a(lib_a-mprec.o)
                0x0001d480                __mprec_bigtens
 .rodata.p05.5308
                0x0001d4a8        0xc c:/program files (x86)/cypress/psoc creator/3.3/psoc creator/import/gnu/arm/4.9.3/bin/../lib/gcc/arm-none-eabi/4.9.3/../../../../arm-none-eabi/lib/armv7-m\libg_nano.a(lib_a-mprec.o)
                0x0001d4b4                . = ALIGN (0x4)
 *(.init)
 .init          0x0001d4b4        0x4 c:/program files (x86)/cypress/psoc creator/3.3/psoc creator/import/gnu/arm/4.9.3/bin/../lib/gcc/arm-none-eabi/4.9.3/armv7-m/crti.o
                0x0001d4b4                _init
 .init          0x0001d4b8        0x8 c:/program files (x86)/cypress/psoc creator/3.3/psoc creator/import/gnu/arm/4.9.3/bin/../lib/gcc/arm-none-eabi/4.9.3/armv7-m/crtn.o
                0x0001d4c0                . = ALIGN (0x4)
                0x0001d4c0                __preinit_array_start = .
 *(.preinit_array)
                0x0001d4c0                __preinit_array_end = .
                0x0001d4c0                . = ALIGN (0x4)
                0x0001d4c0                __init_array_start = .
 *(SORT(.init_array.*))
 *(.init_array)
 .init_array    0x0001d4c0        0x4 c:/program files (x86)/cypress/psoc creator/3.3/psoc creator/import/gnu/arm/4.9.3/bin/../lib/gcc/arm-none-eabi/4.9.3/armv7-m/crtbegin.o
 .init_array    0x0001d4c4        0x4 .\CortexM3\ARM_GCC_493\Debug\Cm3Start.o
                0x0001d4c8                __init_array_end = .
                0x0001d4c8                . = ALIGN (0x4)
 *(.fini)
 .fini          0x0001d4c8        0x4 c:/program files (x86)/cypress/psoc creator/3.3/psoc creator/import/gnu/arm/4.9.3/bin/../lib/gcc/arm-none-eabi/4.9.3/armv7-m/crti.o
                0x0001d4c8                _fini
 .fini          0x0001d4cc        0x8 c:/program files (x86)/cypress/psoc creator/3.3/psoc creator/import/gnu/arm/4.9.3/bin/../lib/gcc/arm-none-eabi/4.9.3/armv7-m/crtn.o
                0x0001d4d4                . = ALIGN (0x4)
                0x0001d4d4                __fini_array_start = .
 *(.fini_array)
 .fini_array    0x0001d4d4        0x4 c:/program files (x86)/cypress/psoc creator/3.3/psoc creator/import/gnu/arm/4.9.3/bin/../lib/gcc/arm-none-eabi/4.9.3/armv7-m/crtbegin.o
 *(SORT(.fini_array.*))
                0x0001d4d8                __fini_array_end = .
                0x0001d4d8                . = ALIGN (0x4)
 *crtbegin.o(.ctors)
 *(EXCLUDE_FILE(*crtend.o) .ctors)
 *(SORT(.ctors.*))
 *crtend.o(.ctors)
                0x0001d4d8                . = ALIGN (0x4)
 *crtbegin.o(.dtors)
 *(EXCLUDE_FILE(*crtend.o) .dtors)
 *(SORT(.dtors.*))
 *crtend.o(.dtors)
                0x0001d4d8                . = ALIGN (0x4)
                0x0001d4d8                __cy_regions = .
                0x0001d4d8        0x4 LONG 0x1d4e8 __cy_region_init_ram
                0x0001d4dc        0x4 LONG 0x1fff8108 __cy_region_start_data
                0x0001d4e0        0x4 LONG 0x270 __cy_region_init_size_ram
                0x0001d4e4        0x4 LONG 0xd10 __cy_region_zero_size_ram
                0x0001d4e8                __cy_regions_end = .
                0x0001d4e8                . = ALIGN (0x8)
                0x0001d4e8                _etext = .

.ramvectors     0x1fff8000      0x100
                0x1fff8000                __cy_region_start_ram = .
 *(.ramvectors)
 .ramvectors    0x1fff8000      0x100 .\CortexM3\ARM_GCC_493\Debug\Cm3Start.o
                0x1fff8000                CyRamVectors

.noinit         0x1fff8100        0x5
 *(.noinit)
 .noinit        0x1fff8100        0x4 .\CortexM3\ARM_GCC_493\Debug\Cm3Start.o
 .noinit        0x1fff8104        0x1 .\CortexM3\ARM_GCC_493\Debug\MUX_Prime.a(CyLib.o)
                0x1fff8104                CyResetStatus

.data           0x1fff8108      0x270 load address 0x0001d4e8
                0x1fff8108                __cy_region_start_data = .
 *(.jcr)
 .jcr           0x1fff8108        0x0 c:/program files (x86)/cypress/psoc creator/3.3/psoc creator/import/gnu/arm/4.9.3/bin/../lib/gcc/arm-none-eabi/4.9.3/armv7-m/crtbegin.o
 .jcr           0x1fff8108        0x4 c:/program files (x86)/cypress/psoc creator/3.3/psoc creator/import/gnu/arm/4.9.3/bin/../lib/gcc/arm-none-eabi/4.9.3/armv7-m/crtend.o
 *(.got.plt)
 *(.got)
 *(.shdata)
 *(.data .data.* .gnu.linkonce.d.*)
 .data          0x1fff810c       0x64 .\CortexM3\ARM_GCC_493\Debug\main.o
                0x1fff810c                letras
                0x1fff8128                clave_config
                0x1fff8130                test
                0x1fff8144                msn_errort
                0x1fff815c                msn_errorv
 .data          0x1fff8170      0x158 .\CortexM3\ARM_GCC_493\Debug\Print.o
                0x1fff8170                msn_eds
                0x1fff8184                msn_nit
                0x1fff8188                msn_tel
                0x1fff818c                msn_fecha
                0x1fff8194                msn_hora
                0x1fff819c                msn_pos
                0x1fff81a8                msn_ppu
                0x1fff81b8                msn_vol
                0x1fff81c8                msn_din
                0x1fff81d8                msn_placa
                0x1fff81e4                msn_cuenta
                0x1fff81f0                msn_km
                0x1fff81fc                msn_id
                0x1fff8208                msn_copia
                0x1fff8210                msn_corriente
                0x1fff821c                msn_diesel
                0x1fff8224                msn_extra
                0x1fff822c                msn_producto
                0x1fff8238                msn_fcorte
                0x1fff8248                msn_hcorte
                0x1fff8258                msn_ufcorte
                0x1fff8270                msn_uhcorte
                0x1fff8288                msn_lema1
                0x1fff82a8                msn_lema2
 .data          0x1fff82c8        0x4 .\CortexM3\ARM_GCC_493\Debug\Cm3Start.o
 .data          0x1fff82cc       0x10 .\CortexM3\ARM_GCC_493\Debug\MUX_Prime.a(CyLib.o)
                0x1fff82cc                cydelay_freq_hz
                0x1fff82d0                cydelay_freq_khz
                0x1fff82d4                cydelay_freq_mhz
                0x1fff82d8                cydelay_32k_ms
 .data.impure_data
                0x1fff82dc       0x60 c:/program files (x86)/cypress/psoc creator/3.3/psoc creator/import/gnu/arm/4.9.3/bin/../lib/gcc/arm-none-eabi/4.9.3/../../../../arm-none-eabi/lib/armv7-m\libg_nano.a(lib_a-impure.o)
 .data._impure_ptr
                0x1fff833c        0x4 c:/program files (x86)/cypress/psoc creator/3.3/psoc creator/import/gnu/arm/4.9.3/bin/../lib/gcc/arm-none-eabi/4.9.3/../../../../arm-none-eabi/lib/armv7-m\libg_nano.a(lib_a-impure.o)
                0x1fff833c                _impure_ptr
 .data.lconv    0x1fff8340       0x38 c:/program files (x86)/cypress/psoc creator/3.3/psoc creator/import/gnu/arm/4.9.3/bin/../lib/gcc/arm-none-eabi/4.9.3/../../../../arm-none-eabi/lib/armv7-m\libg_nano.a(lib_a-locale.o)
                0x1fff8378                . = ALIGN (0x8)
 *(.ram)
                0x1fff8378                _edata = .

.igot.plt       0x1fff8378        0x0 load address 0x0001d758
 .igot.plt      0x00000000        0x0 c:/program files (x86)/cypress/psoc creator/3.3/psoc creator/import/gnu/arm/4.9.3/bin/../lib/gcc/arm-none-eabi/4.9.3/armv7-m/crtbegin.o

.bss            0x1fff8378      0xd10 load address 0x0001d758
                0x1fff8378                PROVIDE (__bss_start__, .)
 *(.shbss)
 *(.bss .bss.* .gnu.linkonce.b.*)
 .bss           0x1fff8378       0x1c c:/program files (x86)/cypress/psoc creator/3.3/psoc creator/import/gnu/arm/4.9.3/bin/../lib/gcc/arm-none-eabi/4.9.3/armv7-m/crtbegin.o
 .bss           0x1fff8394        0xa .\CortexM3\ARM_GCC_493\Debug\MUX_Prime.a(Surtidor.o)
                0x1fff8394                Surtidor_initVar
                0x1fff8395                Surtidor_errorStatus
                0x1fff8396                Surtidor_rxBufferRead
                0x1fff8398                Surtidor_rxBufferWrite
                0x1fff839a                Surtidor_rxBufferLoopDetect
                0x1fff839b                Surtidor_rxBufferOverflow
 .bss           0x1fff839e        0x2 .\CortexM3\ARM_GCC_493\Debug\MUX_Prime.a(Impresora.o)
                0x1fff839e                Impresora_initVar
 .bss           0x1fff83a0        0xa .\CortexM3\ARM_GCC_493\Debug\MUX_Prime.a(PC.o)
                0x1fff83a0                PC_initVar
                0x1fff83a1                PC_errorStatus
                0x1fff83a2                PC_rxBufferRead
                0x1fff83a4                PC_rxBufferWrite
                0x1fff83a6                PC_rxBufferLoopDetect
                0x1fff83a7                PC_rxBufferOverflow
 .bss           0x1fff83aa        0x1 .\CortexM3\ARM_GCC_493\Debug\MUX_Prime.a(I2C_1.o)
                0x1fff83aa                I2C_1_initVar
 .bss           0x1fff83ab        0x7 .\CortexM3\ARM_GCC_493\Debug\MUX_Prime.a(LCD_1.o)
                0x1fff83ab                LCD_1_initVar
                0x1fff83ac                LCD_1_errorStatus
                0x1fff83ad                LCD_1_rxBufferRead
                0x1fff83ae                LCD_1_rxBufferWrite
                0x1fff83af                LCD_1_rxBufferLoopDetect
                0x1fff83b0                LCD_1_rxBufferOverflow
 .bss           0x1fff83b2        0x7 .\CortexM3\ARM_GCC_493\Debug\MUX_Prime.a(LCD_2.o)
                0x1fff83b2                LCD_2_initVar
                0x1fff83b3                LCD_2_errorStatus
                0x1fff83b4                LCD_2_rxBufferRead
                0x1fff83b5                LCD_2_rxBufferWrite
                0x1fff83b6                LCD_2_rxBufferLoopDetect
                0x1fff83b7                LCD_2_rxBufferOverflow
 .bss           0x1fff83b9        0x1 .\CortexM3\ARM_GCC_493\Debug\MUX_Prime.a(Timer_Animacion.o)
                0x1fff83b9                Timer_Animacion_initVar
 .bss           0x1fff83ba        0x1 .\CortexM3\ARM_GCC_493\Debug\MUX_Prime.a(Timer_Animacion2.o)
                0x1fff83ba                Timer_Animacion2_initVar
 .bss           0x1fff83bb        0x1 .\CortexM3\ARM_GCC_493\Debug\MUX_Prime.a(Timer_Modo.o)
                0x1fff83bb                Timer_Modo_initVar
 .bss           0x1fff83bc        0x1 .\CortexM3\ARM_GCC_493\Debug\MUX_Prime.a(Timer_RxSurtidor.o)
                0x1fff83bc                Timer_RxSurtidor_initVar
 *fill*         0x1fff83bd        0x3 
 .bss.__malloc_sbrk_start
                0x1fff83c0        0x4 c:/program files (x86)/cypress/psoc creator/3.3/psoc creator/import/gnu/arm/4.9.3/bin/../lib/gcc/arm-none-eabi/4.9.3/../../../../arm-none-eabi/lib/armv7-m\libg_nano.a(lib_a-nano-mallocr.o)
                0x1fff83c0                __malloc_sbrk_start
 .bss.__malloc_free_list
                0x1fff83c4        0x4 c:/program files (x86)/cypress/psoc creator/3.3/psoc creator/import/gnu/arm/4.9.3/bin/../lib/gcc/arm-none-eabi/4.9.3/../../../../arm-none-eabi/lib/armv7-m\libg_nano.a(lib_a-nano-mallocr.o)
                0x1fff83c4                __malloc_free_list
 *(COMMON)
 COMMON         0x1fff83c8      0x5b0 .\CortexM3\ARM_GCC_493\Debug\main.o
                0x1fff83c8                lado4
                0x1fff8428                rventa4
                0x1fff8489                comas1
                0x1fff848c                lado2
                0x1fff84e9                id_coma1
                0x1fff84ec                km
                0x1fff84ee                flujo_LCD3
                0x1fff84ef                count_protector2
                0x1fff84f0                hora
                0x1fff84f4                nit
                0x1fff8503                id_teclado1
                0x1fff8504                version
                0x1fff8508                posy1
                0x1fff850c                direccion
                0x1fff852e                imagen_grado2
                0x1fff8530                lema2
                0x1fff8550                crc_total
                0x1fff8551                id_teclado2
                0x1fff8552                ok_datosRF
                0x1fff8553                id_coma2
                0x1fff8554                idaux
                0x1fff855c                sizeletra1
                0x1fff855e                flujo_LCD2
                0x1fff8560                sizeletra2
                0x1fff8562                estado_lcd2
                0x1fff8563                teclas1
                0x1fff8564                comas2
                0x1fff8565                ok_RF
                0x1fff8568                buffer_i2c
                0x1fff85a8                nombre_pro2
                0x1fff85b9                flujo_LCD4
                0x1fff85bc                rf_mod
                0x1fff8684                count_protector
                0x1fff8688                rventa3
                0x1fff86ec                id_logo
                0x1fff86ee                ppux10
                0x1fff86ef                estado_lcd1
                0x1fff86f0                lado3
                0x1fff874d                count_teclas1
                0x1fff874e                posy2
                0x1fff8750                state_rf
                0x1fff8754                nombre_pro1
                0x1fff8766                imagen_grado1
                0x1fff8768                flujo_LCD1
                0x1fff876c                rventa2
                0x1fff87d0                telefono
                0x1fff87e4                print1
                0x1fff87e6                posx2
                0x1fff87e8                nombre_pro3
                0x1fff87fc                password_lcd
                0x1fff8808                fecha
                0x1fff880c                imagen_grado3
                0x1fff8810                nombre
                0x1fff8834                Buffer_LCD1
                0x1fff8852                teclas2
                0x1fff8853                espera
                0x1fff8854                print2
                0x1fff8858                lado1
                0x1fff88b6                posx1
                0x1fff88b8                estado_pos
                0x1fff88bc                count_teclas2
                0x1fff88c0                lema1
                0x1fff88e0                rventa1
                0x1fff8942                imagen_grado4
                0x1fff8944                bloqueo_LCD
                0x1fff8948                Buffer_LCD2
                0x1fff8968                prox_caso
 COMMON         0x1fff8978        0x1 .\CortexM3\ARM_GCC_493\Debug\Protocolo.o
                0x1fff8978                rx_timeout
 *fill*         0x1fff8979        0x3 
 COMMON         0x1fff897c      0x100 .\CortexM3\ARM_GCC_493\Debug\MUX_Prime.a(Surtidor.o)
                0x1fff897c                Surtidor_rxBuffer
 COMMON         0x1fff8a7c      0x5dc .\CortexM3\ARM_GCC_493\Debug\MUX_Prime.a(PC.o)
                0x1fff8a7c                PC_rxBuffer
 COMMON         0x1fff9058        0x1 .\CortexM3\ARM_GCC_493\Debug\MUX_Prime.a(I2C_1.o)
                0x1fff9058                I2C_1_state
 *fill*         0x1fff9059        0x3 
 COMMON         0x1fff905c       0x11 .\CortexM3\ARM_GCC_493\Debug\MUX_Prime.a(I2C_1_MASTER.o)
                0x1fff905c                I2C_1_mstrWrBufIndex
                0x1fff905d                I2C_1_mstrControl
                0x1fff905e                I2C_1_mstrStatus
                0x1fff905f                I2C_1_mstrWrBufSize
                0x1fff9060                I2C_1_mstrRdBufIndex
                0x1fff9064                I2C_1_mstrWrBufPtr
                0x1fff9068                I2C_1_mstrRdBufPtr
                0x1fff906c                I2C_1_mstrRdBufSize
 *fill*         0x1fff906d        0x3 
 COMMON         0x1fff9070        0x8 .\CortexM3\ARM_GCC_493\Debug\MUX_Prime.a(LCD_1.o)
                0x1fff9070                LCD_1_rxBuffer
 COMMON         0x1fff9078        0x8 .\CortexM3\ARM_GCC_493\Debug\MUX_Prime.a(LCD_2.o)
                0x1fff9078                LCD_2_rxBuffer
 COMMON         0x1fff9080        0x4 c:/program files (x86)/cypress/psoc creator/3.3/psoc creator/import/gnu/arm/4.9.3/bin/../lib/gcc/arm-none-eabi/4.9.3/../../../../arm-none-eabi/lib/armv7-m\libg_nano.a(lib_a-reent.o)
                0x1fff9080                errno
                0x1fff9088                . = ALIGN (0x8)
 *fill*         0x1fff9084        0x4 
 *(.ram.b)
                0x1fff9088                _end = .
                0x1fff9088                __end = .
                0x1fff9088                PROVIDE (end, .)
                0x1fff9088                PROVIDE (__bss_end__, .)
                0x0001d4e8                __cy_region_init_ram = LOADADDR (.data)
                0x00000270                __cy_region_init_size_ram = (_edata - ADDR (.data))
                0x00000d10                __cy_region_zero_size_ram = (_end - _edata)

.heap           0x1fff9088     0x1000 load address 0x0001d758
                0x1fff9088                . = _end
                0x1fffa088                . = (. + 0x1000)
 *fill*         0x1fff9088     0x1000 
                0x1fffa088                __cy_heap_limit = .

.stack          0x20004000     0x4000
                0x20004000                __cy_stack_limit = .
                0x20008000                . = (. + 0x4000)
 *fill*         0x20004000     0x4000 
                0x00000001                ASSERT ((__cy_stack_limit >= __cy_heap_limit), region RAM overflowed with stack)

.cyloadermeta
 *(.cyloadermeta)

.cyloadablemeta
 *(.cyloadablemeta)

.cyconfigecc    0x80000000     0x10ac
 *(.cyconfigecc)
 .cyconfigecc   0x80000000     0x10ac .\CortexM3\ARM_GCC_493\Debug\cymetadata.o
                0x80000000                cy_meta_configecc

.cycustnvl      0x90000000        0x4
 *(.cycustnvl)
 .cycustnvl     0x90000000        0x4 .\CortexM3\ARM_GCC_493\Debug\cymetadata.o
                0x90000000                cy_meta_custnvl

.cywolatch      0x90100000        0x4
 *(.cywolatch)
 .cywolatch     0x90100000        0x4 .\CortexM3\ARM_GCC_493\Debug\cymetadata.o
                0x90100000                cy_meta_wonvl

.cyeeprom       0x90200000        0x0
 *(.cyeeprom)
                0x00000001                ASSERT ((. <= ((0x90200000 + ee_offset) + ee_size)), .cyeeprom data will not fit in EEPROM)

.cyflashprotect
                0x90400000      0x100
 *(.cyflashprotect)
 .cyflashprotect
                0x90400000      0x100 .\CortexM3\ARM_GCC_493\Debug\cymetadata.o
                0x90400000                cy_meta_flashprotect

.cymeta         0x90500000        0xc
 *(.cymeta)
 .cymeta        0x90500000        0xc .\CortexM3\ARM_GCC_493\Debug\cymetadata.o
                0x90500000                cy_metadata

.rel.dyn        0x0001d758        0x0 load address 0x9050000c
 .rel.iplt      0x00000000        0x0 c:/program files (x86)/cypress/psoc creator/3.3/psoc creator/import/gnu/arm/4.9.3/bin/../lib/gcc/arm-none-eabi/4.9.3/armv7-m/crtbegin.o

.stab
 *(.stab)

.stabstr
 *(.stabstr)

.debug
 *(.debug)

.line
 *(.line)

.debug_srcinfo
 *(.debug_srcinfo)

.debug_sfnames
 *(.debug_sfnames)

.debug_aranges  0x00000000     0x13c8
 *(.debug_aranges)
 .debug_aranges
                0x00000000       0xa0 .\CortexM3\ARM_GCC_493\Debug\main.o
 .debug_aranges
                0x000000a0       0x68 .\CortexM3\ARM_GCC_493\Debug\Protocolo.o
 .debug_aranges
                0x00000108       0x28 .\CortexM3\ARM_GCC_493\Debug\Print.o
 .debug_aranges
                0x00000130       0x40 .\CortexM3\ARM_GCC_493\Debug\LCD.o
 .debug_aranges
                0x00000170       0x38 .\CortexM3\ARM_GCC_493\Debug\ibuton.o
 .debug_aranges
                0x000001a8       0x50 .\CortexM3\ARM_GCC_493\Debug\I2C.o
 .debug_aranges
                0x000001f8       0x48 .\CortexM3\ARM_GCC_493\Debug\Cm3Start.o
 .debug_aranges
                0x00000240       0x18 .\CortexM3\ARM_GCC_493\Debug\cymetadata.o
 .debug_aranges
                0x00000258       0x60 .\CortexM3\ARM_GCC_493\Debug\MUX_Prime.a(cyfitter_cfg.o)
 .debug_aranges
                0x000002b8       0x20 .\CortexM3\ARM_GCC_493\Debug\MUX_Prime.a(CyBootAsmGnu.o)
 .debug_aranges
                0x000002d8      0x298 .\CortexM3\ARM_GCC_493\Debug\MUX_Prime.a(CyLib.o)
 .debug_aranges
                0x00000570       0x98 .\CortexM3\ARM_GCC_493\Debug\MUX_Prime.a(cyPm.o)
 .debug_aranges
                0x00000608       0xf0 .\CortexM3\ARM_GCC_493\Debug\MUX_Prime.a(Surtidor.o)
 .debug_aranges
                0x000006f8       0x20 .\CortexM3\ARM_GCC_493\Debug\MUX_Prime.a(Surtidor_INT.o)
 .debug_aranges
                0x00000718       0xf0 .\CortexM3\ARM_GCC_493\Debug\MUX_Prime.a(Impresora.o)
 .debug_aranges
                0x00000808       0xf0 .\CortexM3\ARM_GCC_493\Debug\MUX_Prime.a(PC.o)
 .debug_aranges
                0x000008f8       0x20 .\CortexM3\ARM_GCC_493\Debug\MUX_Prime.a(PC_INT.o)
 .debug_aranges
                0x00000918       0x38 .\CortexM3\ARM_GCC_493\Debug\MUX_Prime.a(I2C_1.o)
 .debug_aranges
                0x00000950       0x20 .\CortexM3\ARM_GCC_493\Debug\MUX_Prime.a(I2C_1_INT.o)
 .debug_aranges
                0x00000970       0x38 .\CortexM3\ARM_GCC_493\Debug\MUX_Prime.a(I2C_1_PM.o)
 .debug_aranges
                0x000009a8       0x80 .\CortexM3\ARM_GCC_493\Debug\MUX_Prime.a(I2C_1_MASTER.o)
 .debug_aranges
                0x00000a28       0x38 .\CortexM3\ARM_GCC_493\Debug\MUX_Prime.a(Pin_WP.o)
 .debug_aranges
                0x00000a60       0x80 .\CortexM3\ARM_GCC_493\Debug\MUX_Prime.a(isr_1.o)
 .debug_aranges
                0x00000ae0       0x70 .\CortexM3\ARM_GCC_493\Debug\MUX_Prime.a(Impresora_IntClock.o)
 .debug_aranges
                0x00000b50       0x70 .\CortexM3\ARM_GCC_493\Debug\MUX_Prime.a(PC_IntClock.o)
 .debug_aranges
                0x00000bc0       0xf0 .\CortexM3\ARM_GCC_493\Debug\MUX_Prime.a(LCD_1.o)
 .debug_aranges
                0x00000cb0       0x20 .\CortexM3\ARM_GCC_493\Debug\MUX_Prime.a(LCD_1_INT.o)
 .debug_aranges
                0x00000cd0       0xf0 .\CortexM3\ARM_GCC_493\Debug\MUX_Prime.a(LCD_2.o)
 .debug_aranges
                0x00000dc0       0x20 .\CortexM3\ARM_GCC_493\Debug\MUX_Prime.a(LCD_2_INT.o)
 .debug_aranges
                0x00000de0       0x70 .\CortexM3\ARM_GCC_493\Debug\MUX_Prime.a(LCD_1_IntClock.o)
 .debug_aranges
                0x00000e50       0x70 .\CortexM3\ARM_GCC_493\Debug\MUX_Prime.a(LCD_2_IntClock.o)
 .debug_aranges
                0x00000ec0       0x38 .\CortexM3\ARM_GCC_493\Debug\MUX_Prime.a(IB1.o)
 .debug_aranges
                0x00000ef8       0x38 .\CortexM3\ARM_GCC_493\Debug\MUX_Prime.a(IB2.o)
 .debug_aranges
                0x00000f30       0x80 .\CortexM3\ARM_GCC_493\Debug\MUX_Prime.a(isr_3.o)
 .debug_aranges
                0x00000fb0       0x88 .\CortexM3\ARM_GCC_493\Debug\MUX_Prime.a(Timer_Animacion.o)
 .debug_aranges
                0x00001038       0x88 .\CortexM3\ARM_GCC_493\Debug\MUX_Prime.a(Timer_Animacion2.o)
 .debug_aranges
                0x000010c0       0x80 .\CortexM3\ARM_GCC_493\Debug\MUX_Prime.a(isr_4.o)
 .debug_aranges
                0x00001140       0x88 .\CortexM3\ARM_GCC_493\Debug\MUX_Prime.a(Timer_Modo.o)
 .debug_aranges
                0x000011c8       0x80 .\CortexM3\ARM_GCC_493\Debug\MUX_Prime.a(isr_5.o)
 .debug_aranges
                0x00001248       0x88 .\CortexM3\ARM_GCC_493\Debug\MUX_Prime.a(Timer_RxSurtidor.o)
 .debug_aranges
                0x000012d0       0x80 .\CortexM3\ARM_GCC_493\Debug\MUX_Prime.a(CyFlash.o)
 .debug_aranges
                0x00001350       0x78 .\CortexM3\ARM_GCC_493\Debug\MUX_Prime.a(CySpc.o)

.debug_pubnames
 *(.debug_pubnames)

.debug_info     0x00000000     0xae7f
 *(.debug_info .gnu.linkonce.wi.*)
 .debug_info    0x00000000      0xd5a .\CortexM3\ARM_GCC_493\Debug\main.o
 .debug_info    0x00000d5a      0xb53 .\CortexM3\ARM_GCC_493\Debug\Protocolo.o
 .debug_info    0x000018ad      0xc0c .\CortexM3\ARM_GCC_493\Debug\Print.o
 .debug_info    0x000024b9      0x982 .\CortexM3\ARM_GCC_493\Debug\LCD.o
 .debug_info    0x00002e3b      0x8bf .\CortexM3\ARM_GCC_493\Debug\ibuton.o
 .debug_info    0x000036fa      0x9eb .\CortexM3\ARM_GCC_493\Debug\I2C.o
 .debug_info    0x000040e5      0x317 .\CortexM3\ARM_GCC_493\Debug\Cm3Start.o
 .debug_info    0x000043fc      0x13e .\CortexM3\ARM_GCC_493\Debug\cymetadata.o
 .debug_info    0x0000453a      0x448 .\CortexM3\ARM_GCC_493\Debug\MUX_Prime.a(cyfitter_cfg.o)
 .debug_info    0x00004982       0x8b .\CortexM3\ARM_GCC_493\Debug\MUX_Prime.a(CyBootAsmGnu.o)
 .debug_info    0x00004a0d      0xe31 .\CortexM3\ARM_GCC_493\Debug\MUX_Prime.a(CyLib.o)
 .debug_info    0x0000583e      0x55f .\CortexM3\ARM_GCC_493\Debug\MUX_Prime.a(cyPm.o)
 .debug_info    0x00005d9d      0x5ec .\CortexM3\ARM_GCC_493\Debug\MUX_Prime.a(Surtidor.o)
 .debug_info    0x00006389      0x151 .\CortexM3\ARM_GCC_493\Debug\MUX_Prime.a(Surtidor_INT.o)
 .debug_info    0x000064da      0x500 .\CortexM3\ARM_GCC_493\Debug\MUX_Prime.a(Impresora.o)
 .debug_info    0x000069da      0x5ed .\CortexM3\ARM_GCC_493\Debug\MUX_Prime.a(PC.o)
 .debug_info    0x00006fc7      0x152 .\CortexM3\ARM_GCC_493\Debug\MUX_Prime.a(PC_INT.o)
 .debug_info    0x00007119      0x1f7 .\CortexM3\ARM_GCC_493\Debug\MUX_Prime.a(I2C_1.o)
 .debug_info    0x00007310      0x14d .\CortexM3\ARM_GCC_493\Debug\MUX_Prime.a(I2C_1_INT.o)
 .debug_info    0x0000745d      0x190 .\CortexM3\ARM_GCC_493\Debug\MUX_Prime.a(I2C_1_PM.o)
 .debug_info    0x000075ed      0x3ef .\CortexM3\ARM_GCC_493\Debug\MUX_Prime.a(I2C_1_MASTER.o)
 .debug_info    0x000079dc      0x11d .\CortexM3\ARM_GCC_493\Debug\MUX_Prime.a(Pin_WP.o)
 .debug_info    0x00007af9      0x238 .\CortexM3\ARM_GCC_493\Debug\MUX_Prime.a(isr_1.o)
 .debug_info    0x00007d31      0x25b .\CortexM3\ARM_GCC_493\Debug\MUX_Prime.a(Impresora_IntClock.o)
 .debug_info    0x00007f8c      0x25b .\CortexM3\ARM_GCC_493\Debug\MUX_Prime.a(PC_IntClock.o)
 .debug_info    0x000081e7      0x5e7 .\CortexM3\ARM_GCC_493\Debug\MUX_Prime.a(LCD_1.o)
 .debug_info    0x000087ce      0x141 .\CortexM3\ARM_GCC_493\Debug\MUX_Prime.a(LCD_1_INT.o)
 .debug_info    0x0000890f      0x5e7 .\CortexM3\ARM_GCC_493\Debug\MUX_Prime.a(LCD_2.o)
 .debug_info    0x00008ef6      0x141 .\CortexM3\ARM_GCC_493\Debug\MUX_Prime.a(LCD_2_INT.o)
 .debug_info    0x00009037      0x25b .\CortexM3\ARM_GCC_493\Debug\MUX_Prime.a(LCD_1_IntClock.o)
 .debug_info    0x00009292      0x25b .\CortexM3\ARM_GCC_493\Debug\MUX_Prime.a(LCD_2_IntClock.o)
 .debug_info    0x000094ed      0x11d .\CortexM3\ARM_GCC_493\Debug\MUX_Prime.a(IB1.o)
 .debug_info    0x0000960a      0x11d .\CortexM3\ARM_GCC_493\Debug\MUX_Prime.a(IB2.o)
 .debug_info    0x00009727      0x238 .\CortexM3\ARM_GCC_493\Debug\MUX_Prime.a(isr_3.o)
 .debug_info    0x0000995f      0x23c .\CortexM3\ARM_GCC_493\Debug\MUX_Prime.a(Timer_Animacion.o)
 .debug_info    0x00009b9b      0x23c .\CortexM3\ARM_GCC_493\Debug\MUX_Prime.a(Timer_Animacion2.o)
 .debug_info    0x00009dd7      0x238 .\CortexM3\ARM_GCC_493\Debug\MUX_Prime.a(isr_4.o)
 .debug_info    0x0000a00f      0x23c .\CortexM3\ARM_GCC_493\Debug\MUX_Prime.a(Timer_Modo.o)
 .debug_info    0x0000a24b      0x238 .\CortexM3\ARM_GCC_493\Debug\MUX_Prime.a(isr_5.o)
 .debug_info    0x0000a483      0x23c .\CortexM3\ARM_GCC_493\Debug\MUX_Prime.a(Timer_RxSurtidor.o)
 .debug_info    0x0000a6bf      0x36a .\CortexM3\ARM_GCC_493\Debug\MUX_Prime.a(CyFlash.o)
 .debug_info    0x0000aa29      0x456 .\CortexM3\ARM_GCC_493\Debug\MUX_Prime.a(CySpc.o)

.debug_abbrev   0x00000000     0x2fd2
 *(.debug_abbrev)
 .debug_abbrev  0x00000000      0x1b2 .\CortexM3\ARM_GCC_493\Debug\main.o
 .debug_abbrev  0x000001b2      0x1a6 .\CortexM3\ARM_GCC_493\Debug\Protocolo.o
 .debug_abbrev  0x00000358      0x166 .\CortexM3\ARM_GCC_493\Debug\Print.o
 .debug_abbrev  0x000004be      0x106 .\CortexM3\ARM_GCC_493\Debug\LCD.o
 .debug_abbrev  0x000005c4      0x124 .\CortexM3\ARM_GCC_493\Debug\ibuton.o
 .debug_abbrev  0x000006e8      0x165 .\CortexM3\ARM_GCC_493\Debug\I2C.o
 .debug_abbrev  0x0000084d      0x1b6 .\CortexM3\ARM_GCC_493\Debug\Cm3Start.o
 .debug_abbrev  0x00000a03       0x77 .\CortexM3\ARM_GCC_493\Debug\cymetadata.o
 .debug_abbrev  0x00000a7a      0x1b7 .\CortexM3\ARM_GCC_493\Debug\MUX_Prime.a(cyfitter_cfg.o)
 .debug_abbrev  0x00000c31       0x14 .\CortexM3\ARM_GCC_493\Debug\MUX_Prime.a(CyBootAsmGnu.o)
 .debug_abbrev  0x00000c45      0x217 .\CortexM3\ARM_GCC_493\Debug\MUX_Prime.a(CyLib.o)
 .debug_abbrev  0x00000e5c      0x16e .\CortexM3\ARM_GCC_493\Debug\MUX_Prime.a(cyPm.o)
 .debug_abbrev  0x00000fca      0x16c .\CortexM3\ARM_GCC_493\Debug\MUX_Prime.a(Surtidor.o)
 .debug_abbrev  0x00001136       0x97 .\CortexM3\ARM_GCC_493\Debug\MUX_Prime.a(Surtidor_INT.o)
 .debug_abbrev  0x000011cd      0x170 .\CortexM3\ARM_GCC_493\Debug\MUX_Prime.a(Impresora.o)
 .debug_abbrev  0x0000133d      0x16c .\CortexM3\ARM_GCC_493\Debug\MUX_Prime.a(PC.o)
 .debug_abbrev  0x000014a9       0x97 .\CortexM3\ARM_GCC_493\Debug\MUX_Prime.a(PC_INT.o)
 .debug_abbrev  0x00001540       0xe2 .\CortexM3\ARM_GCC_493\Debug\MUX_Prime.a(I2C_1.o)
 .debug_abbrev  0x00001622       0x8e .\CortexM3\ARM_GCC_493\Debug\MUX_Prime.a(I2C_1_INT.o)
 .debug_abbrev  0x000016b0       0xf8 .\CortexM3\ARM_GCC_493\Debug\MUX_Prime.a(I2C_1_PM.o)
 .debug_abbrev  0x000017a8      0x12b .\CortexM3\ARM_GCC_493\Debug\MUX_Prime.a(I2C_1_MASTER.o)
 .debug_abbrev  0x000018d3       0x9d .\CortexM3\ARM_GCC_493\Debug\MUX_Prime.a(Pin_WP.o)
 .debug_abbrev  0x00001970      0x17f .\CortexM3\ARM_GCC_493\Debug\MUX_Prime.a(isr_1.o)
 .debug_abbrev  0x00001aef      0x12a .\CortexM3\ARM_GCC_493\Debug\MUX_Prime.a(Impresora_IntClock.o)
 .debug_abbrev  0x00001c19      0x12a .\CortexM3\ARM_GCC_493\Debug\MUX_Prime.a(PC_IntClock.o)
 .debug_abbrev  0x00001d43      0x16c .\CortexM3\ARM_GCC_493\Debug\MUX_Prime.a(LCD_1.o)
 .debug_abbrev  0x00001eaf       0x97 .\CortexM3\ARM_GCC_493\Debug\MUX_Prime.a(LCD_1_INT.o)
 .debug_abbrev  0x00001f46      0x16c .\CortexM3\ARM_GCC_493\Debug\MUX_Prime.a(LCD_2.o)
 .debug_abbrev  0x000020b2       0x97 .\CortexM3\ARM_GCC_493\Debug\MUX_Prime.a(LCD_2_INT.o)
 .debug_abbrev  0x00002149      0x12a .\CortexM3\ARM_GCC_493\Debug\MUX_Prime.a(LCD_1_IntClock.o)
 .debug_abbrev  0x00002273      0x12a .\CortexM3\ARM_GCC_493\Debug\MUX_Prime.a(LCD_2_IntClock.o)
 .debug_abbrev  0x0000239d       0x9d .\CortexM3\ARM_GCC_493\Debug\MUX_Prime.a(IB1.o)
 .debug_abbrev  0x0000243a       0x9d .\CortexM3\ARM_GCC_493\Debug\MUX_Prime.a(IB2.o)
 .debug_abbrev  0x000024d7      0x17f .\CortexM3\ARM_GCC_493\Debug\MUX_Prime.a(isr_3.o)
 .debug_abbrev  0x00002656       0xf6 .\CortexM3\ARM_GCC_493\Debug\MUX_Prime.a(Timer_Animacion.o)
 .debug_abbrev  0x0000274c       0xf6 .\CortexM3\ARM_GCC_493\Debug\MUX_Prime.a(Timer_Animacion2.o)
 .debug_abbrev  0x00002842      0x17f .\CortexM3\ARM_GCC_493\Debug\MUX_Prime.a(isr_4.o)
 .debug_abbrev  0x000029c1       0xf6 .\CortexM3\ARM_GCC_493\Debug\MUX_Prime.a(Timer_Modo.o)
 .debug_abbrev  0x00002ab7      0x17f .\CortexM3\ARM_GCC_493\Debug\MUX_Prime.a(isr_5.o)
 .debug_abbrev  0x00002c36       0xf6 .\CortexM3\ARM_GCC_493\Debug\MUX_Prime.a(Timer_RxSurtidor.o)
 .debug_abbrev  0x00002d2c      0x12d .\CortexM3\ARM_GCC_493\Debug\MUX_Prime.a(CyFlash.o)
 .debug_abbrev  0x00002e59      0x179 .\CortexM3\ARM_GCC_493\Debug\MUX_Prime.a(CySpc.o)

.debug_line     0x00000000     0x8f2a
 *(.debug_line)
 .debug_line    0x00000000     0x3349 .\CortexM3\ARM_GCC_493\Debug\main.o
 .debug_line    0x00003349      0xff2 .\CortexM3\ARM_GCC_493\Debug\Protocolo.o
 .debug_line    0x0000433b      0x55a .\CortexM3\ARM_GCC_493\Debug\Print.o
 .debug_line    0x00004895      0x25e .\CortexM3\ARM_GCC_493\Debug\LCD.o
 .debug_line    0x00004af3      0x290 .\CortexM3\ARM_GCC_493\Debug\ibuton.o
 .debug_line    0x00004d83      0x2f3 .\CortexM3\ARM_GCC_493\Debug\I2C.o
 .debug_line    0x00005076      0x1d4 .\CortexM3\ARM_GCC_493\Debug\Cm3Start.o
 .debug_line    0x0000524a       0x53 .\CortexM3\ARM_GCC_493\Debug\cymetadata.o
 .debug_line    0x0000529d      0x224 .\CortexM3\ARM_GCC_493\Debug\MUX_Prime.a(cyfitter_cfg.o)
 .debug_line    0x000054c1       0x68 .\CortexM3\ARM_GCC_493\Debug\MUX_Prime.a(CyBootAsmGnu.o)
 .debug_line    0x00005529      0x872 .\CortexM3\ARM_GCC_493\Debug\MUX_Prime.a(CyLib.o)
 .debug_line    0x00005d9b      0x381 .\CortexM3\ARM_GCC_493\Debug\MUX_Prime.a(cyPm.o)
 .debug_line    0x0000611c      0x30e .\CortexM3\ARM_GCC_493\Debug\MUX_Prime.a(Surtidor.o)
 .debug_line    0x0000642a       0x90 .\CortexM3\ARM_GCC_493\Debug\MUX_Prime.a(Surtidor_INT.o)
 .debug_line    0x000064ba      0x2e9 .\CortexM3\ARM_GCC_493\Debug\MUX_Prime.a(Impresora.o)
 .debug_line    0x000067a3      0x30a .\CortexM3\ARM_GCC_493\Debug\MUX_Prime.a(PC.o)
 .debug_line    0x00006aad       0x84 .\CortexM3\ARM_GCC_493\Debug\MUX_Prime.a(PC_INT.o)
 .debug_line    0x00006b31       0xdd .\CortexM3\ARM_GCC_493\Debug\MUX_Prime.a(I2C_1.o)
 .debug_line    0x00006c0e      0x118 .\CortexM3\ARM_GCC_493\Debug\MUX_Prime.a(I2C_1_INT.o)
 .debug_line    0x00006d26       0xbe .\CortexM3\ARM_GCC_493\Debug\MUX_Prime.a(I2C_1_PM.o)
 .debug_line    0x00006de4      0x1ed .\CortexM3\ARM_GCC_493\Debug\MUX_Prime.a(I2C_1_MASTER.o)
 .debug_line    0x00006fd1       0x97 .\CortexM3\ARM_GCC_493\Debug\MUX_Prime.a(Pin_WP.o)
 .debug_line    0x00007068      0x169 .\CortexM3\ARM_GCC_493\Debug\MUX_Prime.a(isr_1.o)
 .debug_line    0x000071d1      0x1c6 .\CortexM3\ARM_GCC_493\Debug\MUX_Prime.a(Impresora_IntClock.o)
 .debug_line    0x00007397      0x1bf .\CortexM3\ARM_GCC_493\Debug\MUX_Prime.a(PC_IntClock.o)
 .debug_line    0x00007556      0x30d .\CortexM3\ARM_GCC_493\Debug\MUX_Prime.a(LCD_1.o)
 .debug_line    0x00007863       0x8a .\CortexM3\ARM_GCC_493\Debug\MUX_Prime.a(LCD_1_INT.o)
 .debug_line    0x000078ed      0x30d .\CortexM3\ARM_GCC_493\Debug\MUX_Prime.a(LCD_2.o)
 .debug_line    0x00007bfa       0x8a .\CortexM3\ARM_GCC_493\Debug\MUX_Prime.a(LCD_2_INT.o)
 .debug_line    0x00007c84      0x1c2 .\CortexM3\ARM_GCC_493\Debug\MUX_Prime.a(LCD_1_IntClock.o)
 .debug_line    0x00007e46      0x1c2 .\CortexM3\ARM_GCC_493\Debug\MUX_Prime.a(LCD_2_IntClock.o)
 .debug_line    0x00008008       0x94 .\CortexM3\ARM_GCC_493\Debug\MUX_Prime.a(IB1.o)
 .debug_line    0x0000809c       0x94 .\CortexM3\ARM_GCC_493\Debug\MUX_Prime.a(IB2.o)
 .debug_line    0x00008130      0x169 .\CortexM3\ARM_GCC_493\Debug\MUX_Prime.a(isr_3.o)
 .debug_line    0x00008299      0x169 .\CortexM3\ARM_GCC_493\Debug\MUX_Prime.a(Timer_Animacion.o)
 .debug_line    0x00008402      0x16a .\CortexM3\ARM_GCC_493\Debug\MUX_Prime.a(Timer_Animacion2.o)
 .debug_line    0x0000856c      0x169 .\CortexM3\ARM_GCC_493\Debug\MUX_Prime.a(isr_4.o)
 .debug_line    0x000086d5      0x164 .\CortexM3\ARM_GCC_493\Debug\MUX_Prime.a(Timer_Modo.o)
 .debug_line    0x00008839      0x169 .\CortexM3\ARM_GCC_493\Debug\MUX_Prime.a(isr_5.o)
 .debug_line    0x000089a2      0x16a .\CortexM3\ARM_GCC_493\Debug\MUX_Prime.a(Timer_RxSurtidor.o)
 .debug_line    0x00008b0c      0x207 .\CortexM3\ARM_GCC_493\Debug\MUX_Prime.a(CyFlash.o)
 .debug_line    0x00008d13      0x217 .\CortexM3\ARM_GCC_493\Debug\MUX_Prime.a(CySpc.o)

.debug_frame    0x00000000     0x5440
 *(.debug_frame)
 .debug_frame   0x00000000      0x284 .\CortexM3\ARM_GCC_493\Debug\main.o
 .debug_frame   0x00000284      0x198 .\CortexM3\ARM_GCC_493\Debug\Protocolo.o
 .debug_frame   0x0000041c       0x64 .\CortexM3\ARM_GCC_493\Debug\Print.o
 .debug_frame   0x00000480       0xe4 .\CortexM3\ARM_GCC_493\Debug\LCD.o
 .debug_frame   0x00000564       0xb0 .\CortexM3\ARM_GCC_493\Debug\ibuton.o
 .debug_frame   0x00000614      0x134 .\CortexM3\ARM_GCC_493\Debug\I2C.o
 .debug_frame   0x00000748       0xd8 .\CortexM3\ARM_GCC_493\Debug\Cm3Start.o
 .debug_frame   0x00000820      0x16c .\CortexM3\ARM_GCC_493\Debug\MUX_Prime.a(cyfitter_cfg.o)
 .debug_frame   0x0000098c      0xbe8 .\CortexM3\ARM_GCC_493\Debug\MUX_Prime.a(CyLib.o)
 .debug_frame   0x00001574      0x234 .\CortexM3\ARM_GCC_493\Debug\MUX_Prime.a(cyPm.o)
 .debug_frame   0x000017a8      0x428 .\CortexM3\ARM_GCC_493\Debug\MUX_Prime.a(Surtidor.o)
 .debug_frame   0x00001bd0       0x38 .\CortexM3\ARM_GCC_493\Debug\MUX_Prime.a(Surtidor_INT.o)
 .debug_frame   0x00001c08      0x42c .\CortexM3\ARM_GCC_493\Debug\MUX_Prime.a(Impresora.o)
 .debug_frame   0x00002034      0x428 .\CortexM3\ARM_GCC_493\Debug\MUX_Prime.a(PC.o)
 .debug_frame   0x0000245c       0x38 .\CortexM3\ARM_GCC_493\Debug\MUX_Prime.a(PC_INT.o)
 .debug_frame   0x00002494       0x98 .\CortexM3\ARM_GCC_493\Debug\MUX_Prime.a(I2C_1.o)
 .debug_frame   0x0000252c       0x38 .\CortexM3\ARM_GCC_493\Debug\MUX_Prime.a(I2C_1_INT.o)
 .debug_frame   0x00002564       0x94 .\CortexM3\ARM_GCC_493\Debug\MUX_Prime.a(I2C_1_PM.o)
 .debug_frame   0x000025f8      0x208 .\CortexM3\ARM_GCC_493\Debug\MUX_Prime.a(I2C_1_MASTER.o)
 .debug_frame   0x00002800       0xa8 .\CortexM3\ARM_GCC_493\Debug\MUX_Prime.a(Pin_WP.o)
 .debug_frame   0x000028a8      0x1e8 .\CortexM3\ARM_GCC_493\Debug\MUX_Prime.a(isr_1.o)
 .debug_frame   0x00002a90      0x1b4 .\CortexM3\ARM_GCC_493\Debug\MUX_Prime.a(Impresora_IntClock.o)
 .debug_frame   0x00002c44      0x1b4 .\CortexM3\ARM_GCC_493\Debug\MUX_Prime.a(PC_IntClock.o)
 .debug_frame   0x00002df8      0x428 .\CortexM3\ARM_GCC_493\Debug\MUX_Prime.a(LCD_1.o)
 .debug_frame   0x00003220       0x38 .\CortexM3\ARM_GCC_493\Debug\MUX_Prime.a(LCD_1_INT.o)
 .debug_frame   0x00003258      0x428 .\CortexM3\ARM_GCC_493\Debug\MUX_Prime.a(LCD_2.o)
 .debug_frame   0x00003680       0x38 .\CortexM3\ARM_GCC_493\Debug\MUX_Prime.a(LCD_2_INT.o)
 .debug_frame   0x000036b8      0x1b4 .\CortexM3\ARM_GCC_493\Debug\MUX_Prime.a(LCD_1_IntClock.o)
 .debug_frame   0x0000386c      0x1b4 .\CortexM3\ARM_GCC_493\Debug\MUX_Prime.a(LCD_2_IntClock.o)
 .debug_frame   0x00003a20       0xa8 .\CortexM3\ARM_GCC_493\Debug\MUX_Prime.a(IB1.o)
 .debug_frame   0x00003ac8       0xa8 .\CortexM3\ARM_GCC_493\Debug\MUX_Prime.a(IB2.o)
 .debug_frame   0x00003b70      0x1e8 .\CortexM3\ARM_GCC_493\Debug\MUX_Prime.a(isr_3.o)
 .debug_frame   0x00003d58      0x208 .\CortexM3\ARM_GCC_493\Debug\MUX_Prime.a(Timer_Animacion.o)
 .debug_frame   0x00003f60      0x208 .\CortexM3\ARM_GCC_493\Debug\MUX_Prime.a(Timer_Animacion2.o)
 .debug_frame   0x00004168      0x1e8 .\CortexM3\ARM_GCC_493\Debug\MUX_Prime.a(isr_4.o)
 .debug_frame   0x00004350      0x208 .\CortexM3\ARM_GCC_493\Debug\MUX_Prime.a(Timer_Modo.o)
 .debug_frame   0x00004558      0x1e8 .\CortexM3\ARM_GCC_493\Debug\MUX_Prime.a(isr_5.o)
 .debug_frame   0x00004740      0x208 .\CortexM3\ARM_GCC_493\Debug\MUX_Prime.a(Timer_RxSurtidor.o)
 .debug_frame   0x00004948      0x210 .\CortexM3\ARM_GCC_493\Debug\MUX_Prime.a(CyFlash.o)
 .debug_frame   0x00004b58      0x1f8 .\CortexM3\ARM_GCC_493\Debug\MUX_Prime.a(CySpc.o)
 .debug_frame   0x00004d50       0x20 c:/program files (x86)/cypress/psoc creator/3.3/psoc creator/import/gnu/arm/4.9.3/bin/../lib/gcc/arm-none-eabi/4.9.3/../../../../arm-none-eabi/lib/armv7-m\libg_nano.a(lib_a-atof.o)
 .debug_frame   0x00004d70       0x20 c:/program files (x86)/cypress/psoc creator/3.3/psoc creator/import/gnu/arm/4.9.3/bin/../lib/gcc/arm-none-eabi/4.9.3/../../../../arm-none-eabi/lib/armv7-m\libg_nano.a(lib_a-errno.o)
 .debug_frame   0x00004d90       0x28 c:/program files (x86)/cypress/psoc creator/3.3/psoc creator/import/gnu/arm/4.9.3/bin/../lib/gcc/arm-none-eabi/4.9.3/../../../../arm-none-eabi/lib/armv7-m\libg_nano.a(lib_a-exit.o)
 .debug_frame   0x00004db8       0x2c c:/program files (x86)/cypress/psoc creator/3.3/psoc creator/import/gnu/arm/4.9.3/bin/../lib/gcc/arm-none-eabi/4.9.3/../../../../arm-none-eabi/lib/armv7-m\libg_nano.a(lib_a-init.o)
 .debug_frame   0x00004de4       0x28 c:/program files (x86)/cypress/psoc creator/3.3/psoc creator/import/gnu/arm/4.9.3/bin/../lib/gcc/arm-none-eabi/4.9.3/../../../../arm-none-eabi/lib/armv7-m\libg_nano.a(lib_a-memcpy.o)
 .debug_frame   0x00004e0c       0x20 c:/program files (x86)/cypress/psoc creator/3.3/psoc creator/import/gnu/arm/4.9.3/bin/../lib/gcc/arm-none-eabi/4.9.3/../../../../arm-none-eabi/lib/armv7-m\libg_nano.a(lib_a-memset.o)
 .debug_frame   0x00004e2c       0xb4 c:/program files (x86)/cypress/psoc creator/3.3/psoc creator/import/gnu/arm/4.9.3/bin/../lib/gcc/arm-none-eabi/4.9.3/../../../../arm-none-eabi/lib/armv7-m\libg_nano.a(lib_a-strtod.o)
 .debug_frame   0x00004ee0       0x70 c:/program files (x86)/cypress/psoc creator/3.3/psoc creator/import/gnu/arm/4.9.3/bin/../lib/gcc/arm-none-eabi/4.9.3/../../../../arm-none-eabi/lib/armv7-m\libg_nano.a(lib_a-gdtoa-gethex.o)
 .debug_frame   0x00004f50       0x58 c:/program files (x86)/cypress/psoc creator/3.3/psoc creator/import/gnu/arm/4.9.3/bin/../lib/gcc/arm-none-eabi/4.9.3/../../../../arm-none-eabi/lib/armv7-m\libg_nano.a(lib_a-gdtoa-hexnan.o)
 .debug_frame   0x00004fa8       0x98 c:/program files (x86)/cypress/psoc creator/3.3/psoc creator/import/gnu/arm/4.9.3/bin/../lib/gcc/arm-none-eabi/4.9.3/../../../../arm-none-eabi/lib/armv7-m\libg_nano.a(lib_a-locale.o)
 .debug_frame   0x00005040      0x230 c:/program files (x86)/cypress/psoc creator/3.3/psoc creator/import/gnu/arm/4.9.3/bin/../lib/gcc/arm-none-eabi/4.9.3/../../../../arm-none-eabi/lib/armv7-m\libg_nano.a(lib_a-mprec.o)
 .debug_frame   0x00005270       0x2c c:/program files (x86)/cypress/psoc creator/3.3/psoc creator/import/gnu/arm/4.9.3/bin/../lib/gcc/arm-none-eabi/4.9.3/../../../../arm-none-eabi/lib/armv7-m\libg_nano.a(lib_a-nano-callocr.o)
 .debug_frame   0x0000529c       0x2c c:/program files (x86)/cypress/psoc creator/3.3/psoc creator/import/gnu/arm/4.9.3/bin/../lib/gcc/arm-none-eabi/4.9.3/../../../../arm-none-eabi/lib/armv7-m\libg_nano.a(lib_a-nano-mallocr.o)
 .debug_frame   0x000052c8       0x28 c:/program files (x86)/cypress/psoc creator/3.3/psoc creator/import/gnu/arm/4.9.3/bin/../lib/gcc/arm-none-eabi/4.9.3/../../../../arm-none-eabi/lib/armv7-m\libg_nano.a(lib_a-s_fpclassify.o)
 .debug_frame   0x000052f0       0x2c c:/program files (x86)/cypress/psoc creator/3.3/psoc creator/import/gnu/arm/4.9.3/bin/../lib/gcc/arm-none-eabi/4.9.3/../../../../arm-none-eabi/lib/armv7-m\libg_nano.a(lib_a-sbrkr.o)
 .debug_frame   0x0000531c       0x20 c:/program files (x86)/cypress/psoc creator/3.3/psoc creator/import/gnu/arm/4.9.3/bin/../lib/gcc/arm-none-eabi/4.9.3/../../../../arm-none-eabi/lib/armv7-m\libg_nano.a(lib_a-sf_nan.o)
 .debug_frame   0x0000533c       0x20 c:/program files (x86)/cypress/psoc creator/3.3/psoc creator/import/gnu/arm/4.9.3/bin/../lib/gcc/arm-none-eabi/4.9.3/../../../../arm-none-eabi/lib/armv7-m\libg_nano.a(lib_a-strlen.o)