Archive member included because of file (symbol)

.\CortexM3\ARM_GCC_493\Debug\MUX_Prime.a(cyfitter_cfg.o)
                              .\CortexM3\ARM_GCC_493\Debug\Cm3Start.o (cyfitter_cfg)
.\CortexM3\ARM_GCC_493\Debug\MUX_Prime.a(CyBootAsmGnu.o)
                              .\CortexM3\ARM_GCC_493\Debug\MUX_Prime.a(cyfitter_cfg.o) (CyDelayCycles)
.\CortexM3\ARM_GCC_493\Debug\MUX_Prime.a(CyLib.o)
                              .\CortexM3\ARM_GCC_493\Debug\Cm3Start.o (CyResetStatus)
.\CortexM3\ARM_GCC_493\Debug\MUX_Prime.a(cyPm.o)
                              .\CortexM3\ARM_GCC_493\Debug\MUX_Prime.a(CyLib.o) (CyPmReadStatus)
.\CortexM3\ARM_GCC_493\Debug\MUX_Prime.a(Surtidor.o)
                              .\CortexM3\ARM_GCC_493\Debug\Protocolo.o (Surtidor_rxBuffer)
.\CortexM3\ARM_GCC_493\Debug\MUX_Prime.a(Surtidor_INT.o)
                              .\CortexM3\ARM_GCC_493\Debug\MUX_Prime.a(Surtidor.o) (Surtidor_RXISR)
.\CortexM3\ARM_GCC_493\Debug\MUX_Prime.a(Impresora.o)
                              .\CortexM3\ARM_GCC_493\Debug\main.o (Impresora_Start)
.\CortexM3\ARM_GCC_493\Debug\MUX_Prime.a(PC.o)
                              .\CortexM3\ARM_GCC_493\Debug\main.o (PC_Start)
.\CortexM3\ARM_GCC_493\Debug\MUX_Prime.a(PC_INT.o)
                              .\CortexM3\ARM_GCC_493\Debug\MUX_Prime.a(PC.o) (PC_RXISR)
.\CortexM3\ARM_GCC_493\Debug\MUX_Prime.a(I2C_1.o)
                              .\CortexM3\ARM_GCC_493\Debug\main.o (I2C_1_Start)
.\CortexM3\ARM_GCC_493\Debug\MUX_Prime.a(I2C_1_INT.o)
                              .\CortexM3\ARM_GCC_493\Debug\MUX_Prime.a(I2C_1.o) (I2C_1_ISR)
.\CortexM3\ARM_GCC_493\Debug\MUX_Prime.a(I2C_1_PM.o)
                              .\CortexM3\ARM_GCC_493\Debug\MUX_Prime.a(I2C_1.o) (I2C_1_backup)
.\CortexM3\ARM_GCC_493\Debug\MUX_Prime.a(I2C_1_MASTER.o)
                              .\CortexM3\ARM_GCC_493\Debug\MUX_Prime.a(I2C_1.o) (I2C_1_mstrStatus)
.\CortexM3\ARM_GCC_493\Debug\MUX_Prime.a(Pin_WP.o)
                              .\CortexM3\ARM_GCC_493\Debug\I2C.o (Pin_WP_Write)
.\CortexM3\ARM_GCC_493\Debug\MUX_Prime.a(isr_1.o)
                              .\CortexM3\ARM_GCC_493\Debug\Protocolo.o (isr_1_StartEx)
.\CortexM3\ARM_GCC_493\Debug\MUX_Prime.a(Impresora_IntClock.o)
                              .\CortexM3\ARM_GCC_493\Debug\MUX_Prime.a(Impresora.o) (Impresora_IntClock_Start)
.\CortexM3\ARM_GCC_493\Debug\MUX_Prime.a(PC_IntClock.o)
                              .\CortexM3\ARM_GCC_493\Debug\MUX_Prime.a(PC.o) (PC_IntClock_Start)
.\CortexM3\ARM_GCC_493\Debug\MUX_Prime.a(LCD_1.o)
                              .\CortexM3\ARM_GCC_493\Debug\main.o (LCD_1_rxBuffer)
.\CortexM3\ARM_GCC_493\Debug\MUX_Prime.a(LCD_1_INT.o)
                              .\CortexM3\ARM_GCC_493\Debug\MUX_Prime.a(LCD_1.o) (LCD_1_RXISR)
.\CortexM3\ARM_GCC_493\Debug\MUX_Prime.a(LCD_2.o)
                              .\CortexM3\ARM_GCC_493\Debug\main.o (LCD_2_rxBuffer)
.\CortexM3\ARM_GCC_493\Debug\MUX_Prime.a(LCD_2_INT.o)
                              .\CortexM3\ARM_GCC_493\Debug\MUX_Prime.a(LCD_2.o) (LCD_2_RXISR)
.\CortexM3\ARM_GCC_493\Debug\MUX_Prime.a(LCD_1_IntClock.o)
                              .\CortexM3\ARM_GCC_493\Debug\MUX_Prime.a(LCD_1.o) (LCD_1_IntClock_Start)
.\CortexM3\ARM_GCC_493\Debug\MUX_Prime.a(LCD_2_IntClock.o)
                              .\CortexM3\ARM_GCC_493\Debug\MUX_Prime.a(LCD_2.o) (LCD_2_IntClock_Start)
.\CortexM3\ARM_GCC_493\Debug\MUX_Prime.a(IB1.o)
                              .\CortexM3\ARM_GCC_493\Debug\ibuton.o (IB1_Write)
.\CortexM3\ARM_GCC_493\Debug\MUX_Prime.a(IB2.o)
                              .\CortexM3\ARM_GCC_493\Debug\ibuton.o (IB2_Write)
.\CortexM3\ARM_GCC_493\Debug\MUX_Prime.a(isr_3.o)
                              .\CortexM3\ARM_GCC_493\Debug\main.o (isr_3_StartEx)
.\CortexM3\ARM_GCC_493\Debug\MUX_Prime.a(Timer_Animacion.o)
                              .\CortexM3\ARM_GCC_493\Debug\main.o (Timer_Animacion_Start)
.\CortexM3\ARM_GCC_493\Debug\MUX_Prime.a(Timer_Animacion2.o)
                              .\CortexM3\ARM_GCC_493\Debug\main.o (Timer_Animacion2_Start)
.\CortexM3\ARM_GCC_493\Debug\MUX_Prime.a(isr_4.o)
                              .\CortexM3\ARM_GCC_493\Debug\main.o (isr_4_StartEx)
.\CortexM3\ARM_GCC_493\Debug\MUX_Prime.a(Timer_Modo.o)
                              .\CortexM3\ARM_GCC_493\Debug\main.o (Timer_Modo_Start)
.\CortexM3\ARM_GCC_493\Debug\MUX_Prime.a(isr_5.o)
                              .\CortexM3\ARM_GCC_493\Debug\main.o (isr_5_StartEx)
.\CortexM3\ARM_GCC_493\Debug\MUX_Prime.a(Timer_RxSurtidor.o)
                              .\CortexM3\ARM_GCC_493\Debug\Protocolo.o (Timer_RxSurtidor_Start)
.\CortexM3\ARM_GCC_493\Debug\MUX_Prime.a(CyFlash.o)
                              .\CortexM3\ARM_GCC_493\Debug\MUX_Prime.a(cyPm.o) (CyFlash_SetWaitCycles)
.\CortexM3\ARM_GCC_493\Debug\MUX_Prime.a(CySpc.o)
                              .\CortexM3\ARM_GCC_493\Debug\MUX_Prime.a(CyFlash.o) (CySpcStart)
[...]
Memory Configuration

Name             Origin             Length             Attributes
rom              0x00000000         0x00040000         xr
ram              0x1fff8000         0x00010000         xrw
*default*        0x00000000         0xffffffff

Linker script and memory map

LOAD c:/program files (x86)/cypress/psoc creator/3.3/psoc creator/import/gnu/arm/4.9.3/bin/../lib/gcc/arm-none-eabi/4.9.3/armv7-m/crti.o
LOAD c:/program files (x86)/cypress/psoc creator/3.3/psoc creator/import/gnu/arm/4.9.3/bin/../lib/gcc/arm-none-eabi/4.9.3/armv7-m/crtbegin.o
LOAD c:/program files (x86)/cypress/psoc creator/3.3/psoc creator/import/gnu/arm/4.9.3/bin/../lib/gcc/arm-none-eabi/4.9.3/../../../../arm-none-eabi/lib/armv7-m/crt0.o
START GROUP
LOAD .\CortexM3\ARM_GCC_493\Debug\main.o
LOAD .\CortexM3\ARM_GCC_493\Debug\Protocolo.o
LOAD .\CortexM3\ARM_GCC_493\Debug\Print.o
LOAD .\CortexM3\ARM_GCC_493\Debug\LCD.o
LOAD .\CortexM3\ARM_GCC_493\Debug\ibuton.o
LOAD .\CortexM3\ARM_GCC_493\Debug\I2C.o
LOAD .\CortexM3\ARM_GCC_493\Debug\Cm3Start.o
LOAD .\CortexM3\ARM_GCC_493\Debug\cymetadata.o
LOAD .\CortexM3\ARM_GCC_493\Debug\MUX_Prime.a
LOAD C:\Program Files (x86)\Cypress\PSoC Creator\3.3\PSoC Creator\psoc\content\cycomponentlibrary\CyComponentLibrary.cylib\CortexM3\ARM_GCC_493\Debug\CyComponentLibrary.a
LOAD c:/program files (x86)/cypress/psoc creator/3.3/psoc creator/import/gnu/arm/4.9.3/bin/../lib/gcc/arm-none-eabi/4.9.3/../../../../arm-none-eabi/lib/armv7-m\libm.a
END GROUP
START GROUP
LOAD c:/program files (x86)/cypress/psoc creator/3.3/psoc creator/import/gnu/arm/4.9.3/bin/../lib/gcc/arm-none-eabi/4.9.3/armv7-m\libgcc.a
LOAD c:/program files (x86)/cypress/psoc creator/3.3/psoc creator/import/gnu/arm/4.9.3/bin/../lib/gcc/arm-none-eabi/4.9.3/../../../../arm-none-eabi/lib/armv7-m\libg_nano.a
LOAD c:/program files (x86)/cypress/psoc creator/3.3/psoc creator/import/gnu/arm/4.9.3/bin/../lib/gcc/arm-none-eabi/4.9.3/../../../../arm-none-eabi/lib/armv7-m\libc_nano.a
END GROUP
START GROUP
LOAD c:/program files (x86)/cypress/psoc creator/3.3/psoc creator/import/gnu/arm/4.9.3/bin/../lib/gcc/arm-none-eabi/4.9.3/armv7-m\libgcc.a
LOAD c:/program files (x86)/cypress/psoc creator/3.3/psoc creator/import/gnu/arm/4.9.3/bin/../lib/gcc/arm-none-eabi/4.9.3/../../../../arm-none-eabi/lib/armv7-m\libc_nano.a
END GROUP
LOAD c:/program files (x86)/cypress/psoc creator/3.3/psoc creator/import/gnu/arm/4.9.3/bin/../lib/gcc/arm-none-eabi/4.9.3/armv7-m/crtend.o
LOAD c:/program files (x86)/cypress/psoc creator/3.3/psoc creator/import/gnu/arm/4.9.3/bin/../lib/gcc/arm-none-eabi/4.9.3/armv7-m/crtn.o
START GROUP
LOAD c:/program files (x86)/cypress/psoc creator/3.3/psoc creator/import/gnu/arm/4.9.3/bin/../lib/gcc/arm-none-eabi/4.9.3/armv7-m\libgcc.a
LOAD c:/program files (x86)/cypress/psoc creator/3.3/psoc creator/import/gnu/arm/4.9.3/bin/../lib/gcc/arm-none-eabi/4.9.3/../../../../arm-none-eabi/lib/armv7-m\libc.a
LOAD c:/program files (x86)/cypress/psoc creator/3.3/psoc creator/import/gnu/arm/4.9.3/bin/../lib/gcc/arm-none-eabi/4.9.3/../../../../arm-none-eabi/lib/armv7-m\libnosys.a
END GROUP
                0x00000000                CY_APPL_ORIGIN = 0x0
                0x00000100                CY_FLASH_ROW_SIZE = 0x100
                0x00000020                CY_ECC_ROW_SIZE = 0x20
                0x00000000                CY_EE_IN_BTLDR = 0x0
                0x00000000                CY_APPL_LOADABLE = 0x0
                0x00000800                CY_EE_SIZE = 0x800
                0x00000001                CY_APPL_NUM = 0x1
                0x00000001                CY_APPL_MAX = 0x1
                0x00000040                CY_METADATA_SIZE = 0x40
                0x1fff9088                PROVIDE (__cy_heap_start, _end)
                0x00000001                PROVIDE (__cy_region_num, ((__cy_regions_end - __cy_regions) / 0x10))
                0x20008000                PROVIDE (__cy_stack, (ORIGIN (ram) + 0x10000))
                0x20004000                PROVIDE (__cy_heap_end, (__cy_stack - 0x4000))

.cybootloader   0x00000000        0x0
 *(.cybootloader)
                0x00000000                appl1_start = CY_APPL_ORIGIN?CY_APPL_ORIGIN:ALIGN (CY_FLASH_ROW_SIZE)
                0x0001ff00                appl2_start = (appl1_start + ALIGN ((((0x40000 - appl1_start) - (0x2 * CY_FLASH_ROW_SIZE)) / 0x2), CY_FLASH_ROW_SIZE))
                0x00000000                appl_start = (CY_APPL_NUM == 0x1)?appl1_start:appl2_start
                0x00000000                ecc_offset = ((appl_start / CY_FLASH_ROW_SIZE) * CY_ECC_ROW_SIZE)
                0x00000000                ee_offset = (CY_APPL_LOADABLE && ! (CY_EE_IN_BTLDR))?((CY_EE_SIZE / CY_APPL_MAX) * (CY_APPL_NUM - 0x1)):0x0
                0x00000800                ee_size = (CY_APPL_LOADABLE && ! (CY_EE_IN_BTLDR))?(CY_EE_SIZE / CY_APPL_MAX):CY_EE_SIZE
                0x00000000                PROVIDE (CY_ECC_OFFSET, ecc_offset)

.text           0x00000000    0x199d8
 CREATE_OBJECT_SYMBOLS
                0x00000000                PROVIDE (__cy_interrupt_vector, RomVectors)
 *(.romvectors)
 .romvectors    0x00000000       0x10 .\CortexM3\ARM_GCC_493\Debug\Cm3Start.o
                0x00000000                RomVectors
                0x00000001                ASSERT ((. != __cy_interrupt_vector), No interrupt vector)
                0x00000001                ASSERT (CY_APPL_ORIGIN?(SIZEOF (.cybootloader) <= CY_APPL_ORIGIN):0x1, Wrong image location)
                0x00000010                PROVIDE (__cy_reset, Reset)
 *(.text.Reset)
 .text.Reset    0x00000010       0x18 .\CortexM3\ARM_GCC_493\Debug\Cm3Start.o
                0x00000010                Reset
                0x00000001                ASSERT ((. != __cy_reset), No reset code)
 *(.dma_init)
                0x00000001                ASSERT ((((appl_start + .) <= 0x10000) || 0x1), DMA Init must be within the first 64k of flash)
 *(.text .text.* .gnu.linkonce.t.*)
 .text          0x00000028       0x5c c:/program files (x86)/cypress/psoc creator/3.3/psoc creator/import/gnu/arm/4.9.3/bin/../lib/gcc/arm-none-eabi/4.9.3/armv7-m/crtbegin.o
 .text.init     0x00000084      0xa74 .\CortexM3\ARM_GCC_493\Debug\main.o
                0x00000084                init
 .text.verificar_check
                0x00000af8       0x84 .\CortexM3\ARM_GCC_493\Debug\main.o
                0x00000af8                verificar_check
 .text.error_op
                0x00000b7c       0x8c .\CortexM3\ARM_GCC_493\Debug\main.o
                0x00000b7c                error_op
 .text.init_surt
                0x00000c08      0x1dc .\CortexM3\ARM_GCC_493\Debug\main.o
                0x00000c08                init_surt
 .text.polling_rf
                0x00000de4     0x633c .\CortexM3\ARM_GCC_493\Debug\main.o
                0x00000de4                polling_rf
 .text.polling_mod
                0x00007120       0x94 .\CortexM3\ARM_GCC_493\Debug\main.o
                0x00007120                polling_mod
 .text.polling_pos1
                0x000071b4     0x2c20 .\CortexM3\ARM_GCC_493\Debug\main.o
                0x000071b4                polling_pos1
 .text.polling_pos2
                0x00009dd4     0x2c18 .\CortexM3\ARM_GCC_493\Debug\main.o
                0x00009dd4                polling_pos2
 .text.polling_pos3
                0x0000c9ec     0x1d64 .\CortexM3\ARM_GCC_493\Debug\main.o
                0x0000c9ec                polling_pos3
 .text.polling_pos4
                0x0000e750     0x1d9c .\CortexM3\ARM_GCC_493\Debug\main.o
                0x0000e750                polling_pos4
 .text.polling_LCD1
                0x000104ec       0x9c .\CortexM3\ARM_GCC_493\Debug\main.o
                0x000104ec                polling_LCD1
 .text.polling_LCD2
                0x00010588       0x9c .\CortexM3\ARM_GCC_493\Debug\main.o
                0x00010588                polling_LCD2
 .text.animacion
                0x00010624       0x74 .\CortexM3\ARM_GCC_493\Debug\main.o
                0x00010624                animacion
 .text.animacion2
                0x00010698       0x74 .\CortexM3\ARM_GCC_493\Debug\main.o
                0x00010698                animacion2
 .text.modo_mux
                0x0001070c       0x8c .\CortexM3\ARM_GCC_493\Debug\main.o
                0x0001070c                modo_mux
 .text.main     0x00010798       0x7c .\CortexM3\ARM_GCC_493\Debug\main.o
                0x00010798                main
 .text.Rx_Surtidor
                0x00010814       0x14 .\CortexM3\ARM_GCC_493\Debug\Protocolo.o
                0x00010814                Rx_Surtidor
 .text.get_estado
                0x00010828       0x98 .\CortexM3\ARM_GCC_493\Debug\Protocolo.o
                0x00010828                get_estado
 .text.ver_pos  0x000108c0       0xec .\CortexM3\ARM_GCC_493\Debug\Protocolo.o
                0x000108c0                ver_pos
 .text.estado_ex
                0x000109ac      0x17c .\CortexM3\ARM_GCC_493\Debug\Protocolo.o
                0x000109ac                estado_ex
 .text.venta    0x00010b28      0x640 .\CortexM3\ARM_GCC_493\Debug\Protocolo.o
                0x00010b28                venta
 .text.programar
                0x00011168      0x880 .\CortexM3\ARM_GCC_493\Debug\Protocolo.o
                0x00011168                programar
 .text.cambiar_precio
                0x000119e8      0x254 .\CortexM3\ARM_GCC_493\Debug\Protocolo.o
                0x000119e8                cambiar_precio
 .text.totales  0x00011c3c     0x1864 .\CortexM3\ARM_GCC_493\Debug\Protocolo.o
                0x00011c3c                totales
 .text.imprimir
                0x000134a0      0x924 .\CortexM3\ARM_GCC_493\Debug\Print.o
                0x000134a0                imprimir
 .text.print_logo
                0x00013dc4      0x378 .\CortexM3\ARM_GCC_493\Debug\Print.o
                0x00013dc4                print_logo
 .text.set_imagen
                0x0001413c       0x98 .\CortexM3\ARM_GCC_493\Debug\LCD.o
                0x0001413c                set_imagen
 .text.write_LCD
                0x000141d4       0xc8 .\CortexM3\ARM_GCC_493\Debug\LCD.o
                0x000141d4                write_LCD
 .text.Hora_LCD
                0x0001429c       0xec .\CortexM3\ARM_GCC_493\Debug\LCD.o
                0x0001429c                Hora_LCD
 .text.Fecha_LCD
                0x00014388       0xfc .\CortexM3\ARM_GCC_493\Debug\LCD.o
                0x00014388                Fecha_LCD
 .text.write_LCDB
                0x00014484      0x12c .\CortexM3\ARM_GCC_493\Debug\LCD.o
                0x00014484                write_LCDB
 .text.touch_present
                0x000145b0       0xc0 .\CortexM3\ARM_GCC_493\Debug\ibuton.o
                0x000145b0                touch_present
 .text.touch_write
                0x00014670      0x10c .\CortexM3\ARM_GCC_493\Debug\ibuton.o
                0x00014670                touch_write
 .text.touch_read_byte
                0x0001477c       0xb4 .\CortexM3\ARM_GCC_493\Debug\ibuton.o
                0x0001477c                touch_read_byte
 .text.crc_check
                0x00014830       0x58 .\CortexM3\ARM_GCC_493\Debug\ibuton.o
                0x00014830                crc_check
 .text.leer_hora
                0x00014888       0x90 .\CortexM3\ARM_GCC_493\Debug\I2C.o
                0x00014888                leer_hora
 .text.leer_fecha
                0x00014918       0x90 .\CortexM3\ARM_GCC_493\Debug\I2C.o
                0x00014918                leer_fecha
 .text.write_hora
                0x000149a8       0x78 .\CortexM3\ARM_GCC_493\Debug\I2C.o
                0x000149a8                write_hora
 .text.write_fecha
                0x00014a20       0x7c .\CortexM3\ARM_GCC_493\Debug\I2C.o
                0x00014a20                write_fecha
 .text.write_eeprom
                0x00014a9c       0xc4 .\CortexM3\ARM_GCC_493\Debug\I2C.o
                0x00014a9c                write_eeprom
 .text.leer_eeprom
                0x00014b60       0xe4 .\CortexM3\ARM_GCC_493\Debug\I2C.o
                0x00014b60                leer_eeprom
 .text.write_psoc1
                0x00014c44       0x74 .\CortexM3\ARM_GCC_493\Debug\I2C.o
                0x00014c44                write_psoc1
 .text.IntDefaultHandler
                0x00014cb8        0x8 .\CortexM3\ARM_GCC_493\Debug\Cm3Start.o
                0x00014cb8                IntDefaultHandler
 .text._sbrk    0x00014cc0       0x54 .\CortexM3\ARM_GCC_493\Debug\Cm3Start.o
                0x00014cc0                _sbrk
 .text.Start_c  0x00014d14       0x98 .\CortexM3\ARM_GCC_493\Debug\Cm3Start.o
                0x00014d14                Start_c
 .text.initialize_psoc
                0x00014dac       0x8c .\CortexM3\ARM_GCC_493\Debug\Cm3Start.o
                0x00014dac                initialize_psoc
 .text.CYMEMZERO
                0x00014e38       0x1c .\CortexM3\ARM_GCC_493\Debug\MUX_Prime.a(cyfitter_cfg.o)
 .text.CYCONFIGCPY
                0x00014e54       0x1c .\CortexM3\ARM_GCC_493\Debug\MUX_Prime.a(cyfitter_cfg.o)
 .text.CyClockStartupError
                0x00014e70        0xc .\CortexM3\ARM_GCC_493\Debug\MUX_Prime.a(cyfitter_cfg.o)
 .text.cfg_write_bytes32
                0x00014e7c       0x74 .\CortexM3\ARM_GCC_493\Debug\MUX_Prime.a(cyfitter_cfg.o)
 .text.ClockSetup
                0x00014ef0      0x16c .\CortexM3\ARM_GCC_493\Debug\MUX_Prime.a(cyfitter_cfg.o)
 .text.AnalogSetDefault
                0x0001505c       0x44 .\CortexM3\ARM_GCC_493\Debug\MUX_Prime.a(cyfitter_cfg.o)
 .text.cyfitter_cfg
                0x000150a0      0x1a4 .\CortexM3\ARM_GCC_493\Debug\MUX_Prime.a(cyfitter_cfg.o)
                0x000150a0                cyfitter_cfg
 *fill*         0x00015244        0x4 
 .text          0x00015248       0x20 .\CortexM3\ARM_GCC_493\Debug\MUX_Prime.a(CyBootAsmGnu.o)
                0x00015248                CyDelayCycles
                0x00015258                CyEnterCriticalSection
                0x00015260                CyExitCriticalSection
 .text.CyHalt   0x00015268       0x18 .\CortexM3\ARM_GCC_493\Debug\MUX_Prime.a(CyLib.o)
                0x00015268                CyHalt
 .text.CyDelay  0x00015280       0x44 .\CortexM3\ARM_GCC_493\Debug\MUX_Prime.a(CyLib.o)
                0x00015280                CyDelay
 .text.CyDelayUs
                0x000152c4       0x24 .\CortexM3\ARM_GCC_493\Debug\MUX_Prime.a(CyLib.o)
                0x000152c4                CyDelayUs
 .text.CyWdtStart
                0x000152e8       0x8c .\CortexM3\ARM_GCC_493\Debug\MUX_Prime.a(CyLib.o)
                0x000152e8                CyWdtStart
 .text.CyWdtClear
                0x00015374       0x18 .\CortexM3\ARM_GCC_493\Debug\MUX_Prime.a(CyLib.o)
                0x00015374                CyWdtClear
 .text.CyIntSetVector
                0x0001538c       0x50 .\CortexM3\ARM_GCC_493\Debug\MUX_Prime.a(CyLib.o)
                0x0001538c                CyIntSetVector
 .text.CyIntSetPriority
                0x000153dc       0x44 .\CortexM3\ARM_GCC_493\Debug\MUX_Prime.a(CyLib.o)
                0x000153dc                CyIntSetPriority
 .text.Surtidor_Start
                0x00015420       0x20 .\CortexM3\ARM_GCC_493\Debug\MUX_Prime.a(Surtidor.o)
                0x00015420                Surtidor_Start
 .text.Surtidor_Init
                0x00015440       0x58 .\CortexM3\ARM_GCC_493\Debug\MUX_Prime.a(Surtidor.o)
                0x00015440                Surtidor_Init
 .text.Surtidor_Enable
                0x00015498       0x64 .\CortexM3\ARM_GCC_493\Debug\MUX_Prime.a(Surtidor.o)
                0x00015498                Surtidor_Enable
 .text.Surtidor_ReadRxData
                0x000154fc       0x94 .\CortexM3\ARM_GCC_493\Debug\MUX_Prime.a(Surtidor.o)
                0x000154fc                Surtidor_ReadRxData
 .text.Surtidor_GetRxBufferSize
                0x00015590       0x94 .\CortexM3\ARM_GCC_493\Debug\MUX_Prime.a(Surtidor.o)
                0x00015590                Surtidor_GetRxBufferSize
 .text.Surtidor_ClearRxBuffer
                0x00015624       0x7c .\CortexM3\ARM_GCC_493\Debug\MUX_Prime.a(Surtidor.o)
                0x00015624                Surtidor_ClearRxBuffer
 .text.Surtidor_PutChar
                0x000156a0       0x34 .\CortexM3\ARM_GCC_493\Debug\MUX_Prime.a(Surtidor.o)
                0x000156a0                Surtidor_PutChar
 .text.Surtidor_RXISR
                0x000156d4       0xd8 .\CortexM3\ARM_GCC_493\Debug\MUX_Prime.a(Surtidor_INT.o)
                0x000156d4                Surtidor_RXISR
 .text.Impresora_Start
                0x000157ac       0x20 .\CortexM3\ARM_GCC_493\Debug\MUX_Prime.a(Impresora.o)
                0x000157ac                Impresora_Start
 .text.Impresora_Init
                0x000157cc       0x40 .\CortexM3\ARM_GCC_493\Debug\MUX_Prime.a(Impresora.o)
                0x000157cc                Impresora_Init
 .text.Impresora_Enable
                0x0001580c       0x5c .\CortexM3\ARM_GCC_493\Debug\MUX_Prime.a(Impresora.o)
                0x0001580c                Impresora_Enable
 .text.PC_Start
                0x00015868       0x20 .\CortexM3\ARM_GCC_493\Debug\MUX_Prime.a(PC.o)
                0x00015868                PC_Start
 .text.PC_Init  0x00015888       0x58 .\CortexM3\ARM_GCC_493\Debug\MUX_Prime.a(PC.o)
                0x00015888                PC_Init
 .text.PC_Enable
                0x000158e0       0x68 .\CortexM3\ARM_GCC_493\Debug\MUX_Prime.a(PC.o)
                0x000158e0                PC_Enable
 .text.PC_ReadRxData
                0x00015948       0x98 .\CortexM3\ARM_GCC_493\Debug\MUX_Prime.a(PC.o)
                0x00015948                PC_ReadRxData
 .text.PC_GetRxBufferSize
                0x000159e0       0x94 .\CortexM3\ARM_GCC_493\Debug\MUX_Prime.a(PC.o)
                0x000159e0                PC_GetRxBufferSize
 .text.PC_ClearRxBuffer
                0x00015a74       0x7c .\CortexM3\ARM_GCC_493\Debug\MUX_Prime.a(PC.o)
                0x00015a74                PC_ClearRxBuffer
 .text.PC_PutChar
                0x00015af0       0x34 .\CortexM3\ARM_GCC_493\Debug\MUX_Prime.a(PC.o)
                0x00015af0                PC_PutChar
 .text.PC_RXISR
                0x00015b24       0xdc .\CortexM3\ARM_GCC_493\Debug\MUX_Prime.a(PC_INT.o)
                0x00015b24                PC_RXISR
 .text.I2C_1_Init
                0x00015c00       0x80 .\CortexM3\ARM_GCC_493\Debug\MUX_Prime.a(I2C_1.o)
                0x00015c00                I2C_1_Init
 .text.I2C_1_Enable
                0x00015c80       0x44 .\CortexM3\ARM_GCC_493\Debug\MUX_Prime.a(I2C_1.o)
                0x00015c80                I2C_1_Enable
 .text.I2C_1_Start
                0x00015cc4       0x2c .\CortexM3\ARM_GCC_493\Debug\MUX_Prime.a(I2C_1.o)
                0x00015cc4                I2C_1_Start
 .text.I2C_1_ISR
                0x00015cf0      0x3ac .\CortexM3\ARM_GCC_493\Debug\MUX_Prime.a(I2C_1_INT.o)
                0x00015cf0                I2C_1_ISR
 .text.I2C_1_MasterSendStart
                0x0001609c       0xbc .\CortexM3\ARM_GCC_493\Debug\MUX_Prime.a(I2C_1_MASTER.o)
                0x0001609c                I2C_1_MasterSendStart
 .text.I2C_1_MasterSendStop
                0x00016158       0x58 .\CortexM3\ARM_GCC_493\Debug\MUX_Prime.a(I2C_1_MASTER.o)
                0x00016158                I2C_1_MasterSendStop
 .text.I2C_1_MasterWriteByte
                0x000161b0       0x80 .\CortexM3\ARM_GCC_493\Debug\MUX_Prime.a(I2C_1_MASTER.o)
                0x000161b0                I2C_1_MasterWriteByte
 .text.I2C_1_MasterReadByte
                0x00016230       0x7c .\CortexM3\ARM_GCC_493\Debug\MUX_Prime.a(I2C_1_MASTER.o)
                0x00016230                I2C_1_MasterReadByte
 .text.I2C_1_MasterClearStatus
                0x000162ac       0x3c .\CortexM3\ARM_GCC_493\Debug\MUX_Prime.a(I2C_1_MASTER.o)
                0x000162ac                I2C_1_MasterClearStatus
 .text.Pin_WP_Write
                0x000162e8       0x3c .\CortexM3\ARM_GCC_493\Debug\MUX_Prime.a(Pin_WP.o)
                0x000162e8                Pin_WP_Write
 .text.isr_1_StartEx
                0x00016324       0x24 .\CortexM3\ARM_GCC_493\Debug\MUX_Prime.a(isr_1.o)
                0x00016324                isr_1_StartEx
 .text.isr_1_Stop
                0x00016348       0x14 .\CortexM3\ARM_GCC_493\Debug\MUX_Prime.a(isr_1.o)
                0x00016348                isr_1_Stop
 .text.isr_1_SetVector
                0x0001635c       0x24 .\CortexM3\ARM_GCC_493\Debug\MUX_Prime.a(isr_1.o)
                0x0001635c                isr_1_SetVector
 .text.isr_1_SetPriority
                0x00016380       0x24 .\CortexM3\ARM_GCC_493\Debug\MUX_Prime.a(isr_1.o)
                0x00016380                isr_1_SetPriority
 .text.isr_1_Enable
                0x000163a4       0x18 .\CortexM3\ARM_GCC_493\Debug\MUX_Prime.a(isr_1.o)
                0x000163a4                isr_1_Enable
 .text.isr_1_Disable
                0x000163bc       0x18 .\CortexM3\ARM_GCC_493\Debug\MUX_Prime.a(isr_1.o)
                0x000163bc                isr_1_Disable
 .text.Impresora_IntClock_Start
                0x000163d4       0x34 .\CortexM3\ARM_GCC_493\Debug\MUX_Prime.a(Impresora_IntClock.o)
                0x000163d4                Impresora_IntClock_Start
 .text.PC_IntClock_Start
                0x00016408       0x34 .\CortexM3\ARM_GCC_493\Debug\MUX_Prime.a(PC_IntClock.o)
                0x00016408                PC_IntClock_Start
 .text.LCD_1_Start
                0x0001643c       0x20 .\CortexM3\ARM_GCC_493\Debug\MUX_Prime.a(LCD_1.o)
                0x0001643c                LCD_1_Start
 .text.LCD_1_Init
                0x0001645c       0x58 .\CortexM3\ARM_GCC_493\Debug\MUX_Prime.a(LCD_1.o)
                0x0001645c                LCD_1_Init
 .text.LCD_1_Enable
                0x000164b4       0x68 .\CortexM3\ARM_GCC_493\Debug\MUX_Prime.a(LCD_1.o)
                0x000164b4                LCD_1_Enable
 .text.LCD_1_GetRxBufferSize
                0x0001651c       0x90 .\CortexM3\ARM_GCC_493\Debug\MUX_Prime.a(LCD_1.o)
                0x0001651c                LCD_1_GetRxBufferSize
 .text.LCD_1_ClearRxBuffer
                0x000165ac       0x7c .\CortexM3\ARM_GCC_493\Debug\MUX_Prime.a(LCD_1.o)
                0x000165ac                LCD_1_ClearRxBuffer
 .text.LCD_1_PutChar
                0x00016628       0x34 .\CortexM3\ARM_GCC_493\Debug\MUX_Prime.a(LCD_1.o)
                0x00016628                LCD_1_PutChar
 .text.LCD_1_RXISR
                0x0001665c       0xd8 .\CortexM3\ARM_GCC_493\Debug\MUX_Prime.a(LCD_1_INT.o)
                0x0001665c                LCD_1_RXISR
 .text.LCD_2_Start
                0x00016734       0x20 .\CortexM3\ARM_GCC_493\Debug\MUX_Prime.a(LCD_2.o)
                0x00016734                LCD_2_Start
 .text.LCD_2_Init
                0x00016754       0x58 .\CortexM3\ARM_GCC_493\Debug\MUX_Prime.a(LCD_2.o)
                0x00016754                LCD_2_Init
 .text.LCD_2_Enable
                0x000167ac       0x68 .\CortexM3\ARM_GCC_493\Debug\MUX_Prime.a(LCD_2.o)
                0x000167ac                LCD_2_Enable
 .text.LCD_2_GetRxBufferSize
                0x00016814       0x90 .\CortexM3\ARM_GCC_493\Debug\MUX_Prime.a(LCD_2.o)
                0x00016814                LCD_2_GetRxBufferSize
 .text.LCD_2_ClearRxBuffer
                0x000168a4       0x7c .\CortexM3\ARM_GCC_493\Debug\MUX_Prime.a(LCD_2.o)
                0x000168a4                LCD_2_ClearRxBuffer
 .text.LCD_2_PutChar
                0x00016920       0x34 .\CortexM3\ARM_GCC_493\Debug\MUX_Prime.a(LCD_2.o)
                0x00016920                LCD_2_PutChar
 .text.LCD_2_RXISR
                0x00016954       0xd8 .\CortexM3\ARM_GCC_493\Debug\MUX_Prime.a(LCD_2_INT.o)
                0x00016954                LCD_2_RXISR
 .text.LCD_1_IntClock_Start
                0x00016a2c       0x34 .\CortexM3\ARM_GCC_493\Debug\MUX_Prime.a(LCD_1_IntClock.o)
                0x00016a2c                LCD_1_IntClock_Start
 .text.LCD_2_IntClock_Start
                0x00016a60       0x34 .\CortexM3\ARM_GCC_493\Debug\MUX_Prime.a(LCD_2_IntClock.o)
                0x00016a60                LCD_2_IntClock_Start
 .text.IB1_Write
                0x00016a94       0x3c .\CortexM3\ARM_GCC_493\Debug\MUX_Prime.a(IB1.o)
                0x00016a94                IB1_Write
 .text.IB1_Read
                0x00016ad0       0x20 .\CortexM3\ARM_GCC_493\Debug\MUX_Prime.a(IB1.o)
                0x00016ad0                IB1_Read
 .text.IB2_Write
                0x00016af0       0x34 .\CortexM3\ARM_GCC_493\Debug\MUX_Prime.a(IB2.o)
                0x00016af0                IB2_Write
 .text.IB2_Read
                0x00016b24       0x1c .\CortexM3\ARM_GCC_493\Debug\MUX_Prime.a(IB2.o)
                0x00016b24                IB2_Read
 .text.isr_3_StartEx
                0x00016b40       0x24 .\CortexM3\ARM_GCC_493\Debug\MUX_Prime.a(isr_3.o)
                0x00016b40                isr_3_StartEx
 .text.isr_3_Stop
                0x00016b64       0x14 .\CortexM3\ARM_GCC_493\Debug\MUX_Prime.a(isr_3.o)
                0x00016b64                isr_3_Stop
 .text.isr_3_SetVector
                0x00016b78       0x24 .\CortexM3\ARM_GCC_493\Debug\MUX_Prime.a(isr_3.o)
                0x00016b78                isr_3_SetVector
 .text.isr_3_SetPriority
                0x00016b9c       0x24 .\CortexM3\ARM_GCC_493\Debug\MUX_Prime.a(isr_3.o)
                0x00016b9c                isr_3_SetPriority
 .text.isr_3_Enable
                0x00016bc0       0x18 .\CortexM3\ARM_GCC_493\Debug\MUX_Prime.a(isr_3.o)
                0x00016bc0                isr_3_Enable
 .text.isr_3_Disable
                0x00016bd8       0x18 .\CortexM3\ARM_GCC_493\Debug\MUX_Prime.a(isr_3.o)
                0x00016bd8                isr_3_Disable
 .text.Timer_Animacion_Init
                0x00016bf0       0x9c .\CortexM3\ARM_GCC_493\Debug\MUX_Prime.a(Timer_Animacion.o)
                0x00016bf0                Timer_Animacion_Init
 .text.Timer_Animacion_Enable
                0x00016c8c       0x48 .\CortexM3\ARM_GCC_493\Debug\MUX_Prime.a(Timer_Animacion.o)
                0x00016c8c                Timer_Animacion_Enable
 .text.Timer_Animacion_Start
                0x00016cd4       0x20 .\CortexM3\ARM_GCC_493\Debug\MUX_Prime.a(Timer_Animacion.o)
                0x00016cd4                Timer_Animacion_Start
 .text.Timer_Animacion_Stop
                0x00016cf4       0x48 .\CortexM3\ARM_GCC_493\Debug\MUX_Prime.a(Timer_Animacion.o)
                0x00016cf4                Timer_Animacion_Stop
 .text.Timer_Animacion_SetInterruptMode
                0x00016d3c       0x20 .\CortexM3\ARM_GCC_493\Debug\MUX_Prime.a(Timer_Animacion.o)
                0x00016d3c                Timer_Animacion_SetInterruptMode
 .text.Timer_Animacion_ReadStatusRegister
                0x00016d5c       0x18 .\CortexM3\ARM_GCC_493\Debug\MUX_Prime.a(Timer_Animacion.o)
                0x00016d5c                Timer_Animacion_ReadStatusRegister
 .text.Timer_Animacion_WritePeriod
                0x00016d74       0x24 .\CortexM3\ARM_GCC_493\Debug\MUX_Prime.a(Timer_Animacion.o)
                0x00016d74                Timer_Animacion_WritePeriod
 .text.Timer_Animacion_WriteCounter
                0x00016d98       0x20 .\CortexM3\ARM_GCC_493\Debug\MUX_Prime.a(Timer_Animacion.o)
                0x00016d98                Timer_Animacion_WriteCounter
 .text.Timer_Animacion2_Init
                0x00016db8       0x9c .\CortexM3\ARM_GCC_493\Debug\MUX_Prime.a(Timer_Animacion2.o)
                0x00016db8                Timer_Animacion2_Init
 .text.Timer_Animacion2_Enable
                0x00016e54       0x48 .\CortexM3\ARM_GCC_493\Debug\MUX_Prime.a(Timer_Animacion2.o)
                0x00016e54                Timer_Animacion2_Enable
 .text.Timer_Animacion2_Start
                0x00016e9c       0x20 .\CortexM3\ARM_GCC_493\Debug\MUX_Prime.a(Timer_Animacion2.o)
                0x00016e9c                Timer_Animacion2_Start
 .text.Timer_Animacion2_Stop
                0x00016ebc       0x48 .\CortexM3\ARM_GCC_493\Debug\MUX_Prime.a(Timer_Animacion2.o)
                0x00016ebc                Timer_Animacion2_Stop
 .text.Timer_Animacion2_SetInterruptMode
                0x00016f04       0x20 .\CortexM3\ARM_GCC_493\Debug\MUX_Prime.a(Timer_Animacion2.o)
                0x00016f04                Timer_Animacion2_SetInterruptMode
 .text.Timer_Animacion2_ReadStatusRegister
                0x00016f24       0x18 .\CortexM3\ARM_GCC_493\Debug\MUX_Prime.a(Timer_Animacion2.o)
                0x00016f24                Timer_Animacion2_ReadStatusRegister
 .text.Timer_Animacion2_WritePeriod
                0x00016f3c       0x24 .\CortexM3\ARM_GCC_493\Debug\MUX_Prime.a(Timer_Animacion2.o)
                0x00016f3c                Timer_Animacion2_WritePeriod
 .text.Timer_Animacion2_WriteCounter
                0x00016f60       0x20 .\CortexM3\ARM_GCC_493\Debug\MUX_Prime.a(Timer_Animacion2.o)
                0x00016f60                Timer_Animacion2_WriteCounter
 .text.isr_4_StartEx
                0x00016f80       0x24 .\CortexM3\ARM_GCC_493\Debug\MUX_Prime.a(isr_4.o)
                0x00016f80                isr_4_StartEx
 .text.isr_4_Stop
                0x00016fa4       0x14 .\CortexM3\ARM_GCC_493\Debug\MUX_Prime.a(isr_4.o)
                0x00016fa4                isr_4_Stop
 .text.isr_4_SetVector
                0x00016fb8       0x24 .\CortexM3\ARM_GCC_493\Debug\MUX_Prime.a(isr_4.o)
                0x00016fb8                isr_4_SetVector
 .text.isr_4_SetPriority
                0x00016fdc       0x24 .\CortexM3\ARM_GCC_493\Debug\MUX_Prime.a(isr_4.o)
                0x00016fdc                isr_4_SetPriority
 .text.isr_4_Enable
                0x00017000       0x18 .\CortexM3\ARM_GCC_493\Debug\MUX_Prime.a(isr_4.o)
                0x00017000                isr_4_Enable
 .text.isr_4_Disable
                0x00017018       0x18 .\CortexM3\ARM_GCC_493\Debug\MUX_Prime.a(isr_4.o)
                0x00017018                isr_4_Disable
 .text.Timer_Modo_Init
                0x00017030       0x9c .\CortexM3\ARM_GCC_493\Debug\MUX_Prime.a(Timer_Modo.o)
                0x00017030                Timer_Modo_Init
 .text.Timer_Modo_Enable
                0x000170cc       0x48 .\CortexM3\ARM_GCC_493\Debug\MUX_Prime.a(Timer_Modo.o)
                0x000170cc                Timer_Modo_Enable
 .text.Timer_Modo_Start
                0x00017114       0x20 .\CortexM3\ARM_GCC_493\Debug\MUX_Prime.a(Timer_Modo.o)
                0x00017114                Timer_Modo_Start
 .text.Timer_Modo_SetInterruptMode
                0x00017134       0x20 .\CortexM3\ARM_GCC_493\Debug\MUX_Prime.a(Timer_Modo.o)
                0x00017134                Timer_Modo_SetInterruptMode
 .text.Timer_Modo_ReadStatusRegister
                0x00017154       0x18 .\CortexM3\ARM_GCC_493\Debug\MUX_Prime.a(Timer_Modo.o)
                0x00017154                Timer_Modo_ReadStatusRegister
 .text.Timer_Modo_WritePeriod
                0x0001716c       0x24 .\CortexM3\ARM_GCC_493\Debug\MUX_Prime.a(Timer_Modo.o)
                0x0001716c                Timer_Modo_WritePeriod
 .text.Timer_Modo_WriteCounter
                0x00017190       0x20 .\CortexM3\ARM_GCC_493\Debug\MUX_Prime.a(Timer_Modo.o)
                0x00017190                Timer_Modo_WriteCounter
 .text.isr_5_StartEx
                0x000171b0       0x24 .\CortexM3\ARM_GCC_493\Debug\MUX_Prime.a(isr_5.o)
                0x000171b0                isr_5_StartEx
 .text.isr_5_SetVector
                0x000171d4       0x24 .\CortexM3\ARM_GCC_493\Debug\MUX_Prime.a(isr_5.o)
                0x000171d4                isr_5_SetVector
 .text.isr_5_SetPriority
                0x000171f8       0x24 .\CortexM3\ARM_GCC_493\Debug\MUX_Prime.a(isr_5.o)
                0x000171f8                isr_5_SetPriority
 .text.isr_5_Enable
                0x0001721c       0x18 .\CortexM3\ARM_GCC_493\Debug\MUX_Prime.a(isr_5.o)
                0x0001721c                isr_5_Enable
 .text.isr_5_Disable
                0x00017234       0x18 .\CortexM3\ARM_GCC_493\Debug\MUX_Prime.a(isr_5.o)
                0x00017234                isr_5_Disable
 .text.Timer_RxSurtidor_Init
                0x0001724c       0x9c .\CortexM3\ARM_GCC_493\Debug\MUX_Prime.a(Timer_RxSurtidor.o)
                0x0001724c                Timer_RxSurtidor_Init
 .text.Timer_RxSurtidor_Enable
                0x000172e8       0x48 .\CortexM3\ARM_GCC_493\Debug\MUX_Prime.a(Timer_RxSurtidor.o)
                0x000172e8                Timer_RxSurtidor_Enable
 .text.Timer_RxSurtidor_Start
                0x00017330       0x20 .\CortexM3\ARM_GCC_493\Debug\MUX_Prime.a(Timer_RxSurtidor.o)
                0x00017330                Timer_RxSurtidor_Start
 .text.Timer_RxSurtidor_Stop
                0x00017350       0x48 .\CortexM3\ARM_GCC_493\Debug\MUX_Prime.a(Timer_RxSurtidor.o)
                0x00017350                Timer_RxSurtidor_Stop
 .text.Timer_RxSurtidor_SetInterruptMode
                0x00017398       0x20 .\CortexM3\ARM_GCC_493\Debug\MUX_Prime.a(Timer_RxSurtidor.o)
                0x00017398                Timer_RxSurtidor_SetInterruptMode
 .text.Timer_RxSurtidor_ReadStatusRegister
                0x000173b8       0x18 .\CortexM3\ARM_GCC_493\Debug\MUX_Prime.a(Timer_RxSurtidor.o)
                0x000173b8                Timer_RxSurtidor_ReadStatusRegister
 .text.Timer_RxSurtidor_WritePeriod
                0x000173d0       0x24 .\CortexM3\ARM_GCC_493\Debug\MUX_Prime.a(Timer_RxSurtidor.o)
                0x000173d0                Timer_RxSurtidor_WritePeriod
 .text.Timer_RxSurtidor_WriteCounter
                0x000173f4       0x20 .\CortexM3\ARM_GCC_493\Debug\MUX_Prime.a(Timer_RxSurtidor.o)
                0x000173f4                Timer_RxSurtidor_WriteCounter
 .text          0x00017414      0x110 c:/program files (x86)/cypress/psoc creator/3.3/psoc creator/import/gnu/arm/4.9.3/bin/../lib/gcc/arm-none-eabi/4.9.3/armv7-m\libgcc.a(_arm_cmpdf2.o)
                0x00017414                __gtdf2
                0x00017414                __gedf2
                0x0001741c                __ltdf2
                0x0001741c                __ledf2
                0x00017424                __nedf2
                0x00017424                __eqdf2
                0x00017424                __cmpdf2
                0x000174a0                __aeabi_cdrcmple
                0x000174b0                __aeabi_cdcmpeq
                0x000174b0                __aeabi_cdcmple
                0x000174c0                __aeabi_dcmpeq
                0x000174d4                __aeabi_dcmplt
                0x000174e8                __aeabi_dcmple
                0x000174fc                __aeabi_dcmpge
                0x00017510                __aeabi_dcmpgt
 .text.atof     0x00017524        0x6 c:/program files (x86)/cypress/psoc creator/3.3/psoc creator/import/gnu/arm/4.9.3/bin/../lib/gcc/arm-none-eabi/4.9.3/../../../../arm-none-eabi/lib/armv7-m\libg_nano.a(lib_a-atof.o)
                0x00017524                atof
 *fill*         0x0001752a        0x2 
 .text.__errno  0x0001752c        0xc c:/program files (x86)/cypress/psoc creator/3.3/psoc creator/import/gnu/arm/4.9.3/bin/../lib/gcc/arm-none-eabi/4.9.3/../../../../arm-none-eabi/lib/armv7-m\libg_nano.a(lib_a-errno.o)
                0x0001752c                __errno
 .text.__libc_init_array
                0x00017538       0x4c c:/program files (x86)/cypress/psoc creator/3.3/psoc creator/import/gnu/arm/4.9.3/bin/../lib/gcc/arm-none-eabi/4.9.3/../../../../arm-none-eabi/lib/armv7-m\libg_nano.a(lib_a-init.o)
                0x00017538                __libc_init_array
 .text.memcpy   0x00017584       0x16 c:/program files (x86)/cypress/psoc creator/3.3/psoc creator/import/gnu/arm/4.9.3/bin/../lib/gcc/arm-none-eabi/4.9.3/../../../../arm-none-eabi/lib/armv7-m\libg_nano.a(lib_a-memcpy.o)
                0x00017584                memcpy
 .text.memset   0x0001759a       0x10 c:/program files (x86)/cypress/psoc creator/3.3/psoc creator/import/gnu/arm/4.9.3/bin/../lib/gcc/arm-none-eabi/4.9.3/../../../../arm-none-eabi/lib/armv7-m\libg_nano.a(lib_a-memset.o)
                0x0001759a                memset
 .text.match    0x000175aa       0x26 c:/program files (x86)/cypress/psoc creator/3.3/psoc creator/import/gnu/arm/4.9.3/bin/../lib/gcc/arm-none-eabi/4.9.3/../../../../arm-none-eabi/lib/armv7-m\libg_nano.a(lib_a-strtod.o)
 .text.sulp     0x000175d0       0x42 c:/program files (x86)/cypress/psoc creator/3.3/psoc creator/import/gnu/arm/4.9.3/bin/../lib/gcc/arm-none-eabi/4.9.3/../../../../arm-none-eabi/lib/armv7-m\libg_nano.a(lib_a-strtod.o)
 *fill*         0x00017612        0x6 
 .text._strtod_r
                0x00017618      0xc40 c:/program files (x86)/cypress/psoc creator/3.3/psoc creator/import/gnu/arm/4.9.3/bin/../lib/gcc/arm-none-eabi/4.9.3/../../../../arm-none-eabi/lib/armv7-m\libg_nano.a(lib_a-strtod.o)
                0x00017618                _strtod_r
 .text.strtod   0x00018258       0x14 c:/program files (x86)/cypress/psoc creator/3.3/psoc creator/import/gnu/arm/4.9.3/bin/../lib/gcc/arm-none-eabi/4.9.3/../../../../arm-none-eabi/lib/armv7-m\libg_nano.a(lib_a-strtod.o)
                0x00018258                strtod
 .text.rshift   0x0001826c       0x6c c:/program files (x86)/cypress/psoc creator/3.3/psoc creator/import/gnu/arm/4.9.3/bin/../lib/gcc/arm-none-eabi/4.9.3/../../../../arm-none-eabi/lib/armv7-m\libg_nano.a(lib_a-gdtoa-gethex.o)
 .text.__hexdig_fun
                0x000182d8       0x2a c:/program files (x86)/cypress/psoc creator/3.3/psoc creator/import/gnu/arm/4.9.3/bin/../lib/gcc/arm-none-eabi/4.9.3/../../../../arm-none-eabi/lib/armv7-m\libg_nano.a(lib_a-gdtoa-gethex.o)
                0x000182d8                __hexdig_fun
 .text.__gethex
                0x00018302      0x44a c:/program files (x86)/cypress/psoc creator/3.3/psoc creator/import/gnu/arm/4.9.3/bin/../lib/gcc/arm-none-eabi/4.9.3/../../../../arm-none-eabi/lib/armv7-m\libg_nano.a(lib_a-gdtoa-gethex.o)
                0x00018302                __gethex
 .text.L_shift  0x0001874c       0x24 c:/program files (x86)/cypress/psoc creator/3.3/psoc creator/import/gnu/arm/4.9.3/bin/../lib/gcc/arm-none-eabi/4.9.3/../../../../arm-none-eabi/lib/armv7-m\libg_nano.a(lib_a-gdtoa-hexnan.o)
 .text.__hexnan
                0x00018770      0x114 c:/program files (x86)/cypress/psoc creator/3.3/psoc creator/import/gnu/arm/4.9.3/bin/../lib/gcc/arm-none-eabi/4.9.3/../../../../arm-none-eabi/lib/armv7-m\libg_nano.a(lib_a-gdtoa-hexnan.o)
                0x00018770                __hexnan
 .text._localeconv_r
                0x00018884        0x8 c:/program files (x86)/cypress/psoc creator/3.3/psoc creator/import/gnu/arm/4.9.3/bin/../lib/gcc/arm-none-eabi/4.9.3/../../../../arm-none-eabi/lib/armv7-m\libg_nano.a(lib_a-locale.o)
                0x00018884                _localeconv_r
 .text._Balloc  0x0001888c       0x6a c:/program files (x86)/cypress/psoc creator/3.3/psoc creator/import/gnu/arm/4.9.3/bin/../lib/gcc/arm-none-eabi/4.9.3/../../../../arm-none-eabi/lib/armv7-m\libg_nano.a(lib_a-mprec.o)
                0x0001888c                _Balloc
 .text._Bfree   0x000188f6       0x2e c:/program files (x86)/cypress/psoc creator/3.3/psoc creator/import/gnu/arm/4.9.3/bin/../lib/gcc/arm-none-eabi/4.9.3/../../../../arm-none-eabi/lib/armv7-m\libg_nano.a(lib_a-mprec.o)
                0x000188f6                _Bfree
 .text.__multadd
                0x00018924       0x7c c:/program files (x86)/cypress/psoc creator/3.3/psoc creator/import/gnu/arm/4.9.3/bin/../lib/gcc/arm-none-eabi/4.9.3/../../../../arm-none-eabi/lib/armv7-m\libg_nano.a(lib_a-mprec.o)
                0x00018924                __multadd
 .text.__s2b    0x000189a0       0x80 c:/program files (x86)/cypress/psoc creator/3.3/psoc creator/import/gnu/arm/4.9.3/bin/../lib/gcc/arm-none-eabi/4.9.3/../../../../arm-none-eabi/lib/armv7-m\libg_nano.a(lib_a-mprec.o)
                0x000189a0                __s2b
 .text.__hi0bits
                0x00018a20       0x40 c:/program files (x86)/cypress/psoc creator/3.3/psoc creator/import/gnu/arm/4.9.3/bin/../lib/gcc/arm-none-eabi/4.9.3/../../../../arm-none-eabi/lib/armv7-m\libg_nano.a(lib_a-mprec.o)
                0x00018a20                __hi0bits
 .text.__lo0bits
                0x00018a60       0x5a c:/program files (x86)/cypress/psoc creator/3.3/psoc creator/import/gnu/arm/4.9.3/bin/../lib/gcc/arm-none-eabi/4.9.3/../../../../arm-none-eabi/lib/armv7-m\libg_nano.a(lib_a-mprec.o)
                0x00018a60                __lo0bits
 .text.__i2b    0x00018aba       0x12 c:/program files (x86)/cypress/psoc creator/3.3/psoc creator/import/gnu/arm/4.9.3/bin/../lib/gcc/arm-none-eabi/4.9.3/../../../../arm-none-eabi/lib/armv7-m\libg_nano.a(lib_a-mprec.o)
                0x00018aba                __i2b
 .text.__multiply
                0x00018acc      0x120 c:/program files (x86)/cypress/psoc creator/3.3/psoc creator/import/gnu/arm/4.9.3/bin/../lib/gcc/arm-none-eabi/4.9.3/../../../../arm-none-eabi/lib/armv7-m\libg_nano.a(lib_a-mprec.o)
                0x00018acc                __multiply
 .text.__pow5mult
                0x00018bec       0x9c c:/program files (x86)/cypress/psoc creator/3.3/psoc creator/import/gnu/arm/4.9.3/bin/../lib/gcc/arm-none-eabi/4.9.3/../../../../arm-none-eabi/lib/armv7-m\libg_nano.a(lib_a-mprec.o)
                0x00018bec                __pow5mult
 .text.__lshift
                0x00018c88       0xa6 c:/program files (x86)/cypress/psoc creator/3.3/psoc creator/import/gnu/arm/4.9.3/bin/../lib/gcc/arm-none-eabi/4.9.3/../../../../arm-none-eabi/lib/armv7-m\libg_nano.a(lib_a-mprec.o)
                0x00018c88                __lshift
 .text.__mcmp   0x00018d2e       0x38 c:/program files (x86)/cypress/psoc creator/3.3/psoc creator/import/gnu/arm/4.9.3/bin/../lib/gcc/arm-none-eabi/4.9.3/../../../../arm-none-eabi/lib/armv7-m\libg_nano.a(lib_a-mprec.o)
                0x00018d2e                __mcmp
 .text.__mdiff  0x00018d66       0xbe c:/program files (x86)/cypress/psoc creator/3.3/psoc creator/import/gnu/arm/4.9.3/bin/../lib/gcc/arm-none-eabi/4.9.3/../../../../arm-none-eabi/lib/armv7-m\libg_nano.a(lib_a-mprec.o)
                0x00018d66                __mdiff
 .text.__ulp    0x00018e24       0x48 c:/program files (x86)/cypress/psoc creator/3.3/psoc creator/import/gnu/arm/4.9.3/bin/../lib/gcc/arm-none-eabi/4.9.3/../../../../arm-none-eabi/lib/armv7-m\libg_nano.a(lib_a-mprec.o)
                0x00018e24                __ulp
 .text.__b2d    0x00018e6c       0x9e c:/program files (x86)/cypress/psoc creator/3.3/psoc creator/import/gnu/arm/4.9.3/bin/../lib/gcc/arm-none-eabi/4.9.3/../../../../arm-none-eabi/lib/armv7-m\libg_nano.a(lib_a-mprec.o)
                0x00018e6c                __b2d
 .text.__d2b    0x00018f0a       0xa4 c:/program files (x86)/cypress/psoc creator/3.3/psoc creator/import/gnu/arm/4.9.3/bin/../lib/gcc/arm-none-eabi/4.9.3/../../../../arm-none-eabi/lib/armv7-m\libg_nano.a(lib_a-mprec.o)
                0x00018f0a                __d2b
 .text.__ratio  0x00018fae       0x50 c:/program files (x86)/cypress/psoc creator/3.3/psoc creator/import/gnu/arm/4.9.3/bin/../lib/gcc/arm-none-eabi/4.9.3/../../../../arm-none-eabi/lib/armv7-m\libg_nano.a(lib_a-mprec.o)
                0x00018fae                __ratio
 .text.__copybits
                0x00018ffe       0x34 c:/program files (x86)/cypress/psoc creator/3.3/psoc creator/import/gnu/arm/4.9.3/bin/../lib/gcc/arm-none-eabi/4.9.3/../../../../arm-none-eabi/lib/armv7-m\libg_nano.a(lib_a-mprec.o)
                0x00018ffe                __copybits
 .text.__any_on
                0x00019032       0x44 c:/program files (x86)/cypress/psoc creator/3.3/psoc creator/import/gnu/arm/4.9.3/bin/../lib/gcc/arm-none-eabi/4.9.3/../../../../arm-none-eabi/lib/armv7-m\libg_nano.a(lib_a-mprec.o)
                0x00019032                __any_on
 .text._calloc_r
                0x00019076       0x1c c:/program files (x86)/cypress/psoc creator/3.3/psoc creator/import/gnu/arm/4.9.3/bin/../lib/gcc/arm-none-eabi/4.9.3/../../../../arm-none-eabi/lib/armv7-m\libg_nano.a(lib_a-nano-callocr.o)
                0x00019076                _calloc_r
 *fill*         0x00019092        0x2 
 .text._malloc_r
                0x00019094       0xac c:/program files (x86)/cypress/psoc creator/3.3/psoc creator/import/gnu/arm/4.9.3/bin/../lib/gcc/arm-none-eabi/4.9.3/../../../../arm-none-eabi/lib/armv7-m\libg_nano.a(lib_a-nano-mallocr.o)
                0x00019094                _malloc_r
 .text._sbrk_r  0x00019140       0x20 c:/program files (x86)/cypress/psoc creator/3.3/psoc creator/import/gnu/arm/4.9.3/bin/../lib/gcc/arm-none-eabi/4.9.3/../../../../arm-none-eabi/lib/armv7-m\libg_nano.a(lib_a-sbrkr.o)
                0x00019140                _sbrk_r
 .text.strlen   0x00019160       0x10 c:/program files (x86)/cypress/psoc creator/3.3/psoc creator/import/gnu/arm/4.9.3/bin/../lib/gcc/arm-none-eabi/4.9.3/../../../../arm-none-eabi/lib/armv7-m\libg_nano.a(lib_a-strlen.o)
                0x00019160                strlen
 .text.strncmp  0x00019170       0x32 c:/program files (x86)/cypress/psoc creator/3.3/psoc creator/import/gnu/arm/4.9.3/bin/../lib/gcc/arm-none-eabi/4.9.3/../../../../arm-none-eabi/lib/armv7-m\libg_nano.a(lib_a-strncmp.o)
                0x00019170                strncmp
 *fill*         0x000191a2        0x2 
 .text.malloc   0x000191a4       0x10 c:/program files (x86)/cypress/psoc creator/3.3/psoc creator/import/gnu/arm/4.9.3/bin/../lib/gcc/arm-none-eabi/4.9.3/../../../../arm-none-eabi/lib/armv7-m\libg_nano.a(lib_a-malloc.o)
                0x000191a4                malloc
 .text          0x000191b4      0x370 c:/program files (x86)/cypress/psoc creator/3.3/psoc creator/import/gnu/arm/4.9.3/bin/../lib/gcc/arm-none-eabi/4.9.3/armv7-m\libgcc.a(_arm_addsubdf3.o)
                0x000191b4                __aeabi_drsub
                0x000191bc                __aeabi_dsub
                0x000191bc                __subdf3
                0x000191c0                __aeabi_dadd
                0x000191c0                __adddf3
                0x00019438                __floatunsidf
                0x00019438                __aeabi_ui2d
                0x00019458                __floatsidf
                0x00019458                __aeabi_i2d
                0x0001947c                __aeabi_f2d
                0x0001947c                __extendsfdf2
                0x000194b8                __floatundidf
                0x000194b8                __aeabi_ul2d
                0x000194c8                __floatdidf
                0x000194c8                __aeabi_l2d
 .text          0x00019524      0x424 c:/program files (x86)/cypress/psoc creator/3.3/psoc creator/import/gnu/arm/4.9.3/bin/../lib/gcc/arm-none-eabi/4.9.3/armv7-m\libgcc.a(_arm_muldivdf3.o)
                0x00019524                __aeabi_dmul
                0x00019524                __muldf3
                0x00019778                __divdf3
                0x00019778                __aeabi_ddiv
 .text          0x00019948       0x50 c:/program files (x86)/cypress/psoc creator/3.3/psoc creator/import/gnu/arm/4.9.3/bin/../lib/gcc/arm-none-eabi/4.9.3/armv7-m\libgcc.a(_arm_fixdfsi.o)
                0x00019948                __aeabi_d2iz
                0x00019948                __fixdfsi
 .text          0x00019998       0x40 c:/program files (x86)/cypress/psoc creator/3.3/psoc creator/import/gnu/arm/4.9.3/bin/../lib/gcc/arm-none-eabi/4.9.3/armv7-m\libgcc.a(_arm_fixunsdfsi.o)
                0x00019998                __aeabi_d2uiz
                0x00019998                __fixunsdfsi
 *(.plt)
 *(.gnu.warning)
 *(.glue_7t)
 .glue_7t       0x00000000        0x0 linker stubs
 *(.glue_7)
 .glue_7        0x00000000        0x0 linker stubs
 *(.vfp11_veneer)
 .vfp11_veneer  0x00000000        0x0 linker stubs
 *(.bootloader)
 *(.ARM.extab* .gnu.linkonce.armextab.*)
 *(.gcc_except_table)

.v4_bx          0x000199d8        0x0
 .v4_bx         0x00000000        0x0 linker stubs

.iplt           0x000199d8        0x0
 .iplt          0x00000000        0x0 c:/program files (x86)/cypress/psoc creator/3.3/psoc creator/import/gnu/arm/4.9.3/bin/../lib/gcc/arm-none-eabi/4.9.3/armv7-m/crtbegin.o

.eh_frame_hdr
 *(.eh_frame_hdr)

.eh_frame       0x000199d8        0x4
 *(.eh_frame)
 .eh_frame      0x000199d8        0x0 c:/program files (x86)/cypress/psoc creator/3.3/psoc creator/import/gnu/arm/4.9.3/bin/../lib/gcc/arm-none-eabi/4.9.3/armv7-m/crtbegin.o
 .eh_frame      0x000199d8        0x0 c:/program files (x86)/cypress/psoc creator/3.3/psoc creator/import/gnu/arm/4.9.3/bin/../lib/gcc/arm-none-eabi/4.9.3/../../../../arm-none-eabi/lib/armv7-m\libg_nano.a(lib_a-strcmp.o)
                                 0x28 (size before relaxing)
 .eh_frame      0x000199d8        0x4 c:/program files (x86)/cypress/psoc creator/3.3/psoc creator/import/gnu/arm/4.9.3/bin/../lib/gcc/arm-none-eabi/4.9.3/armv7-m/crtend.o
                0x000199dc                PROVIDE (__exidx_start, .)

.ARM.exidx
 *(.ARM.exidx* .gnu.linkonce.armexidx.*)
                0x000199dc                __exidx_end = .

.rodata         0x000199e0     0x3aa8
 *(.rodata .rodata.* .gnu.linkonce.r.*)
 .rodata        0x000199e0      0x100 .\CortexM3\ARM_GCC_493\Debug\main.o
 .rodata        0x00019ae0        0xc .\CortexM3\ARM_GCC_493\Debug\Protocolo.o
 .rodata        0x00019aec     0x3750 .\CortexM3\ARM_GCC_493\Debug\Print.o
                0x00019aec                biomax
                0x00019e9c                brio
                0x0001a24c                cencosud
                0x0001a5fc                ecospetrol
                0x0001a9ac                esso
                0x0001ad5c                exito
                0x0001b10c                gulf
                0x0001b4bc                mineroil
                0x0001b86c                mobil
                0x0001bc1c                petrobras
                0x0001bfcc                plus
                0x0001c37c                terpel
                0x0001c72c                texaco
                0x0001cadc                zeus
                0x0001ce8c                petromil
 .rodata        0x0001d23c       0x48 .\CortexM3\ARM_GCC_493\Debug\LCD.o
 .rodata        0x0001d284       0x64 .\CortexM3\ARM_GCC_493\Debug\MUX_Prime.a(cyfitter_cfg.o)
 .rodata.str1.1
                0x0001d2e8        0x2 c:/program files (x86)/cypress/psoc creator/3.3/psoc creator/import/gnu/arm/4.9.3/bin/../lib/gcc/arm-none-eabi/4.9.3/../../../../arm-none-eabi/lib/armv7-m\libg_nano.a(lib_a-impure.o)
 *fill*         0x0001d2ea        0x2 
 .rodata.fpinan.5309
                0x0001d2ec       0x14 c:/program files (x86)/cypress/psoc creator/3.3/psoc creator/import/gnu/arm/4.9.3/bin/../lib/gcc/arm-none-eabi/4.9.3/../../../../arm-none-eabi/lib/armv7-m\libg_nano.a(lib_a-strtod.o)
 .rodata.str1.1
                0x0001d300        0xc c:/program files (x86)/cypress/psoc creator/3.3/psoc creator/import/gnu/arm/4.9.3/bin/../lib/gcc/arm-none-eabi/4.9.3/../../../../arm-none-eabi/lib/armv7-m\libg_nano.a(lib_a-strtod.o)
 *fill*         0x0001d30c        0x4 
 .rodata.tinytens
                0x0001d310       0x28 c:/program files (x86)/cypress/psoc creator/3.3/psoc creator/import/gnu/arm/4.9.3/bin/../lib/gcc/arm-none-eabi/4.9.3/../../../../arm-none-eabi/lib/armv7-m\libg_nano.a(lib_a-strtod.o)
 .rodata.fpi.5273
                0x0001d338       0x14 c:/program files (x86)/cypress/psoc creator/3.3/psoc creator/import/gnu/arm/4.9.3/bin/../lib/gcc/arm-none-eabi/4.9.3/../../../../arm-none-eabi/lib/armv7-m\libg_nano.a(lib_a-strtod.o)
 .rodata.str1.1
                0x0001d34c        0x8 c:/program files (x86)/cypress/psoc creator/3.3/psoc creator/import/gnu/arm/4.9.3/bin/../lib/gcc/arm-none-eabi/4.9.3/../../../../arm-none-eabi/lib/armv7-m\libg_nano.a(lib_a-locale.o)
                                  0xb (size before relaxing)
 *fill*         0x0001d354        0x4 
 .rodata.__mprec_tens
                0x0001d358       0xc8 c:/program files (x86)/cypress/psoc creator/3.3/psoc creator/import/gnu/arm/4.9.3/bin/../lib/gcc/arm-none-eabi/4.9.3/../../../../arm-none-eabi/lib/armv7-m\libg_nano.a(lib_a-mprec.o)
                0x0001d358                __mprec_tens
 .rodata.__mprec_bigtens
                0x0001d420       0x28 c:/program files (x86)/cypress/psoc creator/3.3/psoc creator/import/gnu/arm/4.9.3/bin/../lib/gcc/arm-none-eabi/4.9.3/../../../../arm-none-eabi/lib/armv7-m\libg_nano.a(lib_a-mprec.o)
                0x0001d420                __mprec_bigtens
 .rodata.p05.5308
                0x0001d448        0xc c:/program files (x86)/cypress/psoc creator/3.3/psoc creator/import/gnu/arm/4.9.3/bin/../lib/gcc/arm-none-eabi/4.9.3/../../../../arm-none-eabi/lib/armv7-m\libg_nano.a(lib_a-mprec.o)
                0x0001d454                . = ALIGN (0x4)
 *(.init)
 .init          0x0001d454        0x4 c:/program files (x86)/cypress/psoc creator/3.3/psoc creator/import/gnu/arm/4.9.3/bin/../lib/gcc/arm-none-eabi/4.9.3/armv7-m/crti.o
                0x0001d454                _init
 .init          0x0001d458        0x8 c:/program files (x86)/cypress/psoc creator/3.3/psoc creator/import/gnu/arm/4.9.3/bin/../lib/gcc/arm-none-eabi/4.9.3/armv7-m/crtn.o
                0x0001d460                . = ALIGN (0x4)
                0x0001d460                __preinit_array_start = .
 *(.preinit_array)
                0x0001d460                __preinit_array_end = .
                0x0001d460                . = ALIGN (0x4)
                0x0001d460                __init_array_start = .
 *(SORT(.init_array.*))
 *(.init_array)
 .init_array    0x0001d460        0x4 c:/program files (x86)/cypress/psoc creator/3.3/psoc creator/import/gnu/arm/4.9.3/bin/../lib/gcc/arm-none-eabi/4.9.3/armv7-m/crtbegin.o
 .init_array    0x0001d464        0x4 .\CortexM3\ARM_GCC_493\Debug\Cm3Start.o
                0x0001d468                __init_array_end = .
                0x0001d468                . = ALIGN (0x4)
 *(.fini)
 .fini          0x0001d468        0x4 c:/program files (x86)/cypress/psoc creator/3.3/psoc creator/import/gnu/arm/4.9.3/bin/../lib/gcc/arm-none-eabi/4.9.3/armv7-m/crti.o
                0x0001d468                _fini
 .fini          0x0001d46c        0x8 c:/program files (x86)/cypress/psoc creator/3.3/psoc creator/import/gnu/arm/4.9.3/bin/../lib/gcc/arm-none-eabi/4.9.3/armv7-m/crtn.o
                0x0001d474                . = ALIGN (0x4)
                0x0001d474                __fini_array_start = .
 *(.fini_array)
 .fini_array    0x0001d474        0x4 c:/program files (x86)/cypress/psoc creator/3.3/psoc creator/import/gnu/arm/4.9.3/bin/../lib/gcc/arm-none-eabi/4.9.3/armv7-m/crtbegin.o
 *(SORT(.fini_array.*))
                0x0001d478                __fini_array_end = .
                0x0001d478                . = ALIGN (0x4)
 *crtbegin.o(.ctors)
 *(EXCLUDE_FILE(*crtend.o) .ctors)
 *(SORT(.ctors.*))
 *crtend.o(.ctors)
                0x0001d478                . = ALIGN (0x4)
 *crtbegin.o(.dtors)
 *(EXCLUDE_FILE(*crtend.o) .dtors)
 *(SORT(.dtors.*))
 *crtend.o(.dtors)
                0x0001d478                . = ALIGN (0x4)
                0x0001d478                __cy_regions = .
                0x0001d478        0x4 LONG 0x1d488 __cy_region_init_ram
                0x0001d47c        0x4 LONG 0x1fff8108 __cy_region_start_data
                0x0001d480        0x4 LONG 0x270 __cy_region_init_size_ram
                0x0001d484        0x4 LONG 0xd10 __cy_region_zero_size_ram
                0x0001d488                __cy_regions_end = .
                0x0001d488                . = ALIGN (0x8)
                0x0001d488                _etext = .

.ramvectors     0x1fff8000      0x100
                0x1fff8000                __cy_region_start_ram = .
 *(.ramvectors)
 .ramvectors    0x1fff8000      0x100 .\CortexM3\ARM_GCC_493\Debug\Cm3Start.o
                0x1fff8000                CyRamVectors

.noinit         0x1fff8100        0x5
 *(.noinit)
 .noinit        0x1fff8100        0x4 .\CortexM3\ARM_GCC_493\Debug\Cm3Start.o
 .noinit        0x1fff8104        0x1 .\CortexM3\ARM_GCC_493\Debug\MUX_Prime.a(CyLib.o)
                0x1fff8104                CyResetStatus

.data           0x1fff8108      0x270 load address 0x0001d488
                0x1fff8108                __cy_region_start_data = .
 *(.jcr)
 .jcr           0x1fff8108        0x0 c:/program files (x86)/cypress/psoc creator/3.3/psoc creator/import/gnu/arm/4.9.3/bin/../lib/gcc/arm-none-eabi/4.9.3/armv7-m/crtbegin.o
 .jcr           0x1fff8108        0x4 c:/program files (x86)/cypress/psoc creator/3.3/psoc creator/import/gnu/arm/4.9.3/bin/../lib/gcc/arm-none-eabi/4.9.3/armv7-m/crtend.o
 *(.got.plt)
 *(.got)
 *(.shdata)
 *(.data .data.* .gnu.linkonce.d.*)
 .data          0x1fff810c       0x64 .\CortexM3\ARM_GCC_493\Debug\main.o
                0x1fff810c                letras
                0x1fff8128                clave_config
                0x1fff8130                test
                0x1fff8144                msn_errort
                0x1fff815c                msn_errorv
 .data          0x1fff8170      0x158 .\CortexM3\ARM_GCC_493\Debug\Print.o
                0x1fff8170                msn_eds
                0x1fff8184                msn_nit
                0x1fff8188                msn_tel
                0x1fff818c                msn_fecha
                0x1fff8194                msn_hora
                0x1fff819c                msn_pos
                0x1fff81a8                msn_ppu
                0x1fff81b8                msn_vol
                0x1fff81c8                msn_din
                0x1fff81d8                msn_placa
                0x1fff81e4                msn_cuenta
                0x1fff81f0                msn_km
                0x1fff81fc                msn_id
                0x1fff8208                msn_copia
                0x1fff8210                msn_corriente
                0x1fff821c                msn_diesel
                0x1fff8224                msn_extra
                0x1fff822c                msn_producto
                0x1fff8238                msn_fcorte
                0x1fff8248                msn_hcorte
                0x1fff8258                msn_ufcorte
                0x1fff8270                msn_uhcorte
                0x1fff8288                msn_lema1
                0x1fff82a8                msn_lema2
 .data          0x1fff82c8        0x4 .\CortexM3\ARM_GCC_493\Debug\Cm3Start.o
 .data          0x1fff82cc       0x10 .\CortexM3\ARM_GCC_493\Debug\MUX_Prime.a(CyLib.o)
                0x1fff82cc                cydelay_freq_hz
                0x1fff82d0                cydelay_freq_khz
                0x1fff82d4                cydelay_freq_mhz
                0x1fff82d8                cydelay_32k_ms
 .data.impure_data
                0x1fff82dc       0x60 c:/program files (x86)/cypress/psoc creator/3.3/psoc creator/import/gnu/arm/4.9.3/bin/../lib/gcc/arm-none-eabi/4.9.3/../../../../arm-none-eabi/lib/armv7-m\libg_nano.a(lib_a-impure.o)
 .data._impure_ptr
                0x1fff833c        0x4 c:/program files (x86)/cypress/psoc creator/3.3/psoc creator/import/gnu/arm/4.9.3/bin/../lib/gcc/arm-none-eabi/4.9.3/../../../../arm-none-eabi/lib/armv7-m\libg_nano.a(lib_a-impure.o)
                0x1fff833c                _impure_ptr
 .data.lconv    0x1fff8340       0x38 c:/program files (x86)/cypress/psoc creator/3.3/psoc creator/import/gnu/arm/4.9.3/bin/../lib/gcc/arm-none-eabi/4.9.3/../../../../arm-none-eabi/lib/armv7-m\libg_nano.a(lib_a-locale.o)
                0x1fff8378                . = ALIGN (0x8)
 *(.ram)
                0x1fff8378                _edata = .

.igot.plt       0x1fff8378        0x0 load address 0x0001d6f8
 .igot.plt      0x00000000        0x0 c:/program files (x86)/cypress/psoc creator/3.3/psoc creator/import/gnu/arm/4.9.3/bin/../lib/gcc/arm-none-eabi/4.9.3/armv7-m/crtbegin.o

.bss            0x1fff8378      0xd10 load address 0x0001d6f8
                0x1fff8378                PROVIDE (__bss_start__, .)
 *(.shbss)
 *(.bss .bss.* .gnu.linkonce.b.*)
 .bss           0x1fff8378       0x1c c:/program files (x86)/cypress/psoc creator/3.3/psoc creator/import/gnu/arm/4.9.3/bin/../lib/gcc/arm-none-eabi/4.9.3/armv7-m/crtbegin.o
 .bss           0x1fff8394        0xa .\CortexM3\ARM_GCC_493\Debug\MUX_Prime.a(Surtidor.o)
                0x1fff8394                Surtidor_initVar
                0x1fff8395                Surtidor_errorStatus
                0x1fff8396                Surtidor_rxBufferRead
                0x1fff8398                Surtidor_rxBufferWrite
                0x1fff839a                Surtidor_rxBufferLoopDetect
                0x1fff839b                Surtidor_rxBufferOverflow
 .bss           0x1fff839e        0x2 .\CortexM3\ARM_GCC_493\Debug\MUX_Prime.a(Impresora.o)
                0x1fff839e                Impresora_initVar
 .bss           0x1fff83a0        0xa .\CortexM3\ARM_GCC_493\Debug\MUX_Prime.a(PC.o)
                0x1fff83a0                PC_initVar
                0x1fff83a1                PC_errorStatus
                0x1fff83a2                PC_rxBufferRead
                0x1fff83a4                PC_rxBufferWrite
                0x1fff83a6                PC_rxBufferLoopDetect
                0x1fff83a7                PC_rxBufferOverflow
 .bss           0x1fff83aa        0x1 .\CortexM3\ARM_GCC_493\Debug\MUX_Prime.a(I2C_1.o)
                0x1fff83aa                I2C_1_initVar
 .bss           0x1fff83ab        0x7 .\CortexM3\ARM_GCC_493\Debug\MUX_Prime.a(LCD_1.o)
                0x1fff83ab                LCD_1_initVar
                0x1fff83ac                LCD_1_errorStatus
                0x1fff83ad                LCD_1_rxBufferRead
                0x1fff83ae                LCD_1_rxBufferWrite
                0x1fff83af                LCD_1_rxBufferLoopDetect
                0x1fff83b0                LCD_1_rxBufferOverflow
 .bss           0x1fff83b2        0x7 .\CortexM3\ARM_GCC_493\Debug\MUX_Prime.a(LCD_2.o)
                0x1fff83b2                LCD_2_initVar
                0x1fff83b3                LCD_2_errorStatus
                0x1fff83b4                LCD_2_rxBufferRead
                0x1fff83b5                LCD_2_rxBufferWrite
                0x1fff83b6                LCD_2_rxBufferLoopDetect
                0x1fff83b7                LCD_2_rxBufferOverflow
 .bss           0x1fff83b9        0x1 .\CortexM3\ARM_GCC_493\Debug\MUX_Prime.a(Timer_Animacion.o)
                0x1fff83b9                Timer_Animacion_initVar
 .bss           0x1fff83ba        0x1 .\CortexM3\ARM_GCC_493\Debug\MUX_Prime.a(Timer_Animacion2.o)
                0x1fff83ba                Timer_Animacion2_initVar
 .bss           0x1fff83bb        0x1 .\CortexM3\ARM_GCC_493\Debug\MUX_Prime.a(Timer_Modo.o)
                0x1fff83bb                Timer_Modo_initVar
 .bss           0x1fff83bc        0x1 .\CortexM3\ARM_GCC_493\Debug\MUX_Prime.a(Timer_RxSurtidor.o)
                0x1fff83bc                Timer_RxSurtidor_initVar
 *fill*         0x1fff83bd        0x3 
 .bss.__malloc_sbrk_start
                0x1fff83c0        0x4 c:/program files (x86)/cypress/psoc creator/3.3/psoc creator/import/gnu/arm/4.9.3/bin/../lib/gcc/arm-none-eabi/4.9.3/../../../../arm-none-eabi/lib/armv7-m\libg_nano.a(lib_a-nano-mallocr.o)
                0x1fff83c0                __malloc_sbrk_start
 .bss.__malloc_free_list
                0x1fff83c4        0x4 c:/program files (x86)/cypress/psoc creator/3.3/psoc creator/import/gnu/arm/4.9.3/bin/../lib/gcc/arm-none-eabi/4.9.3/../../../../arm-none-eabi/lib/armv7-m\libg_nano.a(lib_a-nano-mallocr.o)
                0x1fff83c4                __malloc_free_list
 *(COMMON)
 COMMON         0x1fff83c8      0x5b0 .\CortexM3\ARM_GCC_493\Debug\main.o
                0x1fff83c8                lado4
                0x1fff8428                rventa4
                0x1fff8489                comas1
                0x1fff848c                lado2
                0x1fff84e9                id_coma1
                0x1fff84ec                km
                0x1fff84ee                flujo_LCD3
                0x1fff84ef                count_protector2
                0x1fff84f0                hora
                0x1fff84f4                nit
                0x1fff8503                id_teclado1
                0x1fff8504                version
                0x1fff8508                posy1
                0x1fff850c                direccion
                0x1fff852e                imagen_grado2
                0x1fff8530                lema2
                0x1fff8550                crc_total
                0x1fff8551                id_teclado2
                0x1fff8552                ok_datosRF
                0x1fff8553                id_coma2
                0x1fff8554                idaux
                0x1fff855c                sizeletra1
                0x1fff855e                flujo_LCD2
                0x1fff8560                sizeletra2
                0x1fff8562                estado_lcd2
                0x1fff8563                teclas1
                0x1fff8564                comas2
                0x1fff8565                ok_RF
                0x1fff8568                buffer_i2c
                0x1fff85a8                nombre_pro2
                0x1fff85b9                flujo_LCD4
                0x1fff85bc                rf_mod
                0x1fff8684                count_protector
                0x1fff8688                rventa3
                0x1fff86ec                id_logo
                0x1fff86ee                ppux10
                0x1fff86ef                estado_lcd1
                0x1fff86f0                lado3
                0x1fff874d                count_teclas1
                0x1fff874e                posy2
                0x1fff8750                state_rf
                0x1fff8754                nombre_pro1
                0x1fff8766                imagen_grado1
                0x1fff8768                flujo_LCD1
                0x1fff876c                rventa2
                0x1fff87d0                telefono
                0x1fff87e4                print1
                0x1fff87e6                posx2
                0x1fff87e8                nombre_pro3
                0x1fff87fc                password_lcd
                0x1fff8808                fecha
                0x1fff880c                imagen_grado3
                0x1fff8810                nombre
                0x1fff8834                Buffer_LCD1
                0x1fff8852                teclas2
                0x1fff8853                espera
                0x1fff8854                print2
                0x1fff8858                lado1
                0x1fff88b6                posx1
                0x1fff88b8                estado_pos
                0x1fff88bc                count_teclas2
                0x1fff88c0                lema1
                0x1fff88e0                rventa1
                0x1fff8942                imagen_grado4
                0x1fff8944                bloqueo_LCD
                0x1fff8948                Buffer_LCD2
                0x1fff8968                prox_caso
 COMMON         0x1fff8978        0x1 .\CortexM3\ARM_GCC_493\Debug\Protocolo.o
                0x1fff8978                rx_timeout
 *fill*         0x1fff8979        0x3 
 COMMON         0x1fff897c      0x100 .\CortexM3\ARM_GCC_493\Debug\MUX_Prime.a(Surtidor.o)
                0x1fff897c                Surtidor_rxBuffer
 COMMON         0x1fff8a7c      0x5dc .\CortexM3\ARM_GCC_493\Debug\MUX_Prime.a(PC.o)
                0x1fff8a7c                PC_rxBuffer
 COMMON         0x1fff9058        0x1 .\CortexM3\ARM_GCC_493\Debug\MUX_Prime.a(I2C_1.o)
                0x1fff9058                I2C_1_state
 *fill*         0x1fff9059        0x3 
 COMMON         0x1fff905c       0x11 .\CortexM3\ARM_GCC_493\Debug\MUX_Prime.a(I2C_1_MASTER.o)
                0x1fff905c                I2C_1_mstrWrBufIndex
                0x1fff905d                I2C_1_mstrControl
                0x1fff905e                I2C_1_mstrStatus
                0x1fff905f                I2C_1_mstrWrBufSize
                0x1fff9060                I2C_1_mstrRdBufIndex
                0x1fff9064                I2C_1_mstrWrBufPtr
                0x1fff9068                I2C_1_mstrRdBufPtr
                0x1fff906c                I2C_1_mstrRdBufSize
 *fill*         0x1fff906d        0x3 
 COMMON         0x1fff9070        0x8 .\CortexM3\ARM_GCC_493\Debug\MUX_Prime.a(LCD_1.o)
                0x1fff9070                LCD_1_rxBuffer
 COMMON         0x1fff9078        0x8 .\CortexM3\ARM_GCC_493\Debug\MUX_Prime.a(LCD_2.o)
                0x1fff9078                LCD_2_rxBuffer
 COMMON         0x1fff9080        0x4 c:/program files (x86)/cypress/psoc creator/3.3/psoc creator/import/gnu/arm/4.9.3/bin/../lib/gcc/arm-none-eabi/4.9.3/../../../../arm-none-eabi/lib/armv7-m\libg_nano.a(lib_a-reent.o)
                0x1fff9080                errno
                0x1fff9088                . = ALIGN (0x8)
 *fill*         0x1fff9084        0x4 
 *(.ram.b)
                0x1fff9088                _end = .
                0x1fff9088                __end = .
                0x1fff9088                PROVIDE (end, .)
                0x1fff9088                PROVIDE (__bss_end__, .)
                0x0001d488                __cy_region_init_ram = LOADADDR (.data)
                0x00000270                __cy_region_init_size_ram = (_edata - ADDR (.data))
                0x00000d10                __cy_region_zero_size_ram = (_end - _edata)

.heap           0x1fff9088     0x1000 load address 0x0001d6f8
                0x1fff9088                . = _end
                0x1fffa088                . = (. + 0x1000)
 *fill*         0x1fff9088     0x1000 
                0x1fffa088                __cy_heap_limit = .

.stack          0x20004000     0x4000
                0x20004000                __cy_stack_limit = .
                0x20008000                . = (. + 0x4000)
 *fill*         0x20004000     0x4000 
                0x00000001                ASSERT ((__cy_stack_limit >= __cy_heap_limit), region RAM overflowed with stack)

.cyloadermeta
 *(.cyloadermeta)

.cyloadablemeta
 *(.cyloadablemeta)

.cyconfigecc    0x80000000     0x10ac
 *(.cyconfigecc)
 .cyconfigecc   0x80000000     0x10ac .\CortexM3\ARM_GCC_493\Debug\cymetadata.o
                0x80000000                cy_meta_configecc

.cycustnvl      0x90000000        0x4
 *(.cycustnvl)
 .cycustnvl     0x90000000        0x4 .\CortexM3\ARM_GCC_493\Debug\cymetadata.o
                0x90000000                cy_meta_custnvl

.cywolatch      0x90100000        0x4
 *(.cywolatch)
 .cywolatch     0x90100000        0x4 .\CortexM3\ARM_GCC_493\Debug\cymetadata.o
                0x90100000                cy_meta_wonvl

.cyeeprom       0x90200000        0x0
 *(.cyeeprom)
                0x00000001                ASSERT ((. <= ((0x90200000 + ee_offset) + ee_size)), .cyeeprom data will not fit in EEPROM)

.cyflashprotect
                0x90400000      0x100
 *(.cyflashprotect)
 .cyflashprotect
                0x90400000      0x100 .\CortexM3\ARM_GCC_493\Debug\cymetadata.o
                0x90400000                cy_meta_flashprotect

.cymeta         0x90500000        0xc
 *(.cymeta)
 .cymeta        0x90500000        0xc .\CortexM3\ARM_GCC_493\Debug\cymetadata.o
                0x90500000                cy_metadata

.rel.dyn        0x0001d6f8        0x0 load address 0x9050000c
 .rel.iplt      0x00000000        0x0 c:/program files (x86)/cypress/psoc creator/3.3/psoc creator/import/gnu/arm/4.9.3/bin/../lib/gcc/arm-none-eabi/4.9.3/armv7-m/crtbegin.o

.stab
 *(.stab)

.stabstr
 *(.stabstr)

.debug
 *(.debug)

.line
 *(.line)

.debug_srcinfo
 *(.debug_srcinfo)

.debug_sfnames
 *(.debug_sfnames)

.debug_aranges  0x00000000     0x13c8
 *(.debug_aranges)
 .debug_aranges
                0x00000000       0xa0 .\CortexM3\ARM_GCC_493\Debug\main.o
 .debug_aranges
                0x000000a0       0x68 .\CortexM3\ARM_GCC_493\Debug\Protocolo.o
 .debug_aranges
                0x00000108       0x28 .\CortexM3\ARM_GCC_493\Debug\Print.o
 .debug_aranges
                0x00000130       0x40 .\CortexM3\ARM_GCC_493\Debug\LCD.o
 .debug_aranges
                0x00000170       0x38 .\CortexM3\ARM_GCC_493\Debug\ibuton.o
 .debug_aranges
                0x000001a8       0x50 .\CortexM3\ARM_GCC_493\Debug\I2C.o
 .debug_aranges
                0x000001f8       0x48 .\CortexM3\ARM_GCC_493\Debug\Cm3Start.o
 .debug_aranges
                0x00000240       0x18 .\CortexM3\ARM_GCC_493\Debug\cymetadata.o
 .debug_aranges
                0x00000258       0x60 .\CortexM3\ARM_GCC_493\Debug\MUX_Prime.a(cyfitter_cfg.o)
 .debug_aranges
                0x000002b8       0x20 .\CortexM3\ARM_GCC_493\Debug\MUX_Prime.a(CyBootAsmGnu.o)
 .debug_aranges
                0x000002d8      0x298 .\CortexM3\ARM_GCC_493\Debug\MUX_Prime.a(CyLib.o)
 .debug_aranges
                0x00000570       0x98 .\CortexM3\ARM_GCC_493\Debug\MUX_Prime.a(cyPm.o)
 .debug_aranges
                0x00000608       0xf0 .\CortexM3\ARM_GCC_493\Debug\MUX_Prime.a(Surtidor.o)
 .debug_aranges
                0x000006f8       0x20 .\CortexM3\ARM_GCC_493\Debug\MUX_Prime.a(Surtidor_INT.o)
 .debug_aranges
                0x00000718       0xf0 .\CortexM3\ARM_GCC_493\Debug\MUX_Prime.a(Impresora.o)
 .debug_aranges
                0x00000808       0xf0 .\CortexM3\ARM_GCC_493\Debug\MUX_Prime.a(PC.o)
 .debug_aranges
                0x000008f8       0x20 .\CortexM3\ARM_GCC_493\Debug\MUX_Prime.a(PC_INT.o)
 .debug_aranges
                0x00000918       0x38 .\CortexM3\ARM_GCC_493\Debug\MUX_Prime.a(I2C_1.o)
 .debug_aranges
                0x00000950       0x20 .\CortexM3\ARM_GCC_493\Debug\MUX_Prime.a(I2C_1_INT.o)
 .debug_aranges
                0x00000970       0x38 .\CortexM3\ARM_GCC_493\Debug\MUX_Prime.a(I2C_1_PM.o)
 .debug_aranges
                0x000009a8       0x80 .\CortexM3\ARM_GCC_493\Debug\MUX_Prime.a(I2C_1_MASTER.o)
 .debug_aranges
                0x00000a28       0x38 .\CortexM3\ARM_GCC_493\Debug\MUX_Prime.a(Pin_WP.o)
 .debug_aranges
                0x00000a60       0x80 .\CortexM3\ARM_GCC_493\Debug\MUX_Prime.a(isr_1.o)
 .debug_aranges
                0x00000ae0       0x70 .\CortexM3\ARM_GCC_493\Debug\MUX_Prime.a(Impresora_IntClock.o)
 .debug_aranges
                0x00000b50       0x70 .\CortexM3\ARM_GCC_493\Debug\MUX_Prime.a(PC_IntClock.o)
 .debug_aranges
                0x00000bc0       0xf0 .\CortexM3\ARM_GCC_493\Debug\MUX_Prime.a(LCD_1.o)
 .debug_aranges
                0x00000cb0       0x20 .\CortexM3\ARM_GCC_493\Debug\MUX_Prime.a(LCD_1_INT.o)
 .debug_aranges
                0x00000cd0       0xf0 .\CortexM3\ARM_GCC_493\Debug\MUX_Prime.a(LCD_2.o)
 .debug_aranges
                0x00000dc0       0x20 .\CortexM3\ARM_GCC_493\Debug\MUX_Prime.a(LCD_2_INT.o)
 .debug_aranges
                0x00000de0       0x70 .\CortexM3\ARM_GCC_493\Debug\MUX_Prime.a(LCD_1_IntClock.o)
 .debug_aranges
                0x00000e50       0x70 .\CortexM3\ARM_GCC_493\Debug\MUX_Prime.a(LCD_2_IntClock.o)
 .debug_aranges
                0x00000ec0       0x38 .\CortexM3\ARM_GCC_493\Debug\MUX_Prime.a(IB1.o)
 .debug_aranges
                0x00000ef8       0x38 .\CortexM3\ARM_GCC_493\Debug\MUX_Prime.a(IB2.o)
 .debug_aranges
                0x00000f30       0x80 .\CortexM3\ARM_GCC_493\Debug\MUX_Prime.a(isr_3.o)
 .debug_aranges
                0x00000fb0       0x88 .\CortexM3\ARM_GCC_493\Debug\MUX_Prime.a(Timer_Animacion.o)
 .debug_aranges
                0x00001038       0x88 .\CortexM3\ARM_GCC_493\Debug\MUX_Prime.a(Timer_Animacion2.o)
 .debug_aranges
                0x000010c0       0x80 .\CortexM3\ARM_GCC_493\Debug\MUX_Prime.a(isr_4.o)
 .debug_aranges
                0x00001140       0x88 .\CortexM3\ARM_GCC_493\Debug\MUX_Prime.a(Timer_Modo.o)
 .debug_aranges
                0x000011c8       0x80 .\CortexM3\ARM_GCC_493\Debug\MUX_Prime.a(isr_5.o)
 .debug_aranges
                0x00001248       0x88 .\CortexM3\ARM_GCC_493\Debug\MUX_Prime.a(Timer_RxSurtidor.o)
 .debug_aranges
                0x000012d0       0x80 .\CortexM3\ARM_GCC_493\Debug\MUX_Prime.a(CyFlash.o)
 .debug_aranges
                0x00001350       0x78 .\CortexM3\ARM_GCC_493\Debug\MUX_Prime.a(CySpc.o)

.debug_pubnames
 *(.debug_pubnames)

.debug_info     0x00000000     0xae71
 *(.debug_info .gnu.linkonce.wi.*)
 .debug_info    0x00000000      0xd5a .\CortexM3\ARM_GCC_493\Debug\main.o
 .debug_info    0x00000d5a      0xb53 .\CortexM3\ARM_GCC_493\Debug\Protocolo.o
 .debug_info    0x000018ad      0xc0c .\CortexM3\ARM_GCC_493\Debug\Print.o
 .debug_info    0x000024b9      0x982 .\CortexM3\ARM_GCC_493\Debug\LCD.o
 .debug_info    0x00002e3b      0x8bf .\CortexM3\ARM_GCC_493\Debug\ibuton.o
 .debug_info    0x000036fa      0x9eb .\CortexM3\ARM_GCC_493\Debug\I2C.o
 .debug_info    0x000040e5      0x317 .\CortexM3\ARM_GCC_493\Debug\Cm3Start.o
 .debug_info    0x000043fc      0x13e .\CortexM3\ARM_GCC_493\Debug\cymetadata.o
 .debug_info    0x0000453a      0x448 .\CortexM3\ARM_GCC_493\Debug\MUX_Prime.a(cyfitter_cfg.o)
 .debug_info    0x00004982       0x7d .\CortexM3\ARM_GCC_493\Debug\MUX_Prime.a(CyBootAsmGnu.o)
 .debug_info    0x000049ff      0xe31 .\CortexM3\ARM_GCC_493\Debug\MUX_Prime.a(CyLib.o)
 .debug_info    0x00005830      0x55f .\CortexM3\ARM_GCC_493\Debug\MUX_Prime.a(cyPm.o)
 .debug_info    0x00005d8f      0x5ec .\CortexM3\ARM_GCC_493\Debug\MUX_Prime.a(Surtidor.o)
 .debug_info    0x0000637b      0x151 .\CortexM3\ARM_GCC_493\Debug\MUX_Prime.a(Surtidor_INT.o)
 .debug_info    0x000064cc      0x500 .\CortexM3\ARM_GCC_493\Debug\MUX_Prime.a(Impresora.o)
 .debug_info    0x000069cc      0x5ed .\CortexM3\ARM_GCC_493\Debug\MUX_Prime.a(PC.o)
 .debug_info    0x00006fb9      0x152 .\CortexM3\ARM_GCC_493\Debug\MUX_Prime.a(PC_INT.o)
 .debug_info    0x0000710b      0x1f7 .\CortexM3\ARM_GCC_493\Debug\MUX_Prime.a(I2C_1.o)
 .debug_info    0x00007302      0x14d .\CortexM3\ARM_GCC_493\Debug\MUX_Prime.a(I2C_1_INT.o)
 .debug_info    0x0000744f      0x190 .\CortexM3\ARM_GCC_493\Debug\MUX_Prime.a(I2C_1_PM.o)
 .debug_info    0x000075df      0x3ef .\CortexM3\ARM_GCC_493\Debug\MUX_Prime.a(I2C_1_MASTER.o)
 .debug_info    0x000079ce      0x11d .\CortexM3\ARM_GCC_493\Debug\MUX_Prime.a(Pin_WP.o)
 .debug_info    0x00007aeb      0x238 .\CortexM3\ARM_GCC_493\Debug\MUX_Prime.a(isr_1.o)
 .debug_info    0x00007d23      0x25b .\CortexM3\ARM_GCC_493\Debug\MUX_Prime.a(Impresora_IntClock.o)
 .debug_info    0x00007f7e      0x25b .\CortexM3\ARM_GCC_493\Debug\MUX_Prime.a(PC_IntClock.o)
 .debug_info    0x000081d9      0x5e7 .\CortexM3\ARM_GCC_493\Debug\MUX_Prime.a(LCD_1.o)
 .debug_info    0x000087c0      0x141 .\CortexM3\ARM_GCC_493\Debug\MUX_Prime.a(LCD_1_INT.o)
 .debug_info    0x00008901      0x5e7 .\CortexM3\ARM_GCC_493\Debug\MUX_Prime.a(LCD_2.o)
 .debug_info    0x00008ee8      0x141 .\CortexM3\ARM_GCC_493\Debug\MUX_Prime.a(LCD_2_INT.o)
 .debug_info    0x00009029      0x25b .\CortexM3\ARM_GCC_493\Debug\MUX_Prime.a(LCD_1_IntClock.o)
 .debug_info    0x00009284      0x25b .\CortexM3\ARM_GCC_493\Debug\MUX_Prime.a(LCD_2_IntClock.o)
 .debug_info    0x000094df      0x11d .\CortexM3\ARM_GCC_493\Debug\MUX_Prime.a(IB1.o)
 .debug_info    0x000095fc      0x11d .\CortexM3\ARM_GCC_493\Debug\MUX_Prime.a(IB2.o)
 .debug_info    0x00009719      0x238 .\CortexM3\ARM_GCC_493\Debug\MUX_Prime.a(isr_3.o)
 .debug_info    0x00009951      0x23c .\CortexM3\ARM_GCC_493\Debug\MUX_Prime.a(Timer_Animacion.o)
 .debug_info    0x00009b8d      0x23c .\CortexM3\ARM_GCC_493\Debug\MUX_Prime.a(Timer_Animacion2.o)
 .debug_info    0x00009dc9      0x238 .\CortexM3\ARM_GCC_493\Debug\MUX_Prime.a(isr_4.o)
 .debug_info    0x0000a001      0x23c .\CortexM3\ARM_GCC_493\Debug\MUX_Prime.a(Timer_Modo.o)
 .debug_info    0x0000a23d      0x238 .\CortexM3\ARM_GCC_493\Debug\MUX_Prime.a(isr_5.o)
 .debug_info    0x0000a475      0x23c .\CortexM3\ARM_GCC_493\Debug\MUX_Prime.a(Timer_RxSurtidor.o)
 .debug_info    0x0000a6b1      0x36a .\CortexM3\ARM_GCC_493\Debug\MUX_Prime.a(CyFlash.o)
 .debug_info    0x0000aa1b      0x456 .\CortexM3\ARM_GCC_493\Debug\MUX_Prime.a(CySpc.o)

.debug_abbrev   0x00000000     0x2fd2
 *(.debug_abbrev)
 .debug_abbrev  0x00000000      0x1b2 .\CortexM3\ARM_GCC_493\Debug\main.o
 .debug_abbrev  0x000001b2      0x1a6 .\CortexM3\ARM_GCC_493\Debug\Protocolo.o
 .debug_abbrev  0x00000358      0x166 .\CortexM3\ARM_GCC_493\Debug\Print.o
 .debug_abbrev  0x000004be      0x106 .\CortexM3\ARM_GCC_493\Debug\LCD.o
 .debug_abbrev  0x000005c4      0x124 .\CortexM3\ARM_GCC_493\Debug\ibuton.o
 .debug_abbrev  0x000006e8      0x165 .\CortexM3\ARM_GCC_493\Debug\I2C.o
 .debug_abbrev  0x0000084d      0x1b6 .\CortexM3\ARM_GCC_493\Debug\Cm3Start.o
 .debug_abbrev  0x00000a03       0x77 .\CortexM3\ARM_GCC_493\Debug\cymetadata.o
 .debug_abbrev  0x00000a7a      0x1b7 .\CortexM3\ARM_GCC_493\Debug\MUX_Prime.a(cyfitter_cfg.o)
 .debug_abbrev  0x00000c31       0x14 .\CortexM3\ARM_GCC_493\Debug\MUX_Prime.a(CyBootAsmGnu.o)
 .debug_abbrev  0x00000c45      0x217 .\CortexM3\ARM_GCC_493\Debug\MUX_Prime.a(CyLib.o)
 .debug_abbrev  0x00000e5c      0x16e .\CortexM3\ARM_GCC_493\Debug\MUX_Prime.a(cyPm.o)
 .debug_abbrev  0x00000fca      0x16c .\CortexM3\ARM_GCC_493\Debug\MUX_Prime.a(Surtidor.o)
 .debug_abbrev  0x00001136       0x97 .\CortexM3\ARM_GCC_493\Debug\MUX_Prime.a(Surtidor_INT.o)
 .debug_abbrev  0x000011cd      0x170 .\CortexM3\ARM_GCC_493\Debug\MUX_Prime.a(Impresora.o)
 .debug_abbrev  0x0000133d      0x16c .\CortexM3\ARM_GCC_493\Debug\MUX_Prime.a(PC.o)
 .debug_abbrev  0x000014a9       0x97 .\CortexM3\ARM_GCC_493\Debug\MUX_Prime.a(PC_INT.o)
 .debug_abbrev  0x00001540       0xe2 .\CortexM3\ARM_GCC_493\Debug\MUX_Prime.a(I2C_1.o)
 .debug_abbrev  0x00001622       0x8e .\CortexM3\ARM_GCC_493\Debug\MUX_Prime.a(I2C_1_INT.o)
 .debug_abbrev  0x000016b0       0xf8 .\CortexM3\ARM_GCC_493\Debug\MUX_Prime.a(I2C_1_PM.o)
 .debug_abbrev  0x000017a8      0x12b .\CortexM3\ARM_GCC_493\Debug\MUX_Prime.a(I2C_1_MASTER.o)
 .debug_abbrev  0x000018d3       0x9d .\CortexM3\ARM_GCC_493\Debug\MUX_Prime.a(Pin_WP.o)
 .debug_abbrev  0x00001970      0x17f .\CortexM3\ARM_GCC_493\Debug\MUX_Prime.a(isr_1.o)
 .debug_abbrev  0x00001aef      0x12a .\CortexM3\ARM_GCC_493\Debug\MUX_Prime.a(Impresora_IntClock.o)
 .debug_abbrev  0x00001c19      0x12a .\CortexM3\ARM_GCC_493\Debug\MUX_Prime.a(PC_IntClock.o)
 .debug_abbrev  0x00001d43      0x16c .\CortexM3\ARM_GCC_493\Debug\MUX_Prime.a(LCD_1.o)
 .debug_abbrev  0x00001eaf       0x97 .\CortexM3\ARM_GCC_493\Debug\MUX_Prime.a(LCD_1_INT.o)
 .debug_abbrev  0x00001f46      0x16c .\CortexM3\ARM_GCC_493\Debug\MUX_Prime.a(LCD_2.o)
 .debug_abbrev  0x000020b2       0x97 .\CortexM3\ARM_GCC_493\Debug\MUX_Prime.a(LCD_2_INT.o)
 .debug_abbrev  0x00002149      0x12a .\CortexM3\ARM_GCC_493\Debug\MUX_Prime.a(LCD_1_IntClock.o)
 .debug_abbrev  0x00002273      0x12a .\CortexM3\ARM_GCC_493\Debug\MUX_Prime.a(LCD_2_IntClock.o)
 .debug_abbrev  0x0000239d       0x9d .\CortexM3\ARM_GCC_493\Debug\MUX_Prime.a(IB1.o)
 .debug_abbrev  0x0000243a       0x9d .\CortexM3\ARM_GCC_493\Debug\MUX_Prime.a(IB2.o)
 .debug_abbrev  0x000024d7      0x17f .\CortexM3\ARM_GCC_493\Debug\MUX_Prime.a(isr_3.o)
 .debug_abbrev  0x00002656       0xf6 .\CortexM3\ARM_GCC_493\Debug\MUX_Prime.a(Timer_Animacion.o)
 .debug_abbrev  0x0000274c       0xf6 .\CortexM3\ARM_GCC_493\Debug\MUX_Prime.a(Timer_Animacion2.o)
 .debug_abbrev  0x00002842      0x17f .\CortexM3\ARM_GCC_493\Debug\MUX_Prime.a(isr_4.o)
 .debug_abbrev  0x000029c1       0xf6 .\CortexM3\ARM_GCC_493\Debug\MUX_Prime.a(Timer_Modo.o)
 .debug_abbrev  0x00002ab7      0x17f .\CortexM3\ARM_GCC_493\Debug\MUX_Prime.a(isr_5.o)
 .debug_abbrev  0x00002c36       0xf6 .\CortexM3\ARM_GCC_493\Debug\MUX_Prime.a(Timer_RxSurtidor.o)
 .debug_abbrev  0x00002d2c      0x12d .\CortexM3\ARM_GCC_493\Debug\MUX_Prime.a(CyFlash.o)
 .debug_abbrev  0x00002e59      0x179 .\CortexM3\ARM_GCC_493\Debug\MUX_Prime.a(CySpc.o)

.debug_line     0x00000000     0x8f67
 *(.debug_line)
 .debug_line    0x00000000     0x3386 .\CortexM3\ARM_GCC_493\Debug\main.o
 .debug_line    0x00003386      0xff2 .\CortexM3\ARM_GCC_493\Debug\Protocolo.o
 .debug_line    0x00004378      0x55a .\CortexM3\ARM_GCC_493\Debug\Print.o
 .debug_line    0x000048d2      0x25e .\CortexM3\ARM_GCC_493\Debug\LCD.o
 .debug_line    0x00004b30      0x290 .\CortexM3\ARM_GCC_493\Debug\ibuton.o
 .debug_line    0x00004dc0      0x2f3 .\CortexM3\ARM_GCC_493\Debug\I2C.o
 .debug_line    0x000050b3      0x1d4 .\CortexM3\ARM_GCC_493\Debug\Cm3Start.o
 .debug_line    0x00005287       0x53 .\CortexM3\ARM_GCC_493\Debug\cymetadata.o
 .debug_line    0x000052da      0x224 .\CortexM3\ARM_GCC_493\Debug\MUX_Prime.a(cyfitter_cfg.o)
 .debug_line    0x000054fe       0x68 .\CortexM3\ARM_GCC_493\Debug\MUX_Prime.a(CyBootAsmGnu.o)
 .debug_line    0x00005566      0x872 .\CortexM3\ARM_GCC_493\Debug\MUX_Prime.a(CyLib.o)
 .debug_line    0x00005dd8      0x381 .\CortexM3\ARM_GCC_493\Debug\MUX_Prime.a(cyPm.o)
 .debug_line    0x00006159      0x30e .\CortexM3\ARM_GCC_493\Debug\MUX_Prime.a(Surtidor.o)
 .debug_line    0x00006467       0x90 .\CortexM3\ARM_GCC_493\Debug\MUX_Prime.a(Surtidor_INT.o)
 .debug_line    0x000064f7      0x2e9 .\CortexM3\ARM_GCC_493\Debug\MUX_Prime.a(Impresora.o)
 .debug_line    0x000067e0      0x30a .\CortexM3\ARM_GCC_493\Debug\MUX_Prime.a(PC.o)
 .debug_line    0x00006aea       0x84 .\CortexM3\ARM_GCC_493\Debug\MUX_Prime.a(PC_INT.o)
 .debug_line    0x00006b6e       0xdd .\CortexM3\ARM_GCC_493\Debug\MUX_Prime.a(I2C_1.o)
 .debug_line    0x00006c4b      0x118 .\CortexM3\ARM_GCC_493\Debug\MUX_Prime.a(I2C_1_INT.o)
 .debug_line    0x00006d63       0xbe .\CortexM3\ARM_GCC_493\Debug\MUX_Prime.a(I2C_1_PM.o)
 .debug_line    0x00006e21      0x1ed .\CortexM3\ARM_GCC_493\Debug\MUX_Prime.a(I2C_1_MASTER.o)
 .debug_line    0x0000700e       0x97 .\CortexM3\ARM_GCC_493\Debug\MUX_Prime.a(Pin_WP.o)
 .debug_line    0x000070a5      0x169 .\CortexM3\ARM_GCC_493\Debug\MUX_Prime.a(isr_1.o)
 .debug_line    0x0000720e      0x1c6 .\CortexM3\ARM_GCC_493\Debug\MUX_Prime.a(Impresora_IntClock.o)
 .debug_line    0x000073d4      0x1bf .\CortexM3\ARM_GCC_493\Debug\MUX_Prime.a(PC_IntClock.o)
 .debug_line    0x00007593      0x30d .\CortexM3\ARM_GCC_493\Debug\MUX_Prime.a(LCD_1.o)
 .debug_line    0x000078a0       0x8a .\CortexM3\ARM_GCC_493\Debug\MUX_Prime.a(LCD_1_INT.o)
 .debug_line    0x0000792a      0x30d .\CortexM3\ARM_GCC_493\Debug\MUX_Prime.a(LCD_2.o)
 .debug_line    0x00007c37       0x8a .\CortexM3\ARM_GCC_493\Debug\MUX_Prime.a(LCD_2_INT.o)
 .debug_line    0x00007cc1      0x1c2 .\CortexM3\ARM_GCC_493\Debug\MUX_Prime.a(LCD_1_IntClock.o)
 .debug_line    0x00007e83      0x1c2 .\CortexM3\ARM_GCC_493\Debug\MUX_Prime.a(LCD_2_IntClock.o)
 .debug_line    0x00008045       0x94 .\CortexM3\ARM_GCC_493\Debug\MUX_Prime.a(IB1.o)
 .debug_line    0x000080d9       0x94 .\CortexM3\ARM_GCC_493\Debug\MUX_Prime.a(IB2.o)
 .debug_line    0x0000816d      0x169 .\CortexM3\ARM_GCC_493\Debug\MUX_Prime.a(isr_3.o)
 .debug_line    0x000082d6      0x169 .\CortexM3\ARM_GCC_493\Debug\MUX_Prime.a(Timer_Animacion.o)
 .debug_line    0x0000843f      0x16a .\CortexM3\ARM_GCC_493\Debug\MUX_Prime.a(Timer_Animacion2.o)
 .debug_line    0x000085a9      0x169 .\CortexM3\ARM_GCC_493\Debug\MUX_Prime.a(isr_4.o)
 .debug_line    0x00008712      0x164 .\CortexM3\ARM_GCC_493\Debug\MUX_Prime.a(Timer_Modo.o)
 .debug_line    0x00008876      0x169 .\CortexM3\ARM_GCC_493\Debug\MUX_Prime.a(isr_5.o)
 .debug_line    0x000089df      0x16a .\CortexM3\ARM_GCC_493\Debug\MUX_Prime.a(Timer_RxSurtidor.o)
 .debug_line    0x00008b49      0x207 .\CortexM3\ARM_GCC_493\Debug\MUX_Prime.a(CyFlash.o)
 .debug_line    0x00008d50      0x217 .\CortexM3\ARM_GCC_493\Debug\MUX_Prime.a(CySpc.o)

.debug_frame    0x00000000     0x5440
 *(.debug_frame)
 .debug_frame   0x00000000      0x284 .\CortexM3\ARM_GCC_493\Debug\main.o
 .debug_frame   0x00000284      0x198 .\CortexM3\ARM_GCC_493\Debug\Protocolo.o
 .debug_frame   0x0000041c       0x64 .\CortexM3\ARM_GCC_493\Debug\Print.o
 .debug_frame   0x00000480       0xe4 .\CortexM3\ARM_GCC_493\Debug\LCD.o
 .debug_frame   0x00000564       0xb0 .\CortexM3\ARM_GCC_493\Debug\ibuton.o
 .debug_frame   0x00000614      0x134 .\CortexM3\ARM_GCC_493\Debug\I2C.o
 .debug_frame   0x00000748       0xd8 .\CortexM3\ARM_GCC_493\Debug\Cm3Start.o
 .debug_frame   0x00000820      0x16c .\CortexM3\ARM_GCC_493\Debug\MUX_Prime.a(cyfitter_cfg.o)
 .debug_frame   0x0000098c      0xbe8 .\CortexM3\ARM_GCC_493\Debug\MUX_Prime.a(CyLib.o)
 .debug_frame   0x00001574      0x234 .\CortexM3\ARM_GCC_493\Debug\MUX_Prime.a(cyPm.o)
 .debug_frame   0x000017a8      0x428 .\CortexM3\ARM_GCC_493\Debug\MUX_Prime.a(Surtidor.o)
 .debug_frame   0x00001bd0       0x38 .\CortexM3\ARM_GCC_493\Debug\MUX_Prime.a(Surtidor_INT.o)
 .debug_frame   0x00001c08      0x42c .\CortexM3\ARM_GCC_493\Debug\MUX_Prime.a(Impresora.o)
 .debug_frame   0x00002034      0x428 .\CortexM3\ARM_GCC_493\Debug\MUX_Prime.a(PC.o)
 .debug_frame   0x0000245c       0x38 .\CortexM3\ARM_GCC_493\Debug\MUX_Prime.a(PC_INT.o)
 .debug_frame   0x00002494       0x98 .\CortexM3\ARM_GCC_493\Debug\MUX_Prime.a(I2C_1.o)
 .debug_frame   0x0000252c       0x38 .\CortexM3\ARM_GCC_493\Debug\MUX_Prime.a(I2C_1_INT.o)
 .debug_frame   0x00002564       0x94 .\CortexM3\ARM_GCC_493\Debug\MUX_Prime.a(I2C_1_PM.o)
 .debug_frame   0x000025f8      0x208 .\CortexM3\ARM_GCC_493\Debug\MUX_Prime.a(I2C_1_MASTER.o)
 .debug_frame   0x00002800       0xa8 .\CortexM3\ARM_GCC_493\Debug\MUX_Prime.a(Pin_WP.o)
 .debug_frame   0x000028a8      0x1e8 .\CortexM3\ARM_GCC_493\Debug\MUX_Prime.a(isr_1.o)
 .debug_frame   0x00002a90      0x1b4 .\CortexM3\ARM_GCC_493\Debug\MUX_Prime.a(Impresora_IntClock.o)
 .debug_frame   0x00002c44      0x1b4 .\CortexM3\ARM_GCC_493\Debug\MUX_Prime.a(PC_IntClock.o)
 .debug_frame   0x00002df8      0x428 .\CortexM3\ARM_GCC_493\Debug\MUX_Prime.a(LCD_1.o)
 .debug_frame   0x00003220       0x38 .\CortexM3\ARM_GCC_493\Debug\MUX_Prime.a(LCD_1_INT.o)
 .debug_frame   0x00003258      0x428 .\CortexM3\ARM_GCC_493\Debug\MUX_Prime.a(LCD_2.o)
 .debug_frame   0x00003680       0x38 .\CortexM3\ARM_GCC_493\Debug\MUX_Prime.a(LCD_2_INT.o)
 .debug_frame   0x000036b8      0x1b4 .\CortexM3\ARM_GCC_493\Debug\MUX_Prime.a(LCD_1_IntClock.o)
 .debug_frame   0x0000386c      0x1b4 .\CortexM3\ARM_GCC_493\Debug\MUX_Prime.a(LCD_2_IntClock.o)
 .debug_frame   0x00003a20       0xa8 .\CortexM3\ARM_GCC_493\Debug\MUX_Prime.a(IB1.o)
 .debug_frame   0x00003ac8       0xa8 .\CortexM3\ARM_GCC_493\Debug\MUX_Prime.a(IB2.o)
 .debug_frame   0x00003b70      0x1e8 .\CortexM3\ARM_GCC_493\Debug\MUX_Prime.a(isr_3.o)
 .debug_frame   0x00003d58      0x208 .\CortexM3\ARM_GCC_493\Debug\MUX_Prime.a(Timer_Animacion.o)
 .debug_frame   0x00003f60      0x208 .\CortexM3\ARM_GCC_493\Debug\MUX_Prime.a(Timer_Animacion2.o)
 .debug_frame   0x00004168      0x1e8 .\CortexM3\ARM_GCC_493\Debug\MUX_Prime.a(isr_4.o)
 .debug_frame   0x00004350      0x208 .\CortexM3\ARM_GCC_493\Debug\MUX_Prime.a(Timer_Modo.o)
 .debug_frame   0x00004558      0x1e8 .\CortexM3\ARM_GCC_493\Debug\MUX_Prime.a(isr_5.o)
 .debug_frame   0x00004740      0x208 .\CortexM3\ARM_GCC_493\Debug\MUX_Prime.a(Timer_RxSurtidor.o)
 .debug_frame   0x00004948      0x210 .\CortexM3\ARM_GCC_493\Debug\MUX_Prime.a(CyFlash.o)
 .debug_frame   0x00004b58      0x1f8 .\CortexM3\ARM_GCC_493\Debug\MUX_Prime.a(CySpc.o)
 .debug_frame   0x00004d50       0x20 c:/program files (x86)/cypress/psoc creator/3.3/psoc creator/import/gnu/arm/4.9.3/bin/../lib/gcc/arm-none-eabi/4.9.3/../../../../arm-none-eabi/lib/armv7-m\libg_nano.a(lib_a-atof.o)
 .debug_frame   0x00004d70       0x20 c:/program files (x86)/cypress/psoc creator/3.3/psoc creator/import/gnu/arm/4.9.3/bin/../lib/gcc/arm-none-eabi/4.9.3/../../../../arm-none-eabi/lib/armv7-m\libg_nano.a(lib_a-errno.o)
 .debug_frame   0x00004d90       0x28 c:/program files (x86)/cypress/psoc creator/3.3/psoc creator/import/gnu/arm/4.9.3/bin/../lib/gcc/arm-none-eabi/4.9.3/../../../../arm-none-eabi/lib/armv7-m\libg_nano.a(lib_a-exit.o)
 .debug_frame   0x00004db8       0x2c c:/program files (x86)/cypress/psoc creator/3.3/psoc creator/import/gnu/arm/4.9.3/bin/../lib/gcc/arm-none-eabi/4.9.3/../../../../arm-none-eabi/lib/armv7-m\libg_nano.a(lib_a-init.o)
 .debug_frame   0x00004de4       0x28 c:/program files (x86)/cypress/psoc creator/3.3/psoc creator/import/gnu/arm/4.9.3/bin/../lib/gcc/arm-none-eabi/4.9.3/../../../../arm-none-eabi/lib/armv7-m\libg_nano.a(lib_a-memcpy.o)
 .debug_frame   0x00004e0c       0x20 c:/program files (x86)/cypress/psoc creator/3.3/psoc creator/import/gnu/arm/4.9.3/bin/../lib/gcc/arm-none-eabi/4.9.3/../../../../arm-none-eabi/lib/armv7-m\libg_nano.a(lib_a-memset.o)
 .debug_frame   0x00004e2c       0xb4 c:/program files (x86)/cypress/psoc creator/3.3/psoc creator/import/gnu/arm/4.9.3/bin/../lib/gcc/arm-none-eabi/4.9.3/../../../../arm-none-eabi/lib/armv7-m\libg_nano.a(lib_a-strtod.o)
 .debug_frame   0x00004ee0       0x70 c:/program files (x86)/cypress/psoc creator/3.3/psoc creator/import/gnu/arm/4.9.3/bin/../lib/gcc/arm-none-eabi/4.9.3/../../../../arm-none-eabi/lib/armv7-m\libg_nano.a(lib_a-gdtoa-gethex.o)
 .debug_frame   0x00004f50       0x58 c:/program files (x86)/cypress/psoc creator/3.3/psoc creator/import/gnu/arm/4.9.3/bin/../lib/gcc/arm-none-eabi/4.9.3/../../../../arm-none-eabi/lib/armv7-m\libg_nano.a(lib_a-gdtoa-hexnan.o)
 .debug_frame   0x00004fa8       0x98 c:/program files (x86)/cypress/psoc creator/3.3/psoc creator/import/gnu/arm/4.9.3/bin/../lib/gcc/arm-none-eabi/4.9.3/../../../../arm-none-eabi/lib/armv7-m\libg_nano.a(lib_a-locale.o)
 .debug_frame   0x00005040      0x230 c:/program files (x86)/cypress/psoc creator/3.3/psoc creator/import/gnu/arm/4.9.3/bin/../lib/gcc/arm-none-eabi/4.9.3/../../../../arm-none-eabi/lib/armv7-m\libg_nano.a(lib_a-mprec.o)
 .debug_frame   0x00005270       0x2c c:/program files (x86)/cypress/psoc creator/3.3/psoc creator/import/gnu/arm/4.9.3/bin/../lib/gcc/arm-none-eabi/4.9.3/../../../../arm-none-eabi/lib/armv7-m\libg_nano.a(lib_a-nano-callocr.o)
 .debug_frame   0x0000529c       0x2c c:/program files (x86)/cypress/psoc creator/3.3/psoc creator/import/gnu/arm/4.9.3/bin/../lib/gcc/arm-none-eabi/4.9.3/../../../../arm-none-eabi/lib/armv7-m\libg_nano.a(lib_a-nano-mallocr.o)
 .debug_frame   0x000052c8       0x28 c:/program files (x86)/cypress/psoc creator/3.3/psoc creator/import/gnu/arm/4.9.3/bin/../lib/gcc/arm-none-eabi/4.9.3/../../../../arm-none-eabi/lib/armv7-m\libg_nano.a(lib_a-s_fpclassify.o)
 .debug_frame   0x000052f0       0x2c c:/program files (x86)/cypress/psoc creator/3.3/psoc creator/import/gnu/arm/4.9.3/bin/../lib/gcc/arm-none-eabi/4.9.3/../../../../arm-none-eabi/lib/armv7-m\libg_nano.a(lib_a-sbrkr.o)
 .debug_frame   0x0000531c       0x20 c:/program files (x86)/cypress/psoc creator/3.3/psoc creator/import/gnu/arm/4.9.3/bin/../lib/gcc/arm-none-eabi/4.9.3/../../../../arm-none-eabi/lib/armv7-m\libg_nano.a(lib_a-sf_nan.o)
 .debug_frame   0x0000533c       0x20 c:/program files (x86)/cypress/psoc creator/3.3/psoc creator/import/gnu/arm/4.9.3/bin/../lib/gcc/arm-none-eabi/4.9.3/../../../../arm-none-eabi/lib/armv7-m\libg_nano.a(lib_a-strlen.o)