Archive member included because of file (symbol)

.\CortexM3\ARM_GCC_484\Debug\MUX_Prime.a(cyfitter_cfg.o)
                              .\CortexM3\ARM_GCC_484\Debug\Cm3Start.o (cyfitter_cfg)
.\CortexM3\ARM_GCC_484\Debug\MUX_Prime.a(CyBootAsmGnu.o)
                              .\CortexM3\ARM_GCC_484\Debug\MUX_Prime.a(cyfitter_cfg.o) (CyDelayCycles)
.\CortexM3\ARM_GCC_484\Debug\MUX_Prime.a(CyLib.o)
                              .\CortexM3\ARM_GCC_484\Debug\Cm3Start.o (CyResetStatus)
.\CortexM3\ARM_GCC_484\Debug\MUX_Prime.a(cyPm.o)
                              .\CortexM3\ARM_GCC_484\Debug\MUX_Prime.a(CyLib.o) (CyPmReadStatus)
.\CortexM3\ARM_GCC_484\Debug\MUX_Prime.a(Surtidor.o)
                              .\CortexM3\ARM_GCC_484\Debug\Protocolo.o (Surtidor_rxBuffer)
.\CortexM3\ARM_GCC_484\Debug\MUX_Prime.a(Surtidor_INT.o)
                              .\CortexM3\ARM_GCC_484\Debug\MUX_Prime.a(Surtidor.o) (Surtidor_RXISR)
.\CortexM3\ARM_GCC_484\Debug\MUX_Prime.a(Impresora.o)
                              .\CortexM3\ARM_GCC_484\Debug\main.o (Impresora_Start)
.\CortexM3\ARM_GCC_484\Debug\MUX_Prime.a(PC.o)
                              .\CortexM3\ARM_GCC_484\Debug\main.o (PC_Start)
.\CortexM3\ARM_GCC_484\Debug\MUX_Prime.a(PC_INT.o)
                              .\CortexM3\ARM_GCC_484\Debug\MUX_Prime.a(PC.o) (PC_RXISR)
.\CortexM3\ARM_GCC_484\Debug\MUX_Prime.a(I2C_1.o)
                              .\CortexM3\ARM_GCC_484\Debug\main.o (I2C_1_Start)
.\CortexM3\ARM_GCC_484\Debug\MUX_Prime.a(I2C_1_INT.o)
                              .\CortexM3\ARM_GCC_484\Debug\MUX_Prime.a(I2C_1.o) (I2C_1_ISR)
.\CortexM3\ARM_GCC_484\Debug\MUX_Prime.a(I2C_1_PM.o)
                              .\CortexM3\ARM_GCC_484\Debug\MUX_Prime.a(I2C_1.o) (I2C_1_backup)
.\CortexM3\ARM_GCC_484\Debug\MUX_Prime.a(I2C_1_MASTER.o)
                              .\CortexM3\ARM_GCC_484\Debug\MUX_Prime.a(I2C_1.o) (I2C_1_mstrStatus)
.\CortexM3\ARM_GCC_484\Debug\MUX_Prime.a(Pin_WP.o)
                              .\CortexM3\ARM_GCC_484\Debug\I2C.o (Pin_WP_Write)
.\CortexM3\ARM_GCC_484\Debug\MUX_Prime.a(isr_1.o)
                              .\CortexM3\ARM_GCC_484\Debug\Protocolo.o (isr_1_StartEx)
.\CortexM3\ARM_GCC_484\Debug\MUX_Prime.a(Impresora_IntClock.o)
                              .\CortexM3\ARM_GCC_484\Debug\MUX_Prime.a(Impresora.o) (Impresora_IntClock_Start)
.\CortexM3\ARM_GCC_484\Debug\MUX_Prime.a(PC_IntClock.o)
                              .\CortexM3\ARM_GCC_484\Debug\MUX_Prime.a(PC.o) (PC_IntClock_Start)
.\CortexM3\ARM_GCC_484\Debug\MUX_Prime.a(LCD_1.o)
                              .\CortexM3\ARM_GCC_484\Debug\main.o (LCD_1_rxBuffer)
.\CortexM3\ARM_GCC_484\Debug\MUX_Prime.a(LCD_1_INT.o)
                              .\CortexM3\ARM_GCC_484\Debug\MUX_Prime.a(LCD_1.o) (LCD_1_RXISR)
.\CortexM3\ARM_GCC_484\Debug\MUX_Prime.a(LCD_2.o)
                              .\CortexM3\ARM_GCC_484\Debug\main.o (LCD_2_rxBuffer)
.\CortexM3\ARM_GCC_484\Debug\MUX_Prime.a(LCD_2_INT.o)
                              .\CortexM3\ARM_GCC_484\Debug\MUX_Prime.a(LCD_2.o) (LCD_2_RXISR)
.\CortexM3\ARM_GCC_484\Debug\MUX_Prime.a(LCD_1_IntClock.o)
                              .\CortexM3\ARM_GCC_484\Debug\MUX_Prime.a(LCD_1.o) (LCD_1_IntClock_Start)
.\CortexM3\ARM_GCC_484\Debug\MUX_Prime.a(LCD_2_IntClock.o)
                              .\CortexM3\ARM_GCC_484\Debug\MUX_Prime.a(LCD_2.o) (LCD_2_IntClock_Start)
.\CortexM3\ARM_GCC_484\Debug\MUX_Prime.a(IB1.o)
                              .\CortexM3\ARM_GCC_484\Debug\ibuton.o (IB1_Write)
.\CortexM3\ARM_GCC_484\Debug\MUX_Prime.a(IB2.o)
                              .\CortexM3\ARM_GCC_484\Debug\ibuton.o (IB2_Write)
.\CortexM3\ARM_GCC_484\Debug\MUX_Prime.a(isr_3.o)
                              .\CortexM3\ARM_GCC_484\Debug\main.o (isr_3_StartEx)
.\CortexM3\ARM_GCC_484\Debug\MUX_Prime.a(Timer_Animacion.o)
                              .\CortexM3\ARM_GCC_484\Debug\main.o (Timer_Animacion_Start)
.\CortexM3\ARM_GCC_484\Debug\MUX_Prime.a(Timer_Animacion2.o)
                              .\CortexM3\ARM_GCC_484\Debug\main.o (Timer_Animacion2_Start)
.\CortexM3\ARM_GCC_484\Debug\MUX_Prime.a(isr_4.o)
                              .\CortexM3\ARM_GCC_484\Debug\main.o (isr_4_StartEx)
.\CortexM3\ARM_GCC_484\Debug\MUX_Prime.a(Timer_Modo.o)
                              .\CortexM3\ARM_GCC_484\Debug\main.o (Timer_Modo_Start)
.\CortexM3\ARM_GCC_484\Debug\MUX_Prime.a(isr_5.o)
                              .\CortexM3\ARM_GCC_484\Debug\main.o (isr_5_StartEx)
.\CortexM3\ARM_GCC_484\Debug\MUX_Prime.a(Timer_RxSurtidor.o)
                              .\CortexM3\ARM_GCC_484\Debug\Protocolo.o (Timer_RxSurtidor_Start)
.\CortexM3\ARM_GCC_484\Debug\MUX_Prime.a(CyFlash.o)
                              .\CortexM3\ARM_GCC_484\Debug\MUX_Prime.a(cyPm.o) (CyFlash_SetWaitCycles)
.\CortexM3\ARM_GCC_484\Debug\MUX_Prime.a(CySpc.o)
                              .\CortexM3\ARM_GCC_484\Debug\MUX_Prime.a(CyFlash.o) (CySpcStart)
[...]
Memory Configuration

Name             Origin             Length             Attributes
rom              0x00000000         0x00040000         xr
ram              0x1fff8000         0x00010000         xrw
*default*        0x00000000         0xffffffff

Linker script and memory map

LOAD c:/program files (x86)/cypress/psoc creator/3.2/psoc creator/import/gnu/arm/4.8.4/bin/../lib/gcc/arm-none-eabi/4.8.4/armv7-m/crti.o
LOAD c:/program files (x86)/cypress/psoc creator/3.2/psoc creator/import/gnu/arm/4.8.4/bin/../lib/gcc/arm-none-eabi/4.8.4/armv7-m/crtbegin.o
LOAD c:/program files (x86)/cypress/psoc creator/3.2/psoc creator/import/gnu/arm/4.8.4/bin/../lib/gcc/arm-none-eabi/4.8.4/../../../../arm-none-eabi/lib/armv7-m/crt0.o
START GROUP
LOAD .\CortexM3\ARM_GCC_484\Debug\main.o
LOAD .\CortexM3\ARM_GCC_484\Debug\Protocolo.o
LOAD .\CortexM3\ARM_GCC_484\Debug\Print.o
LOAD .\CortexM3\ARM_GCC_484\Debug\LCD.o
LOAD .\CortexM3\ARM_GCC_484\Debug\ibuton.o
LOAD .\CortexM3\ARM_GCC_484\Debug\I2C.o
LOAD .\CortexM3\ARM_GCC_484\Debug\Cm3Start.o
LOAD .\CortexM3\ARM_GCC_484\Debug\cymetadata.o
LOAD .\CortexM3\ARM_GCC_484\Debug\MUX_Prime.a
LOAD C:\Program Files (x86)\Cypress\PSoC Creator\3.2\PSoC Creator\psoc\content\cycomponentlibrary\CyComponentLibrary.cylib\CortexM3\ARM_GCC_484\Debug\CyComponentLibrary.a
LOAD c:/program files (x86)/cypress/psoc creator/3.2/psoc creator/import/gnu/arm/4.8.4/bin/../lib/gcc/arm-none-eabi/4.8.4/../../../../arm-none-eabi/lib/armv7-m\libm.a
END GROUP
START GROUP
LOAD c:/program files (x86)/cypress/psoc creator/3.2/psoc creator/import/gnu/arm/4.8.4/bin/../lib/gcc/arm-none-eabi/4.8.4/armv7-m\libgcc.a
LOAD c:/program files (x86)/cypress/psoc creator/3.2/psoc creator/import/gnu/arm/4.8.4/bin/../lib/gcc/arm-none-eabi/4.8.4/../../../../arm-none-eabi/lib/armv7-m\libg_s.a
LOAD c:/program files (x86)/cypress/psoc creator/3.2/psoc creator/import/gnu/arm/4.8.4/bin/../lib/gcc/arm-none-eabi/4.8.4/../../../../arm-none-eabi/lib/armv7-m\libc_s.a
END GROUP
START GROUP
LOAD c:/program files (x86)/cypress/psoc creator/3.2/psoc creator/import/gnu/arm/4.8.4/bin/../lib/gcc/arm-none-eabi/4.8.4/armv7-m\libgcc.a
LOAD c:/program files (x86)/cypress/psoc creator/3.2/psoc creator/import/gnu/arm/4.8.4/bin/../lib/gcc/arm-none-eabi/4.8.4/../../../../arm-none-eabi/lib/armv7-m\libc_s.a
END GROUP
LOAD c:/program files (x86)/cypress/psoc creator/3.2/psoc creator/import/gnu/arm/4.8.4/bin/../lib/gcc/arm-none-eabi/4.8.4/armv7-m/crtend.o
LOAD c:/program files (x86)/cypress/psoc creator/3.2/psoc creator/import/gnu/arm/4.8.4/bin/../lib/gcc/arm-none-eabi/4.8.4/armv7-m/crtn.o
START GROUP
LOAD c:/program files (x86)/cypress/psoc creator/3.2/psoc creator/import/gnu/arm/4.8.4/bin/../lib/gcc/arm-none-eabi/4.8.4/armv7-m\libgcc.a
LOAD c:/program files (x86)/cypress/psoc creator/3.2/psoc creator/import/gnu/arm/4.8.4/bin/../lib/gcc/arm-none-eabi/4.8.4/../../../../arm-none-eabi/lib/armv7-m\libc.a
LOAD c:/program files (x86)/cypress/psoc creator/3.2/psoc creator/import/gnu/arm/4.8.4/bin/../lib/gcc/arm-none-eabi/4.8.4/../../../../arm-none-eabi/lib/armv7-m\libnosys.a
END GROUP
                0x00000000                CY_APPL_ORIGIN = 0x0
                0x00000100                CY_FLASH_ROW_SIZE = 0x100
                0x00000020                CY_ECC_ROW_SIZE = 0x20
                0x00000000                CY_EE_IN_BTLDR = 0x0
                0x00000000                CY_APPL_LOADABLE = 0x0
                0x00000800                CY_EE_SIZE = 0x800
                0x00000001                CY_APPL_NUM = 0x1
                0x00000001                CY_APPL_MAX = 0x1
                0x00000040                CY_METADATA_SIZE = 0x40
                0x1fff9088                PROVIDE (__cy_heap_start, _end)
                0x00000001                PROVIDE (__cy_region_num, ((__cy_regions_end - __cy_regions) / 0x10))
                0x20008000                PROVIDE (__cy_stack, (ORIGIN (ram) + 0x10000))
                0x20004000                PROVIDE (__cy_heap_end, (__cy_stack - 0x4000))

.cybootloader   0x00000000        0x0
 *(.cybootloader)
                0x00000000                appl1_start = CY_APPL_ORIGIN?CY_APPL_ORIGIN:ALIGN (CY_FLASH_ROW_SIZE)
                0x0001ff00                appl2_start = (appl1_start + ALIGN ((((0x40000 - appl1_start) - (0x2 * CY_FLASH_ROW_SIZE)) / 0x2), CY_FLASH_ROW_SIZE))
                0x00000000                appl_start = (CY_APPL_NUM == 0x1)?appl1_start:appl2_start
                0x00000000                ecc_offset = ((appl_start / CY_FLASH_ROW_SIZE) * CY_ECC_ROW_SIZE)
                0x00000000                ee_offset = (CY_APPL_LOADABLE && ! (CY_EE_IN_BTLDR))?((CY_EE_SIZE / CY_APPL_MAX) * (CY_APPL_NUM - 0x1)):0x0
                0x00000800                ee_size = (CY_APPL_LOADABLE && ! (CY_EE_IN_BTLDR))?(CY_EE_SIZE / CY_APPL_MAX):CY_EE_SIZE
                0x00000000                PROVIDE (CY_ECC_OFFSET, ecc_offset)

.text           0x00000000    0x1970c
 CREATE_OBJECT_SYMBOLS
                0x00000000                PROVIDE (__cy_interrupt_vector, RomVectors)
 *(.romvectors)
 .romvectors    0x00000000       0x10 .\CortexM3\ARM_GCC_484\Debug\Cm3Start.o
                0x00000000                RomVectors
                0x00000001                ASSERT ((. != __cy_interrupt_vector), No interrupt vector)
                0x00000001                ASSERT (CY_APPL_ORIGIN?(SIZEOF (.cybootloader) <= CY_APPL_ORIGIN):0x1, Wrong image location)
                0x00000010                PROVIDE (__cy_reset, Reset)
 *(.text.Reset)
 .text.Reset    0x00000010       0x18 .\CortexM3\ARM_GCC_484\Debug\Cm3Start.o
                0x00000010                Reset
                0x00000001                ASSERT ((. != __cy_reset), No reset code)
 *(.dma_init)
                0x00000001                ASSERT ((((appl_start + .) <= 0x10000) || 0x1), DMA Init must be within the first 64k of flash)
 *(.text .text.* .gnu.linkonce.t.*)
 .text          0x00000028       0x54 c:/program files (x86)/cypress/psoc creator/3.2/psoc creator/import/gnu/arm/4.8.4/bin/../lib/gcc/arm-none-eabi/4.8.4/armv7-m/crtbegin.o
 .text.init     0x0000007c      0xa70 .\CortexM3\ARM_GCC_484\Debug\main.o
                0x0000007c                init
 .text.verificar_check
                0x00000aec       0x84 .\CortexM3\ARM_GCC_484\Debug\main.o
                0x00000aec                verificar_check
 .text.error_op
                0x00000b70       0x88 .\CortexM3\ARM_GCC_484\Debug\main.o
                0x00000b70                error_op
 .text.init_surt
                0x00000bf8      0x1dc .\CortexM3\ARM_GCC_484\Debug\main.o
                0x00000bf8                init_surt
 .text.polling_rf
                0x00000dd4     0x6324 .\CortexM3\ARM_GCC_484\Debug\main.o
                0x00000dd4                polling_rf
 .text.polling_mod
                0x000070f8       0x94 .\CortexM3\ARM_GCC_484\Debug\main.o
                0x000070f8                polling_mod
 .text.polling_pos1
                0x0000718c     0x2bd8 .\CortexM3\ARM_GCC_484\Debug\main.o
                0x0000718c                polling_pos1
 .text.polling_pos2
                0x00009d64     0x2bd0 .\CortexM3\ARM_GCC_484\Debug\main.o
                0x00009d64                polling_pos2
 .text.polling_pos3
                0x0000c934     0x1cf4 .\CortexM3\ARM_GCC_484\Debug\main.o
                0x0000c934                polling_pos3
 .text.polling_pos4
                0x0000e628     0x1d2c .\CortexM3\ARM_GCC_484\Debug\main.o
                0x0000e628                polling_pos4
 .text.polling_LCD1
                0x00010354       0x9c .\CortexM3\ARM_GCC_484\Debug\main.o
                0x00010354                polling_LCD1
 .text.polling_LCD2
                0x000103f0       0x9c .\CortexM3\ARM_GCC_484\Debug\main.o
                0x000103f0                polling_LCD2
 .text.animacion
                0x0001048c       0x70 .\CortexM3\ARM_GCC_484\Debug\main.o
                0x0001048c                animacion
 .text.animacion2
                0x000104fc       0x70 .\CortexM3\ARM_GCC_484\Debug\main.o
                0x000104fc                animacion2
 .text.modo_mux
                0x0001056c       0x8c .\CortexM3\ARM_GCC_484\Debug\main.o
                0x0001056c                modo_mux
 .text.main     0x000105f8       0x7c .\CortexM3\ARM_GCC_484\Debug\main.o
                0x000105f8                main
 .text.Rx_Surtidor
                0x00010674       0x14 .\CortexM3\ARM_GCC_484\Debug\Protocolo.o
                0x00010674                Rx_Surtidor
 .text.get_estado
                0x00010688       0x98 .\CortexM3\ARM_GCC_484\Debug\Protocolo.o
                0x00010688                get_estado
 .text.ver_pos  0x00010720       0xec .\CortexM3\ARM_GCC_484\Debug\Protocolo.o
                0x00010720                ver_pos
 .text.estado_ex
                0x0001080c      0x17c .\CortexM3\ARM_GCC_484\Debug\Protocolo.o
                0x0001080c                estado_ex
 .text.venta    0x00010988      0x610 .\CortexM3\ARM_GCC_484\Debug\Protocolo.o
                0x00010988                venta
 .text.programar
                0x00010f98      0x87c .\CortexM3\ARM_GCC_484\Debug\Protocolo.o
                0x00010f98                programar
 .text.cambiar_precio
                0x00011814      0x254 .\CortexM3\ARM_GCC_484\Debug\Protocolo.o
                0x00011814                cambiar_precio
 .text.totales  0x00011a68     0x179c .\CortexM3\ARM_GCC_484\Debug\Protocolo.o
                0x00011a68                totales
 .text.imprimir
                0x00013204      0x924 .\CortexM3\ARM_GCC_484\Debug\Print.o
                0x00013204                imprimir
 .text.print_logo
                0x00013b28      0x368 .\CortexM3\ARM_GCC_484\Debug\Print.o
                0x00013b28                print_logo
 .text.set_imagen
                0x00013e90       0x94 .\CortexM3\ARM_GCC_484\Debug\LCD.o
                0x00013e90                set_imagen
 .text.write_LCD
                0x00013f24       0xb8 .\CortexM3\ARM_GCC_484\Debug\LCD.o
                0x00013f24                write_LCD
 .text.Hora_LCD
                0x00013fdc       0xec .\CortexM3\ARM_GCC_484\Debug\LCD.o
                0x00013fdc                Hora_LCD
 .text.Fecha_LCD
                0x000140c8       0xfc .\CortexM3\ARM_GCC_484\Debug\LCD.o
                0x000140c8                Fecha_LCD
 .text.write_LCDB
                0x000141c4      0x12c .\CortexM3\ARM_GCC_484\Debug\LCD.o
                0x000141c4                write_LCDB
 .text.touch_present
                0x000142f0       0xc0 .\CortexM3\ARM_GCC_484\Debug\ibuton.o
                0x000142f0                touch_present
 .text.touch_write
                0x000143b0      0x10c .\CortexM3\ARM_GCC_484\Debug\ibuton.o
                0x000143b0                touch_write
 .text.touch_read_byte
                0x000144bc       0xb4 .\CortexM3\ARM_GCC_484\Debug\ibuton.o
                0x000144bc                touch_read_byte
 .text.crc_check
                0x00014570       0x58 .\CortexM3\ARM_GCC_484\Debug\ibuton.o
                0x00014570                crc_check
 .text.leer_hora
                0x000145c8       0x90 .\CortexM3\ARM_GCC_484\Debug\I2C.o
                0x000145c8                leer_hora
 .text.leer_fecha
                0x00014658       0x90 .\CortexM3\ARM_GCC_484\Debug\I2C.o
                0x00014658                leer_fecha
 .text.write_hora
                0x000146e8       0x78 .\CortexM3\ARM_GCC_484\Debug\I2C.o
                0x000146e8                write_hora
 .text.write_fecha
                0x00014760       0x7c .\CortexM3\ARM_GCC_484\Debug\I2C.o
                0x00014760                write_fecha
 .text.write_eeprom
                0x000147dc       0xc4 .\CortexM3\ARM_GCC_484\Debug\I2C.o
                0x000147dc                write_eeprom
 .text.leer_eeprom
                0x000148a0       0xe0 .\CortexM3\ARM_GCC_484\Debug\I2C.o
                0x000148a0                leer_eeprom
 .text.write_psoc1
                0x00014980       0x74 .\CortexM3\ARM_GCC_484\Debug\I2C.o
                0x00014980                write_psoc1
 .text.IntDefaultHandler
                0x000149f4        0x8 .\CortexM3\ARM_GCC_484\Debug\Cm3Start.o
                0x000149f4                IntDefaultHandler
 .text._sbrk    0x000149fc       0x54 .\CortexM3\ARM_GCC_484\Debug\Cm3Start.o
                0x000149fc                _sbrk
 .text.Start_c  0x00014a50       0x98 .\CortexM3\ARM_GCC_484\Debug\Cm3Start.o
                0x00014a50                Start_c
 .text.initialize_psoc
                0x00014ae8       0x8c .\CortexM3\ARM_GCC_484\Debug\Cm3Start.o
                0x00014ae8                initialize_psoc
 .text.CYMEMZERO
                0x00014b74       0x1c .\CortexM3\ARM_GCC_484\Debug\MUX_Prime.a(cyfitter_cfg.o)
 .text.CYCONFIGCPY
                0x00014b90       0x1c .\CortexM3\ARM_GCC_484\Debug\MUX_Prime.a(cyfitter_cfg.o)
 .text.CyClockStartupError
                0x00014bac        0xc .\CortexM3\ARM_GCC_484\Debug\MUX_Prime.a(cyfitter_cfg.o)
 .text.cfg_write_bytes32
                0x00014bb8       0x74 .\CortexM3\ARM_GCC_484\Debug\MUX_Prime.a(cyfitter_cfg.o)
 .text.ClockSetup
                0x00014c2c      0x16c .\CortexM3\ARM_GCC_484\Debug\MUX_Prime.a(cyfitter_cfg.o)
 .text.AnalogSetDefault
                0x00014d98       0x44 .\CortexM3\ARM_GCC_484\Debug\MUX_Prime.a(cyfitter_cfg.o)
 .text.cyfitter_cfg
                0x00014ddc      0x1a4 .\CortexM3\ARM_GCC_484\Debug\MUX_Prime.a(cyfitter_cfg.o)
                0x00014ddc                cyfitter_cfg
 .text          0x00014f80       0x28 .\CortexM3\ARM_GCC_484\Debug\MUX_Prime.a(CyBootAsmGnu.o)
                0x00014f80                CyDelayCycles
                0x00014f94                CyEnterCriticalSection
                0x00014f9c                CyExitCriticalSection
 .text.CyHalt   0x00014fa8       0x18 .\CortexM3\ARM_GCC_484\Debug\MUX_Prime.a(CyLib.o)
                0x00014fa8                CyHalt
 .text.CyDelay  0x00014fc0       0x44 .\CortexM3\ARM_GCC_484\Debug\MUX_Prime.a(CyLib.o)
                0x00014fc0                CyDelay
 .text.CyDelayUs
                0x00015004       0x24 .\CortexM3\ARM_GCC_484\Debug\MUX_Prime.a(CyLib.o)
                0x00015004                CyDelayUs
 .text.CyWdtStart
                0x00015028       0x88 .\CortexM3\ARM_GCC_484\Debug\MUX_Prime.a(CyLib.o)
                0x00015028                CyWdtStart
 .text.CyWdtClear
                0x000150b0       0x18 .\CortexM3\ARM_GCC_484\Debug\MUX_Prime.a(CyLib.o)
                0x000150b0                CyWdtClear
 .text.CyIntSetVector
                0x000150c8       0x50 .\CortexM3\ARM_GCC_484\Debug\MUX_Prime.a(CyLib.o)
                0x000150c8                CyIntSetVector
 .text.CyIntSetPriority
                0x00015118       0x44 .\CortexM3\ARM_GCC_484\Debug\MUX_Prime.a(CyLib.o)
                0x00015118                CyIntSetPriority
 .text.Surtidor_Start
                0x0001515c       0x20 .\CortexM3\ARM_GCC_484\Debug\MUX_Prime.a(Surtidor.o)
                0x0001515c                Surtidor_Start
 .text.Surtidor_Init
                0x0001517c       0x58 .\CortexM3\ARM_GCC_484\Debug\MUX_Prime.a(Surtidor.o)
                0x0001517c                Surtidor_Init
 .text.Surtidor_Enable
                0x000151d4       0x64 .\CortexM3\ARM_GCC_484\Debug\MUX_Prime.a(Surtidor.o)
                0x000151d4                Surtidor_Enable
 .text.Surtidor_ReadRxData
                0x00015238       0x94 .\CortexM3\ARM_GCC_484\Debug\MUX_Prime.a(Surtidor.o)
                0x00015238                Surtidor_ReadRxData
 .text.Surtidor_GetRxBufferSize
                0x000152cc       0x94 .\CortexM3\ARM_GCC_484\Debug\MUX_Prime.a(Surtidor.o)
                0x000152cc                Surtidor_GetRxBufferSize
 .text.Surtidor_ClearRxBuffer
                0x00015360       0x7c .\CortexM3\ARM_GCC_484\Debug\MUX_Prime.a(Surtidor.o)
                0x00015360                Surtidor_ClearRxBuffer
 .text.Surtidor_PutChar
                0x000153dc       0x34 .\CortexM3\ARM_GCC_484\Debug\MUX_Prime.a(Surtidor.o)
                0x000153dc                Surtidor_PutChar
 .text.Surtidor_RXISR
                0x00015410       0xd4 .\CortexM3\ARM_GCC_484\Debug\MUX_Prime.a(Surtidor_INT.o)
                0x00015410                Surtidor_RXISR
 .text.Impresora_Start
                0x000154e4       0x20 .\CortexM3\ARM_GCC_484\Debug\MUX_Prime.a(Impresora.o)
                0x000154e4                Impresora_Start
 .text.Impresora_Init
                0x00015504       0x40 .\CortexM3\ARM_GCC_484\Debug\MUX_Prime.a(Impresora.o)
                0x00015504                Impresora_Init
 .text.Impresora_Enable
                0x00015544       0x5c .\CortexM3\ARM_GCC_484\Debug\MUX_Prime.a(Impresora.o)
                0x00015544                Impresora_Enable
 .text.PC_Start
                0x000155a0       0x20 .\CortexM3\ARM_GCC_484\Debug\MUX_Prime.a(PC.o)
                0x000155a0                PC_Start
 .text.PC_Init  0x000155c0       0x58 .\CortexM3\ARM_GCC_484\Debug\MUX_Prime.a(PC.o)
                0x000155c0                PC_Init
 .text.PC_Enable
                0x00015618       0x68 .\CortexM3\ARM_GCC_484\Debug\MUX_Prime.a(PC.o)
                0x00015618                PC_Enable
 .text.PC_ReadRxData
                0x00015680       0x98 .\CortexM3\ARM_GCC_484\Debug\MUX_Prime.a(PC.o)
                0x00015680                PC_ReadRxData
 .text.PC_GetRxBufferSize
                0x00015718       0x94 .\CortexM3\ARM_GCC_484\Debug\MUX_Prime.a(PC.o)
                0x00015718                PC_GetRxBufferSize
 .text.PC_ClearRxBuffer
                0x000157ac       0x7c .\CortexM3\ARM_GCC_484\Debug\MUX_Prime.a(PC.o)
                0x000157ac                PC_ClearRxBuffer
 .text.PC_PutChar
                0x00015828       0x34 .\CortexM3\ARM_GCC_484\Debug\MUX_Prime.a(PC.o)
                0x00015828                PC_PutChar
 .text.PC_RXISR
                0x0001585c       0xd8 .\CortexM3\ARM_GCC_484\Debug\MUX_Prime.a(PC_INT.o)
                0x0001585c                PC_RXISR
 .text.I2C_1_Init
                0x00015934       0x80 .\CortexM3\ARM_GCC_484\Debug\MUX_Prime.a(I2C_1.o)
                0x00015934                I2C_1_Init
 .text.I2C_1_Enable
                0x000159b4       0x44 .\CortexM3\ARM_GCC_484\Debug\MUX_Prime.a(I2C_1.o)
                0x000159b4                I2C_1_Enable
 .text.I2C_1_Start
                0x000159f8       0x2c .\CortexM3\ARM_GCC_484\Debug\MUX_Prime.a(I2C_1.o)
                0x000159f8                I2C_1_Start
 .text.I2C_1_ISR
                0x00015a24      0x3a8 .\CortexM3\ARM_GCC_484\Debug\MUX_Prime.a(I2C_1_INT.o)
                0x00015a24                I2C_1_ISR
 .text.I2C_1_MasterSendStart
                0x00015dcc       0xb8 .\CortexM3\ARM_GCC_484\Debug\MUX_Prime.a(I2C_1_MASTER.o)
                0x00015dcc                I2C_1_MasterSendStart
 .text.I2C_1_MasterSendStop
                0x00015e84       0x58 .\CortexM3\ARM_GCC_484\Debug\MUX_Prime.a(I2C_1_MASTER.o)
                0x00015e84                I2C_1_MasterSendStop
 .text.I2C_1_MasterWriteByte
                0x00015edc       0x80 .\CortexM3\ARM_GCC_484\Debug\MUX_Prime.a(I2C_1_MASTER.o)
                0x00015edc                I2C_1_MasterWriteByte
 .text.I2C_1_MasterReadByte
                0x00015f5c       0x7c .\CortexM3\ARM_GCC_484\Debug\MUX_Prime.a(I2C_1_MASTER.o)
                0x00015f5c                I2C_1_MasterReadByte
 .text.I2C_1_MasterClearStatus
                0x00015fd8       0x3c .\CortexM3\ARM_GCC_484\Debug\MUX_Prime.a(I2C_1_MASTER.o)
                0x00015fd8                I2C_1_MasterClearStatus
 .text.Pin_WP_Write
                0x00016014       0x3c .\CortexM3\ARM_GCC_484\Debug\MUX_Prime.a(Pin_WP.o)
                0x00016014                Pin_WP_Write
 .text.isr_1_StartEx
                0x00016050       0x24 .\CortexM3\ARM_GCC_484\Debug\MUX_Prime.a(isr_1.o)
                0x00016050                isr_1_StartEx
 .text.isr_1_Stop
                0x00016074       0x14 .\CortexM3\ARM_GCC_484\Debug\MUX_Prime.a(isr_1.o)
                0x00016074                isr_1_Stop
 .text.isr_1_SetVector
                0x00016088       0x24 .\CortexM3\ARM_GCC_484\Debug\MUX_Prime.a(isr_1.o)
                0x00016088                isr_1_SetVector
 .text.isr_1_SetPriority
                0x000160ac       0x24 .\CortexM3\ARM_GCC_484\Debug\MUX_Prime.a(isr_1.o)
                0x000160ac                isr_1_SetPriority
 .text.isr_1_Enable
                0x000160d0       0x18 .\CortexM3\ARM_GCC_484\Debug\MUX_Prime.a(isr_1.o)
                0x000160d0                isr_1_Enable
 .text.isr_1_Disable
                0x000160e8       0x18 .\CortexM3\ARM_GCC_484\Debug\MUX_Prime.a(isr_1.o)
                0x000160e8                isr_1_Disable
 .text.Impresora_IntClock_Start
                0x00016100       0x34 .\CortexM3\ARM_GCC_484\Debug\MUX_Prime.a(Impresora_IntClock.o)
                0x00016100                Impresora_IntClock_Start
 .text.PC_IntClock_Start
                0x00016134       0x34 .\CortexM3\ARM_GCC_484\Debug\MUX_Prime.a(PC_IntClock.o)
                0x00016134                PC_IntClock_Start
 .text.LCD_1_Start
                0x00016168       0x20 .\CortexM3\ARM_GCC_484\Debug\MUX_Prime.a(LCD_1.o)
                0x00016168                LCD_1_Start
 .text.LCD_1_Init
                0x00016188       0x58 .\CortexM3\ARM_GCC_484\Debug\MUX_Prime.a(LCD_1.o)
                0x00016188                LCD_1_Init
 .text.LCD_1_Enable
                0x000161e0       0x68 .\CortexM3\ARM_GCC_484\Debug\MUX_Prime.a(LCD_1.o)
                0x000161e0                LCD_1_Enable
 .text.LCD_1_GetRxBufferSize
                0x00016248       0x90 .\CortexM3\ARM_GCC_484\Debug\MUX_Prime.a(LCD_1.o)
                0x00016248                LCD_1_GetRxBufferSize
 .text.LCD_1_ClearRxBuffer
                0x000162d8       0x7c .\CortexM3\ARM_GCC_484\Debug\MUX_Prime.a(LCD_1.o)
                0x000162d8                LCD_1_ClearRxBuffer
 .text.LCD_1_PutChar
                0x00016354       0x34 .\CortexM3\ARM_GCC_484\Debug\MUX_Prime.a(LCD_1.o)
                0x00016354                LCD_1_PutChar
 .text.LCD_1_RXISR
                0x00016388       0xd4 .\CortexM3\ARM_GCC_484\Debug\MUX_Prime.a(LCD_1_INT.o)
                0x00016388                LCD_1_RXISR
 .text.LCD_2_Start
                0x0001645c       0x20 .\CortexM3\ARM_GCC_484\Debug\MUX_Prime.a(LCD_2.o)
                0x0001645c                LCD_2_Start
 .text.LCD_2_Init
                0x0001647c       0x58 .\CortexM3\ARM_GCC_484\Debug\MUX_Prime.a(LCD_2.o)
                0x0001647c                LCD_2_Init
 .text.LCD_2_Enable
                0x000164d4       0x68 .\CortexM3\ARM_GCC_484\Debug\MUX_Prime.a(LCD_2.o)
                0x000164d4                LCD_2_Enable
 .text.LCD_2_GetRxBufferSize
                0x0001653c       0x90 .\CortexM3\ARM_GCC_484\Debug\MUX_Prime.a(LCD_2.o)
                0x0001653c                LCD_2_GetRxBufferSize
 .text.LCD_2_ClearRxBuffer
                0x000165cc       0x7c .\CortexM3\ARM_GCC_484\Debug\MUX_Prime.a(LCD_2.o)
                0x000165cc                LCD_2_ClearRxBuffer
 .text.LCD_2_PutChar
                0x00016648       0x34 .\CortexM3\ARM_GCC_484\Debug\MUX_Prime.a(LCD_2.o)
                0x00016648                LCD_2_PutChar
 .text.LCD_2_RXISR
                0x0001667c       0xd4 .\CortexM3\ARM_GCC_484\Debug\MUX_Prime.a(LCD_2_INT.o)
                0x0001667c                LCD_2_RXISR
 .text.LCD_1_IntClock_Start
                0x00016750       0x34 .\CortexM3\ARM_GCC_484\Debug\MUX_Prime.a(LCD_1_IntClock.o)
                0x00016750                LCD_1_IntClock_Start
 .text.LCD_2_IntClock_Start
                0x00016784       0x34 .\CortexM3\ARM_GCC_484\Debug\MUX_Prime.a(LCD_2_IntClock.o)
                0x00016784                LCD_2_IntClock_Start
 .text.IB1_Write
                0x000167b8       0x3c .\CortexM3\ARM_GCC_484\Debug\MUX_Prime.a(IB1.o)
                0x000167b8                IB1_Write
 .text.IB1_Read
                0x000167f4       0x20 .\CortexM3\ARM_GCC_484\Debug\MUX_Prime.a(IB1.o)
                0x000167f4                IB1_Read
 .text.IB2_Write
                0x00016814       0x34 .\CortexM3\ARM_GCC_484\Debug\MUX_Prime.a(IB2.o)
                0x00016814                IB2_Write
 .text.IB2_Read
                0x00016848       0x1c .\CortexM3\ARM_GCC_484\Debug\MUX_Prime.a(IB2.o)
                0x00016848                IB2_Read
 .text.isr_3_StartEx
                0x00016864       0x24 .\CortexM3\ARM_GCC_484\Debug\MUX_Prime.a(isr_3.o)
                0x00016864                isr_3_StartEx
 .text.isr_3_Stop
                0x00016888       0x14 .\CortexM3\ARM_GCC_484\Debug\MUX_Prime.a(isr_3.o)
                0x00016888                isr_3_Stop
 .text.isr_3_SetVector
                0x0001689c       0x24 .\CortexM3\ARM_GCC_484\Debug\MUX_Prime.a(isr_3.o)
                0x0001689c                isr_3_SetVector
 .text.isr_3_SetPriority
                0x000168c0       0x24 .\CortexM3\ARM_GCC_484\Debug\MUX_Prime.a(isr_3.o)
                0x000168c0                isr_3_SetPriority
 .text.isr_3_Enable
                0x000168e4       0x18 .\CortexM3\ARM_GCC_484\Debug\MUX_Prime.a(isr_3.o)
                0x000168e4                isr_3_Enable
 .text.isr_3_Disable
                0x000168fc       0x18 .\CortexM3\ARM_GCC_484\Debug\MUX_Prime.a(isr_3.o)
                0x000168fc                isr_3_Disable
 .text.Timer_Animacion_Init
                0x00016914       0x9c .\CortexM3\ARM_GCC_484\Debug\MUX_Prime.a(Timer_Animacion.o)
                0x00016914                Timer_Animacion_Init
 .text.Timer_Animacion_Enable
                0x000169b0       0x48 .\CortexM3\ARM_GCC_484\Debug\MUX_Prime.a(Timer_Animacion.o)
                0x000169b0                Timer_Animacion_Enable
 .text.Timer_Animacion_Start
                0x000169f8       0x20 .\CortexM3\ARM_GCC_484\Debug\MUX_Prime.a(Timer_Animacion.o)
                0x000169f8                Timer_Animacion_Start
 .text.Timer_Animacion_Stop
                0x00016a18       0x48 .\CortexM3\ARM_GCC_484\Debug\MUX_Prime.a(Timer_Animacion.o)
                0x00016a18                Timer_Animacion_Stop
 .text.Timer_Animacion_SetInterruptMode
                0x00016a60       0x20 .\CortexM3\ARM_GCC_484\Debug\MUX_Prime.a(Timer_Animacion.o)
                0x00016a60                Timer_Animacion_SetInterruptMode
 .text.Timer_Animacion_ReadStatusRegister
                0x00016a80       0x18 .\CortexM3\ARM_GCC_484\Debug\MUX_Prime.a(Timer_Animacion.o)
                0x00016a80                Timer_Animacion_ReadStatusRegister
 .text.Timer_Animacion_WritePeriod
                0x00016a98       0x24 .\CortexM3\ARM_GCC_484\Debug\MUX_Prime.a(Timer_Animacion.o)
                0x00016a98                Timer_Animacion_WritePeriod
 .text.Timer_Animacion_WriteCounter
                0x00016abc       0x20 .\CortexM3\ARM_GCC_484\Debug\MUX_Prime.a(Timer_Animacion.o)
                0x00016abc                Timer_Animacion_WriteCounter
 .text.Timer_Animacion2_Init
                0x00016adc       0x9c .\CortexM3\ARM_GCC_484\Debug\MUX_Prime.a(Timer_Animacion2.o)
                0x00016adc                Timer_Animacion2_Init
 .text.Timer_Animacion2_Enable
                0x00016b78       0x48 .\CortexM3\ARM_GCC_484\Debug\MUX_Prime.a(Timer_Animacion2.o)
                0x00016b78                Timer_Animacion2_Enable
 .text.Timer_Animacion2_Start
                0x00016bc0       0x20 .\CortexM3\ARM_GCC_484\Debug\MUX_Prime.a(Timer_Animacion2.o)
                0x00016bc0                Timer_Animacion2_Start
 .text.Timer_Animacion2_Stop
                0x00016be0       0x48 .\CortexM3\ARM_GCC_484\Debug\MUX_Prime.a(Timer_Animacion2.o)
                0x00016be0                Timer_Animacion2_Stop
 .text.Timer_Animacion2_SetInterruptMode
                0x00016c28       0x20 .\CortexM3\ARM_GCC_484\Debug\MUX_Prime.a(Timer_Animacion2.o)
                0x00016c28                Timer_Animacion2_SetInterruptMode
 .text.Timer_Animacion2_ReadStatusRegister
                0x00016c48       0x18 .\CortexM3\ARM_GCC_484\Debug\MUX_Prime.a(Timer_Animacion2.o)
                0x00016c48                Timer_Animacion2_ReadStatusRegister
 .text.Timer_Animacion2_WritePeriod
                0x00016c60       0x24 .\CortexM3\ARM_GCC_484\Debug\MUX_Prime.a(Timer_Animacion2.o)
                0x00016c60                Timer_Animacion2_WritePeriod
 .text.Timer_Animacion2_WriteCounter
                0x00016c84       0x20 .\CortexM3\ARM_GCC_484\Debug\MUX_Prime.a(Timer_Animacion2.o)
                0x00016c84                Timer_Animacion2_WriteCounter
 .text.isr_4_StartEx
                0x00016ca4       0x24 .\CortexM3\ARM_GCC_484\Debug\MUX_Prime.a(isr_4.o)
                0x00016ca4                isr_4_StartEx
 .text.isr_4_Stop
                0x00016cc8       0x14 .\CortexM3\ARM_GCC_484\Debug\MUX_Prime.a(isr_4.o)
                0x00016cc8                isr_4_Stop
 .text.isr_4_SetVector
                0x00016cdc       0x24 .\CortexM3\ARM_GCC_484\Debug\MUX_Prime.a(isr_4.o)
                0x00016cdc                isr_4_SetVector
 .text.isr_4_SetPriority
                0x00016d00       0x24 .\CortexM3\ARM_GCC_484\Debug\MUX_Prime.a(isr_4.o)
                0x00016d00                isr_4_SetPriority
 .text.isr_4_Enable
                0x00016d24       0x18 .\CortexM3\ARM_GCC_484\Debug\MUX_Prime.a(isr_4.o)
                0x00016d24                isr_4_Enable
 .text.isr_4_Disable
                0x00016d3c       0x18 .\CortexM3\ARM_GCC_484\Debug\MUX_Prime.a(isr_4.o)
                0x00016d3c                isr_4_Disable
 .text.Timer_Modo_Init
                0x00016d54       0x9c .\CortexM3\ARM_GCC_484\Debug\MUX_Prime.a(Timer_Modo.o)
                0x00016d54                Timer_Modo_Init
 .text.Timer_Modo_Enable
                0x00016df0       0x48 .\CortexM3\ARM_GCC_484\Debug\MUX_Prime.a(Timer_Modo.o)
                0x00016df0                Timer_Modo_Enable
 .text.Timer_Modo_Start
                0x00016e38       0x20 .\CortexM3\ARM_GCC_484\Debug\MUX_Prime.a(Timer_Modo.o)
                0x00016e38                Timer_Modo_Start
 .text.Timer_Modo_SetInterruptMode
                0x00016e58       0x20 .\CortexM3\ARM_GCC_484\Debug\MUX_Prime.a(Timer_Modo.o)
                0x00016e58                Timer_Modo_SetInterruptMode
 .text.Timer_Modo_ReadStatusRegister
                0x00016e78       0x18 .\CortexM3\ARM_GCC_484\Debug\MUX_Prime.a(Timer_Modo.o)
                0x00016e78                Timer_Modo_ReadStatusRegister
 .text.Timer_Modo_WritePeriod
                0x00016e90       0x24 .\CortexM3\ARM_GCC_484\Debug\MUX_Prime.a(Timer_Modo.o)
                0x00016e90                Timer_Modo_WritePeriod
 .text.Timer_Modo_WriteCounter
                0x00016eb4       0x20 .\CortexM3\ARM_GCC_484\Debug\MUX_Prime.a(Timer_Modo.o)
                0x00016eb4                Timer_Modo_WriteCounter
 .text.isr_5_StartEx
                0x00016ed4       0x24 .\CortexM3\ARM_GCC_484\Debug\MUX_Prime.a(isr_5.o)
                0x00016ed4                isr_5_StartEx
 .text.isr_5_SetVector
                0x00016ef8       0x24 .\CortexM3\ARM_GCC_484\Debug\MUX_Prime.a(isr_5.o)
                0x00016ef8                isr_5_SetVector
 .text.isr_5_SetPriority
                0x00016f1c       0x24 .\CortexM3\ARM_GCC_484\Debug\MUX_Prime.a(isr_5.o)
                0x00016f1c                isr_5_SetPriority
 .text.isr_5_Enable
                0x00016f40       0x18 .\CortexM3\ARM_GCC_484\Debug\MUX_Prime.a(isr_5.o)
                0x00016f40                isr_5_Enable
 .text.isr_5_Disable
                0x00016f58       0x18 .\CortexM3\ARM_GCC_484\Debug\MUX_Prime.a(isr_5.o)
                0x00016f58                isr_5_Disable
 .text.Timer_RxSurtidor_Init
                0x00016f70       0x9c .\CortexM3\ARM_GCC_484\Debug\MUX_Prime.a(Timer_RxSurtidor.o)
                0x00016f70                Timer_RxSurtidor_Init
 .text.Timer_RxSurtidor_Enable
                0x0001700c       0x48 .\CortexM3\ARM_GCC_484\Debug\MUX_Prime.a(Timer_RxSurtidor.o)
                0x0001700c                Timer_RxSurtidor_Enable
 .text.Timer_RxSurtidor_Start
                0x00017054       0x20 .\CortexM3\ARM_GCC_484\Debug\MUX_Prime.a(Timer_RxSurtidor.o)
                0x00017054                Timer_RxSurtidor_Start
 .text.Timer_RxSurtidor_Stop
                0x00017074       0x48 .\CortexM3\ARM_GCC_484\Debug\MUX_Prime.a(Timer_RxSurtidor.o)
                0x00017074                Timer_RxSurtidor_Stop
 .text.Timer_RxSurtidor_SetInterruptMode
                0x000170bc       0x20 .\CortexM3\ARM_GCC_484\Debug\MUX_Prime.a(Timer_RxSurtidor.o)
                0x000170bc                Timer_RxSurtidor_SetInterruptMode
 .text.Timer_RxSurtidor_ReadStatusRegister
                0x000170dc       0x18 .\CortexM3\ARM_GCC_484\Debug\MUX_Prime.a(Timer_RxSurtidor.o)
                0x000170dc                Timer_RxSurtidor_ReadStatusRegister
 .text.Timer_RxSurtidor_WritePeriod
                0x000170f4       0x24 .\CortexM3\ARM_GCC_484\Debug\MUX_Prime.a(Timer_RxSurtidor.o)
                0x000170f4                Timer_RxSurtidor_WritePeriod
 .text.Timer_RxSurtidor_WriteCounter
                0x00017118       0x20 .\CortexM3\ARM_GCC_484\Debug\MUX_Prime.a(Timer_RxSurtidor.o)
                0x00017118                Timer_RxSurtidor_WriteCounter
 .text          0x00017138      0x110 c:/program files (x86)/cypress/psoc creator/3.2/psoc creator/import/gnu/arm/4.8.4/bin/../lib/gcc/arm-none-eabi/4.8.4/armv7-m\libgcc.a(_arm_cmpdf2.o)
                0x00017138                __gtdf2
                0x00017138                __gedf2
                0x00017140                __ltdf2
                0x00017140                __ledf2
                0x00017148                __nedf2
                0x00017148                __eqdf2
                0x00017148                __cmpdf2
                0x000171c4                __aeabi_cdrcmple
                0x000171d4                __aeabi_cdcmpeq
                0x000171d4                __aeabi_cdcmple
                0x000171e4                __aeabi_dcmpeq
                0x000171f8                __aeabi_dcmplt
                0x0001720c                __aeabi_dcmple
                0x00017220                __aeabi_dcmpge
                0x00017234                __aeabi_dcmpgt
 .text.atof     0x00017248        0x6 c:/program files (x86)/cypress/psoc creator/3.2/psoc creator/import/gnu/arm/4.8.4/bin/../lib/gcc/arm-none-eabi/4.8.4/../../../../arm-none-eabi/lib/armv7-m\libg_s.a(lib_a-atof.o)
                0x00017248                atof
 *fill*         0x0001724e        0x2 
 .text.__errno  0x00017250        0xc c:/program files (x86)/cypress/psoc creator/3.2/psoc creator/import/gnu/arm/4.8.4/bin/../lib/gcc/arm-none-eabi/4.8.4/../../../../arm-none-eabi/lib/armv7-m\libg_s.a(lib_a-errno.o)
                0x00017250                __errno
 .text.__libc_init_array
                0x0001725c       0x4c c:/program files (x86)/cypress/psoc creator/3.2/psoc creator/import/gnu/arm/4.8.4/bin/../lib/gcc/arm-none-eabi/4.8.4/../../../../arm-none-eabi/lib/armv7-m\libg_s.a(lib_a-init.o)
                0x0001725c                __libc_init_array
 .text.memcpy   0x000172a8       0x12 c:/program files (x86)/cypress/psoc creator/3.2/psoc creator/import/gnu/arm/4.8.4/bin/../lib/gcc/arm-none-eabi/4.8.4/../../../../arm-none-eabi/lib/armv7-m\libg_s.a(lib_a-memcpy-stub.o)
                0x000172a8                memcpy
 .text.memset   0x000172ba       0x10 c:/program files (x86)/cypress/psoc creator/3.2/psoc creator/import/gnu/arm/4.8.4/bin/../lib/gcc/arm-none-eabi/4.8.4/../../../../arm-none-eabi/lib/armv7-m\libg_s.a(lib_a-memset.o)
                0x000172ba                memset
 .text.match    0x000172ca       0x28 c:/program files (x86)/cypress/psoc creator/3.2/psoc creator/import/gnu/arm/4.8.4/bin/../lib/gcc/arm-none-eabi/4.8.4/../../../../arm-none-eabi/lib/armv7-m\libg_s.a(lib_a-strtod.o)
 .text.sulp     0x000172f2       0x3e c:/program files (x86)/cypress/psoc creator/3.2/psoc creator/import/gnu/arm/4.8.4/bin/../lib/gcc/arm-none-eabi/4.8.4/../../../../arm-none-eabi/lib/armv7-m\libg_s.a(lib_a-strtod.o)
 .text._strtod_r
                0x00017330      0xc38 c:/program files (x86)/cypress/psoc creator/3.2/psoc creator/import/gnu/arm/4.8.4/bin/../lib/gcc/arm-none-eabi/4.8.4/../../../../arm-none-eabi/lib/armv7-m\libg_s.a(lib_a-strtod.o)
                0x00017330                _strtod_r
 .text.strtod   0x00017f68       0x14 c:/program files (x86)/cypress/psoc creator/3.2/psoc creator/import/gnu/arm/4.8.4/bin/../lib/gcc/arm-none-eabi/4.8.4/../../../../arm-none-eabi/lib/armv7-m\libg_s.a(lib_a-strtod.o)
                0x00017f68                strtod
 .text.rshift   0x00017f7c       0x6a c:/program files (x86)/cypress/psoc creator/3.2/psoc creator/import/gnu/arm/4.8.4/bin/../lib/gcc/arm-none-eabi/4.8.4/../../../../arm-none-eabi/lib/armv7-m\libg_s.a(lib_a-gdtoa-gethex.o)
 .text.__hexdig_fun
                0x00017fe6       0x2a c:/program files (x86)/cypress/psoc creator/3.2/psoc creator/import/gnu/arm/4.8.4/bin/../lib/gcc/arm-none-eabi/4.8.4/../../../../arm-none-eabi/lib/armv7-m\libg_s.a(lib_a-gdtoa-gethex.o)
                0x00017fe6                __hexdig_fun
 .text.__gethex
                0x00018010      0x45e c:/program files (x86)/cypress/psoc creator/3.2/psoc creator/import/gnu/arm/4.8.4/bin/../lib/gcc/arm-none-eabi/4.8.4/../../../../arm-none-eabi/lib/armv7-m\libg_s.a(lib_a-gdtoa-gethex.o)
                0x00018010                __gethex
 .text.L_shift  0x0001846e       0x26 c:/program files (x86)/cypress/psoc creator/3.2/psoc creator/import/gnu/arm/4.8.4/bin/../lib/gcc/arm-none-eabi/4.8.4/../../../../arm-none-eabi/lib/armv7-m\libg_s.a(lib_a-gdtoa-hexnan.o)
 .text.__hexnan
                0x00018494      0x120 c:/program files (x86)/cypress/psoc creator/3.2/psoc creator/import/gnu/arm/4.8.4/bin/../lib/gcc/arm-none-eabi/4.8.4/../../../../arm-none-eabi/lib/armv7-m\libg_s.a(lib_a-gdtoa-hexnan.o)
                0x00018494                __hexnan
 .text._localeconv_r
                0x000185b4        0x8 c:/program files (x86)/cypress/psoc creator/3.2/psoc creator/import/gnu/arm/4.8.4/bin/../lib/gcc/arm-none-eabi/4.8.4/../../../../arm-none-eabi/lib/armv7-m\libg_s.a(lib_a-locale.o)
                0x000185b4                _localeconv_r
 .text._Balloc  0x000185bc       0x6a c:/program files (x86)/cypress/psoc creator/3.2/psoc creator/import/gnu/arm/4.8.4/bin/../lib/gcc/arm-none-eabi/4.8.4/../../../../arm-none-eabi/lib/armv7-m\libg_s.a(lib_a-mprec.o)
                0x000185bc                _Balloc
 .text._Bfree   0x00018626       0x2e c:/program files (x86)/cypress/psoc creator/3.2/psoc creator/import/gnu/arm/4.8.4/bin/../lib/gcc/arm-none-eabi/4.8.4/../../../../arm-none-eabi/lib/armv7-m\libg_s.a(lib_a-mprec.o)
                0x00018626                _Bfree
 .text.__multadd
                0x00018654       0x74 c:/program files (x86)/cypress/psoc creator/3.2/psoc creator/import/gnu/arm/4.8.4/bin/../lib/gcc/arm-none-eabi/4.8.4/../../../../arm-none-eabi/lib/armv7-m\libg_s.a(lib_a-mprec.o)
                0x00018654                __multadd
 .text.__s2b    0x000186c8       0x84 c:/program files (x86)/cypress/psoc creator/3.2/psoc creator/import/gnu/arm/4.8.4/bin/../lib/gcc/arm-none-eabi/4.8.4/../../../../arm-none-eabi/lib/armv7-m\libg_s.a(lib_a-mprec.o)
                0x000186c8                __s2b
 .text.__hi0bits
                0x0001874c       0x40 c:/program files (x86)/cypress/psoc creator/3.2/psoc creator/import/gnu/arm/4.8.4/bin/../lib/gcc/arm-none-eabi/4.8.4/../../../../arm-none-eabi/lib/armv7-m\libg_s.a(lib_a-mprec.o)
                0x0001874c                __hi0bits
 .text.__lo0bits
                0x0001878c       0x5a c:/program files (x86)/cypress/psoc creator/3.2/psoc creator/import/gnu/arm/4.8.4/bin/../lib/gcc/arm-none-eabi/4.8.4/../../../../arm-none-eabi/lib/armv7-m\libg_s.a(lib_a-mprec.o)
                0x0001878c                __lo0bits
 .text.__i2b    0x000187e6       0x12 c:/program files (x86)/cypress/psoc creator/3.2/psoc creator/import/gnu/arm/4.8.4/bin/../lib/gcc/arm-none-eabi/4.8.4/../../../../arm-none-eabi/lib/armv7-m\libg_s.a(lib_a-mprec.o)
                0x000187e6                __i2b
 .text.__multiply
                0x000187f8      0x130 c:/program files (x86)/cypress/psoc creator/3.2/psoc creator/import/gnu/arm/4.8.4/bin/../lib/gcc/arm-none-eabi/4.8.4/../../../../arm-none-eabi/lib/armv7-m\libg_s.a(lib_a-mprec.o)
                0x000187f8                __multiply
 .text.__pow5mult
                0x00018928       0x9c c:/program files (x86)/cypress/psoc creator/3.2/psoc creator/import/gnu/arm/4.8.4/bin/../lib/gcc/arm-none-eabi/4.8.4/../../../../arm-none-eabi/lib/armv7-m\libg_s.a(lib_a-mprec.o)
                0x00018928                __pow5mult
 .text.__lshift
                0x000189c4       0xa6 c:/program files (x86)/cypress/psoc creator/3.2/psoc creator/import/gnu/arm/4.8.4/bin/../lib/gcc/arm-none-eabi/4.8.4/../../../../arm-none-eabi/lib/armv7-m\libg_s.a(lib_a-mprec.o)
                0x000189c4                __lshift
 .text.__mcmp   0x00018a6a       0x3a c:/program files (x86)/cypress/psoc creator/3.2/psoc creator/import/gnu/arm/4.8.4/bin/../lib/gcc/arm-none-eabi/4.8.4/../../../../arm-none-eabi/lib/armv7-m\libg_s.a(lib_a-mprec.o)
                0x00018a6a                __mcmp
 .text.__mdiff  0x00018aa4       0xbe c:/program files (x86)/cypress/psoc creator/3.2/psoc creator/import/gnu/arm/4.8.4/bin/../lib/gcc/arm-none-eabi/4.8.4/../../../../arm-none-eabi/lib/armv7-m\libg_s.a(lib_a-mprec.o)
                0x00018aa4                __mdiff
 *fill*         0x00018b62        0x2 
 .text.__ulp    0x00018b64       0x44 c:/program files (x86)/cypress/psoc creator/3.2/psoc creator/import/gnu/arm/4.8.4/bin/../lib/gcc/arm-none-eabi/4.8.4/../../../../arm-none-eabi/lib/armv7-m\libg_s.a(lib_a-mprec.o)
                0x00018b64                __ulp
 .text.__b2d    0x00018ba8       0xa6 c:/program files (x86)/cypress/psoc creator/3.2/psoc creator/import/gnu/arm/4.8.4/bin/../lib/gcc/arm-none-eabi/4.8.4/../../../../arm-none-eabi/lib/armv7-m\libg_s.a(lib_a-mprec.o)
                0x00018ba8                __b2d
 .text.__d2b    0x00018c4e       0xa4 c:/program files (x86)/cypress/psoc creator/3.2/psoc creator/import/gnu/arm/4.8.4/bin/../lib/gcc/arm-none-eabi/4.8.4/../../../../arm-none-eabi/lib/armv7-m\libg_s.a(lib_a-mprec.o)
                0x00018c4e                __d2b
 .text.__ratio  0x00018cf2       0x4a c:/program files (x86)/cypress/psoc creator/3.2/psoc creator/import/gnu/arm/4.8.4/bin/../lib/gcc/arm-none-eabi/4.8.4/../../../../arm-none-eabi/lib/armv7-m\libg_s.a(lib_a-mprec.o)
                0x00018cf2                __ratio
 .text.__copybits
                0x00018d3c       0x32 c:/program files (x86)/cypress/psoc creator/3.2/psoc creator/import/gnu/arm/4.8.4/bin/../lib/gcc/arm-none-eabi/4.8.4/../../../../arm-none-eabi/lib/armv7-m\libg_s.a(lib_a-mprec.o)
                0x00018d3c                __copybits
 .text.__any_on
                0x00018d6e       0x48 c:/program files (x86)/cypress/psoc creator/3.2/psoc creator/import/gnu/arm/4.8.4/bin/../lib/gcc/arm-none-eabi/4.8.4/../../../../arm-none-eabi/lib/armv7-m\libg_s.a(lib_a-mprec.o)
                0x00018d6e                __any_on
 .text._calloc_r
                0x00018db6       0x1c c:/program files (x86)/cypress/psoc creator/3.2/psoc creator/import/gnu/arm/4.8.4/bin/../lib/gcc/arm-none-eabi/4.8.4/../../../../arm-none-eabi/lib/armv7-m\libg_s.a(lib_a-nano-callocr.o)
                0x00018db6                _calloc_r
 *fill*         0x00018dd2        0x2 
 .text._malloc_r
                0x00018dd4       0xa8 c:/program files (x86)/cypress/psoc creator/3.2/psoc creator/import/gnu/arm/4.8.4/bin/../lib/gcc/arm-none-eabi/4.8.4/../../../../arm-none-eabi/lib/armv7-m\libg_s.a(lib_a-nano-mallocr.o)
                0x00018dd4                _malloc_r
 .text._sbrk_r  0x00018e7c       0x20 c:/program files (x86)/cypress/psoc creator/3.2/psoc creator/import/gnu/arm/4.8.4/bin/../lib/gcc/arm-none-eabi/4.8.4/../../../../arm-none-eabi/lib/armv7-m\libg_s.a(lib_a-sbrkr.o)
                0x00018e7c                _sbrk_r
 .text.strlen   0x00018e9c       0x10 c:/program files (x86)/cypress/psoc creator/3.2/psoc creator/import/gnu/arm/4.8.4/bin/../lib/gcc/arm-none-eabi/4.8.4/../../../../arm-none-eabi/lib/armv7-m\libg_s.a(lib_a-strlen.o)
                0x00018e9c                strlen
 .text.strncmp  0x00018eac       0x2c c:/program files (x86)/cypress/psoc creator/3.2/psoc creator/import/gnu/arm/4.8.4/bin/../lib/gcc/arm-none-eabi/4.8.4/../../../../arm-none-eabi/lib/armv7-m\libg_s.a(lib_a-strncmp.o)
                0x00018eac                strncmp
 .text.malloc   0x00018ed8       0x10 c:/program files (x86)/cypress/psoc creator/3.2/psoc creator/import/gnu/arm/4.8.4/bin/../lib/gcc/arm-none-eabi/4.8.4/../../../../arm-none-eabi/lib/armv7-m\libg_s.a(lib_a-malloc.o)
                0x00018ed8                malloc
 .text          0x00018ee8      0x370 c:/program files (x86)/cypress/psoc creator/3.2/psoc creator/import/gnu/arm/4.8.4/bin/../lib/gcc/arm-none-eabi/4.8.4/armv7-m\libgcc.a(_arm_addsubdf3.o)
                0x00018ee8                __aeabi_drsub
                0x00018ef0                __aeabi_dsub
                0x00018ef0                __subdf3
                0x00018ef4                __aeabi_dadd
                0x00018ef4                __adddf3
                0x0001916c                __floatunsidf
                0x0001916c                __aeabi_ui2d
                0x0001918c                __floatsidf
                0x0001918c                __aeabi_i2d
                0x000191b0                __aeabi_f2d
                0x000191b0                __extendsfdf2
                0x000191ec                __floatundidf
                0x000191ec                __aeabi_ul2d
                0x000191fc                __floatdidf
                0x000191fc                __aeabi_l2d
 .text          0x00019258      0x424 c:/program files (x86)/cypress/psoc creator/3.2/psoc creator/import/gnu/arm/4.8.4/bin/../lib/gcc/arm-none-eabi/4.8.4/armv7-m\libgcc.a(_arm_muldivdf3.o)
                0x00019258                __aeabi_dmul
                0x00019258                __muldf3
                0x000194ac                __divdf3
                0x000194ac                __aeabi_ddiv
 .text          0x0001967c       0x50 c:/program files (x86)/cypress/psoc creator/3.2/psoc creator/import/gnu/arm/4.8.4/bin/../lib/gcc/arm-none-eabi/4.8.4/armv7-m\libgcc.a(_arm_fixdfsi.o)
                0x0001967c                __aeabi_d2iz
                0x0001967c                __fixdfsi
 .text          0x000196cc       0x40 c:/program files (x86)/cypress/psoc creator/3.2/psoc creator/import/gnu/arm/4.8.4/bin/../lib/gcc/arm-none-eabi/4.8.4/armv7-m\libgcc.a(_arm_fixunsdfsi.o)
                0x000196cc                __aeabi_d2uiz
                0x000196cc                __fixunsdfsi
 *(.plt)
 *(.gnu.warning)
 *(.glue_7t)
 .glue_7t       0x00000000        0x0 linker stubs
 *(.glue_7)
 .glue_7        0x00000000        0x0 linker stubs
 *(.vfp11_veneer)
 .vfp11_veneer  0x00000000        0x0 linker stubs
 *(.bootloader)
 *(.ARM.extab* .gnu.linkonce.armextab.*)
 *(.gcc_except_table)

.v4_bx          0x0001970c        0x0
 .v4_bx         0x00000000        0x0 linker stubs

.iplt           0x0001970c        0x0
 .iplt          0x00000000        0x0 c:/program files (x86)/cypress/psoc creator/3.2/psoc creator/import/gnu/arm/4.8.4/bin/../lib/gcc/arm-none-eabi/4.8.4/armv7-m/crtbegin.o

.eh_frame_hdr
 *(.eh_frame_hdr)

.eh_frame       0x0001970c        0x4
 *(.eh_frame)
 .eh_frame      0x0001970c        0x0 c:/program files (x86)/cypress/psoc creator/3.2/psoc creator/import/gnu/arm/4.8.4/bin/../lib/gcc/arm-none-eabi/4.8.4/armv7-m/crtbegin.o
 .eh_frame      0x0001970c        0x4 c:/program files (x86)/cypress/psoc creator/3.2/psoc creator/import/gnu/arm/4.8.4/bin/../lib/gcc/arm-none-eabi/4.8.4/armv7-m/crtend.o
                0x00019710                PROVIDE (__exidx_start, .)

.ARM.exidx
 *(.ARM.exidx* .gnu.linkonce.armexidx.*)
                0x00019710                __exidx_end = .

.rodata         0x00019710     0x3ac8
 *(.rodata .rodata.* .gnu.linkonce.r.*)
 .rodata        0x00019710      0x100 .\CortexM3\ARM_GCC_484\Debug\main.o
 .rodata        0x00019810        0xc .\CortexM3\ARM_GCC_484\Debug\Protocolo.o
 .rodata        0x0001981c     0x3750 .\CortexM3\ARM_GCC_484\Debug\Print.o
                0x0001981c                biomax
                0x00019bcc                brio
                0x00019f7c                cencosud
                0x0001a32c                ecospetrol
                0x0001a6dc                esso
                0x0001aa8c                exito
                0x0001ae3c                gulf
                0x0001b1ec                mineroil
                0x0001b59c                mobil
                0x0001b94c                petrobras
                0x0001bcfc                plus
                0x0001c0ac                terpel
                0x0001c45c                texaco
                0x0001c80c                zeus
                0x0001cbbc                petromil
 .rodata        0x0001cf6c       0x48 .\CortexM3\ARM_GCC_484\Debug\LCD.o
 .rodata        0x0001cfb4       0x84 .\CortexM3\ARM_GCC_484\Debug\MUX_Prime.a(cyfitter_cfg.o)
 .rodata.str1.1
                0x0001d038        0x2 c:/program files (x86)/cypress/psoc creator/3.2/psoc creator/import/gnu/arm/4.8.4/bin/../lib/gcc/arm-none-eabi/4.8.4/../../../../arm-none-eabi/lib/armv7-m\libg_s.a(lib_a-impure.o)
 *fill*         0x0001d03a        0x6 
 .rodata.tinytens
                0x0001d040       0x28 c:/program files (x86)/cypress/psoc creator/3.2/psoc creator/import/gnu/arm/4.8.4/bin/../lib/gcc/arm-none-eabi/4.8.4/../../../../arm-none-eabi/lib/armv7-m\libg_s.a(lib_a-strtod.o)
 .rodata.fpi.5246
                0x0001d068       0x14 c:/program files (x86)/cypress/psoc creator/3.2/psoc creator/import/gnu/arm/4.8.4/bin/../lib/gcc/arm-none-eabi/4.8.4/../../../../arm-none-eabi/lib/armv7-m\libg_s.a(lib_a-strtod.o)
 .rodata.str1.1
                0x0001d07c        0xc c:/program files (x86)/cypress/psoc creator/3.2/psoc creator/import/gnu/arm/4.8.4/bin/../lib/gcc/arm-none-eabi/4.8.4/../../../../arm-none-eabi/lib/armv7-m\libg_s.a(lib_a-strtod.o)
 .rodata.fpinan.5282
                0x0001d088       0x14 c:/program files (x86)/cypress/psoc creator/3.2/psoc creator/import/gnu/arm/4.8.4/bin/../lib/gcc/arm-none-eabi/4.8.4/../../../../arm-none-eabi/lib/armv7-m\libg_s.a(lib_a-strtod.o)
 .rodata.str1.1
                0x0001d09c        0x8 c:/program files (x86)/cypress/psoc creator/3.2/psoc creator/import/gnu/arm/4.8.4/bin/../lib/gcc/arm-none-eabi/4.8.4/../../../../arm-none-eabi/lib/armv7-m\libg_s.a(lib_a-locale.o)
                                  0xb (size before relaxing)
 *fill*         0x0001d0a4        0x4 
 .rodata.__mprec_tens
                0x0001d0a8       0xc8 c:/program files (x86)/cypress/psoc creator/3.2/psoc creator/import/gnu/arm/4.8.4/bin/../lib/gcc/arm-none-eabi/4.8.4/../../../../arm-none-eabi/lib/armv7-m\libg_s.a(lib_a-mprec.o)
                0x0001d0a8                __mprec_tens
 .rodata.__mprec_bigtens
                0x0001d170       0x28 c:/program files (x86)/cypress/psoc creator/3.2/psoc creator/import/gnu/arm/4.8.4/bin/../lib/gcc/arm-none-eabi/4.8.4/../../../../arm-none-eabi/lib/armv7-m\libg_s.a(lib_a-mprec.o)
                0x0001d170                __mprec_bigtens
 .rodata.p05.5281
                0x0001d198        0xc c:/program files (x86)/cypress/psoc creator/3.2/psoc creator/import/gnu/arm/4.8.4/bin/../lib/gcc/arm-none-eabi/4.8.4/../../../../arm-none-eabi/lib/armv7-m\libg_s.a(lib_a-mprec.o)
                0x0001d1a4                . = ALIGN (0x4)
 *(.init)
 .init          0x0001d1a4        0x4 c:/program files (x86)/cypress/psoc creator/3.2/psoc creator/import/gnu/arm/4.8.4/bin/../lib/gcc/arm-none-eabi/4.8.4/armv7-m/crti.o
                0x0001d1a4                _init
 .init          0x0001d1a8        0x8 c:/program files (x86)/cypress/psoc creator/3.2/psoc creator/import/gnu/arm/4.8.4/bin/../lib/gcc/arm-none-eabi/4.8.4/armv7-m/crtn.o
                0x0001d1b0                . = ALIGN (0x4)
                0x0001d1b0                __preinit_array_start = .
 *(.preinit_array)
                0x0001d1b0                __preinit_array_end = .
                0x0001d1b0                . = ALIGN (0x4)
                0x0001d1b0                __init_array_start = .
 *(SORT(.init_array.*))
 *(.init_array)
 .init_array    0x0001d1b0        0x4 c:/program files (x86)/cypress/psoc creator/3.2/psoc creator/import/gnu/arm/4.8.4/bin/../lib/gcc/arm-none-eabi/4.8.4/armv7-m/crtbegin.o
 .init_array    0x0001d1b4        0x4 .\CortexM3\ARM_GCC_484\Debug\Cm3Start.o
                0x0001d1b8                __init_array_end = .
                0x0001d1b8                . = ALIGN (0x4)
 *(.fini)
 .fini          0x0001d1b8        0x4 c:/program files (x86)/cypress/psoc creator/3.2/psoc creator/import/gnu/arm/4.8.4/bin/../lib/gcc/arm-none-eabi/4.8.4/armv7-m/crti.o
                0x0001d1b8                _fini
 .fini          0x0001d1bc        0x8 c:/program files (x86)/cypress/psoc creator/3.2/psoc creator/import/gnu/arm/4.8.4/bin/../lib/gcc/arm-none-eabi/4.8.4/armv7-m/crtn.o
                0x0001d1c4                . = ALIGN (0x4)
                0x0001d1c4                __fini_array_start = .
 *(.fini_array)
 .fini_array    0x0001d1c4        0x4 c:/program files (x86)/cypress/psoc creator/3.2/psoc creator/import/gnu/arm/4.8.4/bin/../lib/gcc/arm-none-eabi/4.8.4/armv7-m/crtbegin.o
 *(SORT(.fini_array.*))
                0x0001d1c8                __fini_array_end = .
                0x0001d1c8                . = ALIGN (0x4)
 *crtbegin.o(.ctors)
 *(EXCLUDE_FILE(*crtend.o) .ctors)
 *(SORT(.ctors.*))
 *crtend.o(.ctors)
                0x0001d1c8                . = ALIGN (0x4)
 *crtbegin.o(.dtors)
 *(EXCLUDE_FILE(*crtend.o) .dtors)
 *(SORT(.dtors.*))
 *crtend.o(.dtors)
                0x0001d1c8                . = ALIGN (0x4)
                0x0001d1c8                __cy_regions = .
                0x0001d1c8        0x4 LONG 0x1d1d8 __cy_region_init_ram
                0x0001d1cc        0x4 LONG 0x1fff8108 __cy_region_start_data
                0x0001d1d0        0x4 LONG 0x270 __cy_region_init_size_ram
                0x0001d1d4        0x4 LONG 0xd10 __cy_region_zero_size_ram
                0x0001d1d8                __cy_regions_end = .
                0x0001d1d8                . = ALIGN (0x8)
                0x0001d1d8                _etext = .

.ramvectors     0x1fff8000      0x100
                0x1fff8000                __cy_region_start_ram = .
 *(.ramvectors)
 .ramvectors    0x1fff8000      0x100 .\CortexM3\ARM_GCC_484\Debug\Cm3Start.o
                0x1fff8000                CyRamVectors

.noinit         0x1fff8100        0x5
 *(.noinit)
 .noinit        0x1fff8100        0x4 .\CortexM3\ARM_GCC_484\Debug\Cm3Start.o
 .noinit        0x1fff8104        0x1 .\CortexM3\ARM_GCC_484\Debug\MUX_Prime.a(CyLib.o)
                0x1fff8104                CyResetStatus

.data           0x1fff8108      0x270 load address 0x0001d1d8
                0x1fff8108                __cy_region_start_data = .
 *(.jcr)
 .jcr           0x1fff8108        0x0 c:/program files (x86)/cypress/psoc creator/3.2/psoc creator/import/gnu/arm/4.8.4/bin/../lib/gcc/arm-none-eabi/4.8.4/armv7-m/crtbegin.o
 .jcr           0x1fff8108        0x4 c:/program files (x86)/cypress/psoc creator/3.2/psoc creator/import/gnu/arm/4.8.4/bin/../lib/gcc/arm-none-eabi/4.8.4/armv7-m/crtend.o
 *(.got.plt)
 *(.got)
 *(.shdata)
 *(.data .data.* .gnu.linkonce.d.*)
 .data          0x1fff810c       0x64 .\CortexM3\ARM_GCC_484\Debug\main.o
                0x1fff810c                letras
                0x1fff8128                clave_config
                0x1fff8130                test
                0x1fff8144                msn_errort
                0x1fff815c                msn_errorv
 .data          0x1fff8170      0x158 .\CortexM3\ARM_GCC_484\Debug\Print.o
                0x1fff8170                msn_eds
                0x1fff8184                msn_nit
                0x1fff8188                msn_tel
                0x1fff818c                msn_fecha
                0x1fff8194                msn_hora
                0x1fff819c                msn_pos
                0x1fff81a8                msn_ppu
                0x1fff81b8                msn_vol
                0x1fff81c8                msn_din
                0x1fff81d8                msn_placa
                0x1fff81e4                msn_cuenta
                0x1fff81f0                msn_km
                0x1fff81fc                msn_id
                0x1fff8208                msn_copia
                0x1fff8210                msn_corriente
                0x1fff821c                msn_diesel
                0x1fff8224                msn_extra
                0x1fff822c                msn_producto
                0x1fff8238                msn_fcorte
                0x1fff8248                msn_hcorte
                0x1fff8258                msn_ufcorte
                0x1fff8270                msn_uhcorte
                0x1fff8288                msn_lema1
                0x1fff82a8                msn_lema2
 .data          0x1fff82c8        0x4 .\CortexM3\ARM_GCC_484\Debug\Cm3Start.o
 .data          0x1fff82cc       0x10 .\CortexM3\ARM_GCC_484\Debug\MUX_Prime.a(CyLib.o)
                0x1fff82cc                cydelay_freq_hz
                0x1fff82d0                cydelay_freq_khz
                0x1fff82d4                cydelay_freq_mhz
                0x1fff82d8                cydelay_32k_ms
 .data.impure_data
                0x1fff82dc       0x60 c:/program files (x86)/cypress/psoc creator/3.2/psoc creator/import/gnu/arm/4.8.4/bin/../lib/gcc/arm-none-eabi/4.8.4/../../../../arm-none-eabi/lib/armv7-m\libg_s.a(lib_a-impure.o)
 .data._impure_ptr
                0x1fff833c        0x4 c:/program files (x86)/cypress/psoc creator/3.2/psoc creator/import/gnu/arm/4.8.4/bin/../lib/gcc/arm-none-eabi/4.8.4/../../../../arm-none-eabi/lib/armv7-m\libg_s.a(lib_a-impure.o)
                0x1fff833c                _impure_ptr
 .data.lconv    0x1fff8340       0x38 c:/program files (x86)/cypress/psoc creator/3.2/psoc creator/import/gnu/arm/4.8.4/bin/../lib/gcc/arm-none-eabi/4.8.4/../../../../arm-none-eabi/lib/armv7-m\libg_s.a(lib_a-locale.o)
                0x1fff8378                . = ALIGN (0x8)
 *(.ram)
                0x1fff8378                _edata = .

.igot.plt       0x1fff8378        0x0 load address 0x0001d448
 .igot.plt      0x00000000        0x0 c:/program files (x86)/cypress/psoc creator/3.2/psoc creator/import/gnu/arm/4.8.4/bin/../lib/gcc/arm-none-eabi/4.8.4/armv7-m/crtbegin.o

.bss            0x1fff8378      0xd10 load address 0x0001d448
                0x1fff8378                PROVIDE (__bss_start__, .)
 *(.shbss)
 *(.bss .bss.* .gnu.linkonce.b.*)
 .bss           0x1fff8378       0x1c c:/program files (x86)/cypress/psoc creator/3.2/psoc creator/import/gnu/arm/4.8.4/bin/../lib/gcc/arm-none-eabi/4.8.4/armv7-m/crtbegin.o
 .bss           0x1fff8394        0xa .\CortexM3\ARM_GCC_484\Debug\MUX_Prime.a(Surtidor.o)
                0x1fff8394                Surtidor_initVar
                0x1fff8395                Surtidor_errorStatus
                0x1fff8396                Surtidor_rxBufferRead
                0x1fff8398                Surtidor_rxBufferWrite
                0x1fff839a                Surtidor_rxBufferLoopDetect
                0x1fff839b                Surtidor_rxBufferOverflow
 .bss           0x1fff839e        0x2 .\CortexM3\ARM_GCC_484\Debug\MUX_Prime.a(Impresora.o)
                0x1fff839e                Impresora_initVar
 .bss           0x1fff83a0        0xa .\CortexM3\ARM_GCC_484\Debug\MUX_Prime.a(PC.o)
                0x1fff83a0                PC_initVar
                0x1fff83a1                PC_errorStatus
                0x1fff83a2                PC_rxBufferRead
                0x1fff83a4                PC_rxBufferWrite
                0x1fff83a6                PC_rxBufferLoopDetect
                0x1fff83a7                PC_rxBufferOverflow
 .bss           0x1fff83aa        0x1 .\CortexM3\ARM_GCC_484\Debug\MUX_Prime.a(I2C_1.o)
                0x1fff83aa                I2C_1_initVar
 .bss           0x1fff83ab        0x7 .\CortexM3\ARM_GCC_484\Debug\MUX_Prime.a(LCD_1.o)
                0x1fff83ab                LCD_1_initVar
                0x1fff83ac                LCD_1_errorStatus
                0x1fff83ad                LCD_1_rxBufferRead
                0x1fff83ae                LCD_1_rxBufferWrite
                0x1fff83af                LCD_1_rxBufferLoopDetect
                0x1fff83b0                LCD_1_rxBufferOverflow
 .bss           0x1fff83b2        0x7 .\CortexM3\ARM_GCC_484\Debug\MUX_Prime.a(LCD_2.o)
                0x1fff83b2                LCD_2_initVar
                0x1fff83b3                LCD_2_errorStatus
                0x1fff83b4                LCD_2_rxBufferRead
                0x1fff83b5                LCD_2_rxBufferWrite
                0x1fff83b6                LCD_2_rxBufferLoopDetect
                0x1fff83b7                LCD_2_rxBufferOverflow
 .bss           0x1fff83b9        0x1 .\CortexM3\ARM_GCC_484\Debug\MUX_Prime.a(Timer_Animacion.o)
                0x1fff83b9                Timer_Animacion_initVar
 .bss           0x1fff83ba        0x1 .\CortexM3\ARM_GCC_484\Debug\MUX_Prime.a(Timer_Animacion2.o)
                0x1fff83ba                Timer_Animacion2_initVar
 .bss           0x1fff83bb        0x1 .\CortexM3\ARM_GCC_484\Debug\MUX_Prime.a(Timer_Modo.o)
                0x1fff83bb                Timer_Modo_initVar
 .bss           0x1fff83bc        0x1 .\CortexM3\ARM_GCC_484\Debug\MUX_Prime.a(Timer_RxSurtidor.o)
                0x1fff83bc                Timer_RxSurtidor_initVar
 *fill*         0x1fff83bd        0x3 
 .bss.__malloc_sbrk_start
                0x1fff83c0        0x4 c:/program files (x86)/cypress/psoc creator/3.2/psoc creator/import/gnu/arm/4.8.4/bin/../lib/gcc/arm-none-eabi/4.8.4/../../../../arm-none-eabi/lib/armv7-m\libg_s.a(lib_a-nano-mallocr.o)
                0x1fff83c0                __malloc_sbrk_start
 .bss.__malloc_free_list
                0x1fff83c4        0x4 c:/program files (x86)/cypress/psoc creator/3.2/psoc creator/import/gnu/arm/4.8.4/bin/../lib/gcc/arm-none-eabi/4.8.4/../../../../arm-none-eabi/lib/armv7-m\libg_s.a(lib_a-nano-mallocr.o)
                0x1fff83c4                __malloc_free_list
 *(COMMON)
 COMMON         0x1fff83c8      0x5b0 .\CortexM3\ARM_GCC_484\Debug\main.o
                0x1fff83c8                lado4
                0x1fff8428                rventa4
                0x1fff8489                comas1
                0x1fff848c                lado2
                0x1fff84e9                id_coma1
                0x1fff84ec                km
                0x1fff84ee                flujo_LCD3
                0x1fff84ef                count_protector2
                0x1fff84f0                hora
                0x1fff84f4                nit
                0x1fff8503                id_teclado1
                0x1fff8504                version
                0x1fff8508                posy1
                0x1fff850c                direccion
                0x1fff852e                imagen_grado2
                0x1fff8530                lema2
                0x1fff8550                crc_total
                0x1fff8551                id_teclado2
                0x1fff8552                ok_datosRF
                0x1fff8553                id_coma2
                0x1fff8554                idaux
                0x1fff855c                sizeletra1
                0x1fff855e                flujo_LCD2
                0x1fff8560                sizeletra2
                0x1fff8562                estado_lcd2
                0x1fff8563                teclas1
                0x1fff8564                comas2
                0x1fff8565                ok_RF
                0x1fff8568                buffer_i2c
                0x1fff85a8                nombre_pro2
                0x1fff85b9                flujo_LCD4
                0x1fff85bc                rf_mod
                0x1fff8684                count_protector
                0x1fff8688                rventa3
                0x1fff86ec                id_logo
                0x1fff86ee                ppux10
                0x1fff86ef                estado_lcd1
                0x1fff86f0                lado3
                0x1fff874d                count_teclas1
                0x1fff874e                posy2
                0x1fff8750                state_rf
                0x1fff8754                nombre_pro1
                0x1fff8766                imagen_grado1
                0x1fff8768                flujo_LCD1
                0x1fff876c                rventa2
                0x1fff87d0                telefono
                0x1fff87e4                print1
                0x1fff87e6                posx2
                0x1fff87e8                nombre_pro3
                0x1fff87fc                password_lcd
                0x1fff8808                fecha
                0x1fff880c                imagen_grado3
                0x1fff8810                nombre
                0x1fff8834                Buffer_LCD1
                0x1fff8852                teclas2
                0x1fff8853                espera
                0x1fff8854                print2
                0x1fff8858                lado1
                0x1fff88b6                posx1
                0x1fff88b8                estado_pos
                0x1fff88bc                count_teclas2
                0x1fff88c0                lema1
                0x1fff88e0                rventa1
                0x1fff8942                imagen_grado4
                0x1fff8944                bloqueo_LCD
                0x1fff8948                Buffer_LCD2
                0x1fff8968                prox_caso
 COMMON         0x1fff8978        0x1 .\CortexM3\ARM_GCC_484\Debug\Protocolo.o
                0x1fff8978                rx_timeout
 *fill*         0x1fff8979        0x3 
 COMMON         0x1fff897c      0x100 .\CortexM3\ARM_GCC_484\Debug\MUX_Prime.a(Surtidor.o)
                0x1fff897c                Surtidor_rxBuffer
 COMMON         0x1fff8a7c      0x5dc .\CortexM3\ARM_GCC_484\Debug\MUX_Prime.a(PC.o)
                0x1fff8a7c                PC_rxBuffer
 COMMON         0x1fff9058        0x1 .\CortexM3\ARM_GCC_484\Debug\MUX_Prime.a(I2C_1.o)
                0x1fff9058                I2C_1_state
 *fill*         0x1fff9059        0x3 
 COMMON         0x1fff905c       0x11 .\CortexM3\ARM_GCC_484\Debug\MUX_Prime.a(I2C_1_MASTER.o)
                0x1fff905c                I2C_1_mstrWrBufIndex
                0x1fff905d                I2C_1_mstrControl
                0x1fff905e                I2C_1_mstrStatus
                0x1fff905f                I2C_1_mstrWrBufSize
                0x1fff9060                I2C_1_mstrRdBufIndex
                0x1fff9064                I2C_1_mstrWrBufPtr
                0x1fff9068                I2C_1_mstrRdBufPtr
                0x1fff906c                I2C_1_mstrRdBufSize
 *fill*         0x1fff906d        0x3 
 COMMON         0x1fff9070        0x8 .\CortexM3\ARM_GCC_484\Debug\MUX_Prime.a(LCD_1.o)
                0x1fff9070                LCD_1_rxBuffer
 COMMON         0x1fff9078        0x8 .\CortexM3\ARM_GCC_484\Debug\MUX_Prime.a(LCD_2.o)
                0x1fff9078                LCD_2_rxBuffer
 COMMON         0x1fff9080        0x4 c:/program files (x86)/cypress/psoc creator/3.2/psoc creator/import/gnu/arm/4.8.4/bin/../lib/gcc/arm-none-eabi/4.8.4/../../../../arm-none-eabi/lib/armv7-m\libg_s.a(lib_a-reent.o)
                0x1fff9080                errno
                0x1fff9088                . = ALIGN (0x8)
 *fill*         0x1fff9084        0x4 
 *(.ram.b)
                0x1fff9088                _end = .
                0x1fff9088                __end = .
                0x1fff9088                PROVIDE (end, .)
                0x1fff9088                PROVIDE (__bss_end__, .)
                0x0001d1d8                __cy_region_init_ram = LOADADDR (.data)
                0x00000270                __cy_region_init_size_ram = (_edata - ADDR (.data))
                0x00000d10                __cy_region_zero_size_ram = (_end - _edata)

.heap           0x1fff9088     0x1000 load address 0x0001d448
                0x1fff9088                . = _end
                0x1fffa088                . = (. + 0x1000)
 *fill*         0x1fff9088     0x1000 
                0x1fffa088                __cy_heap_limit = .

.stack          0x20004000     0x4000
                0x20004000                __cy_stack_limit = .
                0x20008000                . = (. + 0x4000)
 *fill*         0x20004000     0x4000 
                0x00000001                ASSERT ((__cy_stack_limit >= __cy_heap_limit), region RAM overflowed with stack)

.cyloadermeta
 *(.cyloadermeta)

.cyloadablemeta
 *(.cyloadablemeta)

.cyconfigecc    0x80000000     0x1004
 *(.cyconfigecc)
 .cyconfigecc   0x80000000     0x1004 .\CortexM3\ARM_GCC_484\Debug\cymetadata.o
                0x80000000                cy_meta_configecc

.cycustnvl      0x90000000        0x4
 *(.cycustnvl)
 .cycustnvl     0x90000000        0x4 .\CortexM3\ARM_GCC_484\Debug\cymetadata.o
                0x90000000                cy_meta_custnvl

.cywolatch      0x90100000        0x4
 *(.cywolatch)
 .cywolatch     0x90100000        0x4 .\CortexM3\ARM_GCC_484\Debug\cymetadata.o
                0x90100000                cy_meta_wonvl

.cyeeprom       0x90200000        0x0
 *(.cyeeprom)
                0x00000001                ASSERT ((. <= ((0x90200000 + ee_offset) + ee_size)), .cyeeprom data will not fit in EEPROM)

.cyflashprotect
                0x90400000      0x100
 *(.cyflashprotect)
 .cyflashprotect
                0x90400000      0x100 .\CortexM3\ARM_GCC_484\Debug\cymetadata.o
                0x90400000                cy_meta_flashprotect

.cymeta         0x90500000        0xc
 *(.cymeta)
 .cymeta        0x90500000        0xc .\CortexM3\ARM_GCC_484\Debug\cymetadata.o
                0x90500000                cy_metadata

.rel.dyn        0x0001d448        0x0 load address 0x9050000c
 .rel.iplt      0x00000000        0x0 c:/program files (x86)/cypress/psoc creator/3.2/psoc creator/import/gnu/arm/4.8.4/bin/../lib/gcc/arm-none-eabi/4.8.4/armv7-m/crtbegin.o

.stab
 *(.stab)

.stabstr
 *(.stabstr)

.debug
 *(.debug)

.line
 *(.line)

.debug_srcinfo
 *(.debug_srcinfo)

.debug_sfnames
 *(.debug_sfnames)

.debug_aranges  0x00000000     0x13c8
 *(.debug_aranges)
 .debug_aranges
                0x00000000       0xa0 .\CortexM3\ARM_GCC_484\Debug\main.o
 .debug_aranges
                0x000000a0       0x68 .\CortexM3\ARM_GCC_484\Debug\Protocolo.o
 .debug_aranges
                0x00000108       0x28 .\CortexM3\ARM_GCC_484\Debug\Print.o
 .debug_aranges
                0x00000130       0x40 .\CortexM3\ARM_GCC_484\Debug\LCD.o
 .debug_aranges
                0x00000170       0x38 .\CortexM3\ARM_GCC_484\Debug\ibuton.o
 .debug_aranges
                0x000001a8       0x50 .\CortexM3\ARM_GCC_484\Debug\I2C.o
 .debug_aranges
                0x000001f8       0x48 .\CortexM3\ARM_GCC_484\Debug\Cm3Start.o
 .debug_aranges
                0x00000240       0x18 .\CortexM3\ARM_GCC_484\Debug\cymetadata.o
 .debug_aranges
                0x00000258       0x60 .\CortexM3\ARM_GCC_484\Debug\MUX_Prime.a(cyfitter_cfg.o)
 .debug_aranges
                0x000002b8       0x20 .\CortexM3\ARM_GCC_484\Debug\MUX_Prime.a(CyBootAsmGnu.o)
 .debug_aranges
                0x000002d8      0x298 .\CortexM3\ARM_GCC_484\Debug\MUX_Prime.a(CyLib.o)
 .debug_aranges
                0x00000570       0x98 .\CortexM3\ARM_GCC_484\Debug\MUX_Prime.a(cyPm.o)
 .debug_aranges
                0x00000608       0xf0 .\CortexM3\ARM_GCC_484\Debug\MUX_Prime.a(Surtidor.o)
 .debug_aranges
                0x000006f8       0x20 .\CortexM3\ARM_GCC_484\Debug\MUX_Prime.a(Surtidor_INT.o)
 .debug_aranges
                0x00000718       0xf0 .\CortexM3\ARM_GCC_484\Debug\MUX_Prime.a(Impresora.o)
 .debug_aranges
                0x00000808       0xf0 .\CortexM3\ARM_GCC_484\Debug\MUX_Prime.a(PC.o)
 .debug_aranges
                0x000008f8       0x20 .\CortexM3\ARM_GCC_484\Debug\MUX_Prime.a(PC_INT.o)
 .debug_aranges
                0x00000918       0x38 .\CortexM3\ARM_GCC_484\Debug\MUX_Prime.a(I2C_1.o)
 .debug_aranges
                0x00000950       0x20 .\CortexM3\ARM_GCC_484\Debug\MUX_Prime.a(I2C_1_INT.o)
 .debug_aranges
                0x00000970       0x38 .\CortexM3\ARM_GCC_484\Debug\MUX_Prime.a(I2C_1_PM.o)
 .debug_aranges
                0x000009a8       0x80 .\CortexM3\ARM_GCC_484\Debug\MUX_Prime.a(I2C_1_MASTER.o)
 .debug_aranges
                0x00000a28       0x38 .\CortexM3\ARM_GCC_484\Debug\MUX_Prime.a(Pin_WP.o)
 .debug_aranges
                0x00000a60       0x80 .\CortexM3\ARM_GCC_484\Debug\MUX_Prime.a(isr_1.o)
 .debug_aranges
                0x00000ae0       0x70 .\CortexM3\ARM_GCC_484\Debug\MUX_Prime.a(Impresora_IntClock.o)
 .debug_aranges
                0x00000b50       0x70 .\CortexM3\ARM_GCC_484\Debug\MUX_Prime.a(PC_IntClock.o)
 .debug_aranges
                0x00000bc0       0xf0 .\CortexM3\ARM_GCC_484\Debug\MUX_Prime.a(LCD_1.o)
 .debug_aranges
                0x00000cb0       0x20 .\CortexM3\ARM_GCC_484\Debug\MUX_Prime.a(LCD_1_INT.o)
 .debug_aranges
                0x00000cd0       0xf0 .\CortexM3\ARM_GCC_484\Debug\MUX_Prime.a(LCD_2.o)
 .debug_aranges
                0x00000dc0       0x20 .\CortexM3\ARM_GCC_484\Debug\MUX_Prime.a(LCD_2_INT.o)
 .debug_aranges
                0x00000de0       0x70 .\CortexM3\ARM_GCC_484\Debug\MUX_Prime.a(LCD_1_IntClock.o)
 .debug_aranges
                0x00000e50       0x70 .\CortexM3\ARM_GCC_484\Debug\MUX_Prime.a(LCD_2_IntClock.o)
 .debug_aranges
                0x00000ec0       0x38 .\CortexM3\ARM_GCC_484\Debug\MUX_Prime.a(IB1.o)
 .debug_aranges
                0x00000ef8       0x38 .\CortexM3\ARM_GCC_484\Debug\MUX_Prime.a(IB2.o)
 .debug_aranges
                0x00000f30       0x80 .\CortexM3\ARM_GCC_484\Debug\MUX_Prime.a(isr_3.o)
 .debug_aranges
                0x00000fb0       0x88 .\CortexM3\ARM_GCC_484\Debug\MUX_Prime.a(Timer_Animacion.o)
 .debug_aranges
                0x00001038       0x88 .\CortexM3\ARM_GCC_484\Debug\MUX_Prime.a(Timer_Animacion2.o)
 .debug_aranges
                0x000010c0       0x80 .\CortexM3\ARM_GCC_484\Debug\MUX_Prime.a(isr_4.o)
 .debug_aranges
                0x00001140       0x88 .\CortexM3\ARM_GCC_484\Debug\MUX_Prime.a(Timer_Modo.o)
 .debug_aranges
                0x000011c8       0x80 .\CortexM3\ARM_GCC_484\Debug\MUX_Prime.a(isr_5.o)
 .debug_aranges
                0x00001248       0x88 .\CortexM3\ARM_GCC_484\Debug\MUX_Prime.a(Timer_RxSurtidor.o)
 .debug_aranges
                0x000012d0       0x80 .\CortexM3\ARM_GCC_484\Debug\MUX_Prime.a(CyFlash.o)
 .debug_aranges
                0x00001350       0x78 .\CortexM3\ARM_GCC_484\Debug\MUX_Prime.a(CySpc.o)

.debug_pubnames
 *(.debug_pubnames)

.debug_info     0x00000000     0xae53
 *(.debug_info .gnu.linkonce.wi.*)
 .debug_info    0x00000000      0xd5a .\CortexM3\ARM_GCC_484\Debug\main.o
 .debug_info    0x00000d5a      0xb53 .\CortexM3\ARM_GCC_484\Debug\Protocolo.o
 .debug_info    0x000018ad      0xc0c .\CortexM3\ARM_GCC_484\Debug\Print.o
 .debug_info    0x000024b9      0x982 .\CortexM3\ARM_GCC_484\Debug\LCD.o
 .debug_info    0x00002e3b      0x8bf .\CortexM3\ARM_GCC_484\Debug\ibuton.o
 .debug_info    0x000036fa      0x9eb .\CortexM3\ARM_GCC_484\Debug\I2C.o
 .debug_info    0x000040e5      0x317 .\CortexM3\ARM_GCC_484\Debug\Cm3Start.o
 .debug_info    0x000043fc      0x13e .\CortexM3\ARM_GCC_484\Debug\cymetadata.o
 .debug_info    0x0000453a      0x448 .\CortexM3\ARM_GCC_484\Debug\MUX_Prime.a(cyfitter_cfg.o)
 .debug_info    0x00004982       0x67 .\CortexM3\ARM_GCC_484\Debug\MUX_Prime.a(CyBootAsmGnu.o)
 .debug_info    0x000049e9      0xe31 .\CortexM3\ARM_GCC_484\Debug\MUX_Prime.a(CyLib.o)
 .debug_info    0x0000581a      0x55f .\CortexM3\ARM_GCC_484\Debug\MUX_Prime.a(cyPm.o)
 .debug_info    0x00005d79      0x5ec .\CortexM3\ARM_GCC_484\Debug\MUX_Prime.a(Surtidor.o)
 .debug_info    0x00006365      0x151 .\CortexM3\ARM_GCC_484\Debug\MUX_Prime.a(Surtidor_INT.o)
 .debug_info    0x000064b6      0x500 .\CortexM3\ARM_GCC_484\Debug\MUX_Prime.a(Impresora.o)
 .debug_info    0x000069b6      0x5ed .\CortexM3\ARM_GCC_484\Debug\MUX_Prime.a(PC.o)
 .debug_info    0x00006fa3      0x152 .\CortexM3\ARM_GCC_484\Debug\MUX_Prime.a(PC_INT.o)
 .debug_info    0x000070f5      0x1f7 .\CortexM3\ARM_GCC_484\Debug\MUX_Prime.a(I2C_1.o)
 .debug_info    0x000072ec      0x14d .\CortexM3\ARM_GCC_484\Debug\MUX_Prime.a(I2C_1_INT.o)
 .debug_info    0x00007439      0x190 .\CortexM3\ARM_GCC_484\Debug\MUX_Prime.a(I2C_1_PM.o)
 .debug_info    0x000075c9      0x3ef .\CortexM3\ARM_GCC_484\Debug\MUX_Prime.a(I2C_1_MASTER.o)
 .debug_info    0x000079b8      0x11d .\CortexM3\ARM_GCC_484\Debug\MUX_Prime.a(Pin_WP.o)
 .debug_info    0x00007ad5      0x236 .\CortexM3\ARM_GCC_484\Debug\MUX_Prime.a(isr_1.o)
 .debug_info    0x00007d0b      0x25b .\CortexM3\ARM_GCC_484\Debug\MUX_Prime.a(Impresora_IntClock.o)
 .debug_info    0x00007f66      0x25b .\CortexM3\ARM_GCC_484\Debug\MUX_Prime.a(PC_IntClock.o)
 .debug_info    0x000081c1      0x5e7 .\CortexM3\ARM_GCC_484\Debug\MUX_Prime.a(LCD_1.o)
 .debug_info    0x000087a8      0x141 .\CortexM3\ARM_GCC_484\Debug\MUX_Prime.a(LCD_1_INT.o)
 .debug_info    0x000088e9      0x5e7 .\CortexM3\ARM_GCC_484\Debug\MUX_Prime.a(LCD_2.o)
 .debug_info    0x00008ed0      0x141 .\CortexM3\ARM_GCC_484\Debug\MUX_Prime.a(LCD_2_INT.o)
 .debug_info    0x00009011      0x25b .\CortexM3\ARM_GCC_484\Debug\MUX_Prime.a(LCD_1_IntClock.o)
 .debug_info    0x0000926c      0x25b .\CortexM3\ARM_GCC_484\Debug\MUX_Prime.a(LCD_2_IntClock.o)
 .debug_info    0x000094c7      0x11d .\CortexM3\ARM_GCC_484\Debug\MUX_Prime.a(IB1.o)
 .debug_info    0x000095e4      0x11d .\CortexM3\ARM_GCC_484\Debug\MUX_Prime.a(IB2.o)
 .debug_info    0x00009701      0x236 .\CortexM3\ARM_GCC_484\Debug\MUX_Prime.a(isr_3.o)
 .debug_info    0x00009937      0x23c .\CortexM3\ARM_GCC_484\Debug\MUX_Prime.a(Timer_Animacion.o)
 .debug_info    0x00009b73      0x23c .\CortexM3\ARM_GCC_484\Debug\MUX_Prime.a(Timer_Animacion2.o)
 .debug_info    0x00009daf      0x236 .\CortexM3\ARM_GCC_484\Debug\MUX_Prime.a(isr_4.o)
 .debug_info    0x00009fe5      0x23c .\CortexM3\ARM_GCC_484\Debug\MUX_Prime.a(Timer_Modo.o)
 .debug_info    0x0000a221      0x236 .\CortexM3\ARM_GCC_484\Debug\MUX_Prime.a(isr_5.o)
 .debug_info    0x0000a457      0x23c .\CortexM3\ARM_GCC_484\Debug\MUX_Prime.a(Timer_RxSurtidor.o)
 .debug_info    0x0000a693      0x36a .\CortexM3\ARM_GCC_484\Debug\MUX_Prime.a(CyFlash.o)
 .debug_info    0x0000a9fd      0x456 .\CortexM3\ARM_GCC_484\Debug\MUX_Prime.a(CySpc.o)

.debug_abbrev   0x00000000     0x2f2e
 *(.debug_abbrev)
 .debug_abbrev  0x00000000      0x1b2 .\CortexM3\ARM_GCC_484\Debug\main.o
 .debug_abbrev  0x000001b2      0x1a6 .\CortexM3\ARM_GCC_484\Debug\Protocolo.o
 .debug_abbrev  0x00000358      0x166 .\CortexM3\ARM_GCC_484\Debug\Print.o
 .debug_abbrev  0x000004be      0x106 .\CortexM3\ARM_GCC_484\Debug\LCD.o
 .debug_abbrev  0x000005c4      0x124 .\CortexM3\ARM_GCC_484\Debug\ibuton.o
 .debug_abbrev  0x000006e8      0x165 .\CortexM3\ARM_GCC_484\Debug\I2C.o
 .debug_abbrev  0x0000084d      0x1b6 .\CortexM3\ARM_GCC_484\Debug\Cm3Start.o
 .debug_abbrev  0x00000a03       0x77 .\CortexM3\ARM_GCC_484\Debug\cymetadata.o
 .debug_abbrev  0x00000a7a      0x1b7 .\CortexM3\ARM_GCC_484\Debug\MUX_Prime.a(cyfitter_cfg.o)
 .debug_abbrev  0x00000c31       0x14 .\CortexM3\ARM_GCC_484\Debug\MUX_Prime.a(CyBootAsmGnu.o)
 .debug_abbrev  0x00000c45      0x217 .\CortexM3\ARM_GCC_484\Debug\MUX_Prime.a(CyLib.o)
 .debug_abbrev  0x00000e5c      0x16e .\CortexM3\ARM_GCC_484\Debug\MUX_Prime.a(cyPm.o)
 .debug_abbrev  0x00000fca      0x16c .\CortexM3\ARM_GCC_484\Debug\MUX_Prime.a(Surtidor.o)
 .debug_abbrev  0x00001136       0x97 .\CortexM3\ARM_GCC_484\Debug\MUX_Prime.a(Surtidor_INT.o)
 .debug_abbrev  0x000011cd      0x170 .\CortexM3\ARM_GCC_484\Debug\MUX_Prime.a(Impresora.o)
 .debug_abbrev  0x0000133d      0x16c .\CortexM3\ARM_GCC_484\Debug\MUX_Prime.a(PC.o)
 .debug_abbrev  0x000014a9       0x97 .\CortexM3\ARM_GCC_484\Debug\MUX_Prime.a(PC_INT.o)
 .debug_abbrev  0x00001540       0xe2 .\CortexM3\ARM_GCC_484\Debug\MUX_Prime.a(I2C_1.o)
 .debug_abbrev  0x00001622       0x8e .\CortexM3\ARM_GCC_484\Debug\MUX_Prime.a(I2C_1_INT.o)
 .debug_abbrev  0x000016b0       0xf8 .\CortexM3\ARM_GCC_484\Debug\MUX_Prime.a(I2C_1_PM.o)
 .debug_abbrev  0x000017a8      0x12b .\CortexM3\ARM_GCC_484\Debug\MUX_Prime.a(I2C_1_MASTER.o)
 .debug_abbrev  0x000018d3       0x9d .\CortexM3\ARM_GCC_484\Debug\MUX_Prime.a(Pin_WP.o)
 .debug_abbrev  0x00001970      0x156 .\CortexM3\ARM_GCC_484\Debug\MUX_Prime.a(isr_1.o)
 .debug_abbrev  0x00001ac6      0x12a .\CortexM3\ARM_GCC_484\Debug\MUX_Prime.a(Impresora_IntClock.o)
 .debug_abbrev  0x00001bf0      0x12a .\CortexM3\ARM_GCC_484\Debug\MUX_Prime.a(PC_IntClock.o)
 .debug_abbrev  0x00001d1a      0x16c .\CortexM3\ARM_GCC_484\Debug\MUX_Prime.a(LCD_1.o)
 .debug_abbrev  0x00001e86       0x97 .\CortexM3\ARM_GCC_484\Debug\MUX_Prime.a(LCD_1_INT.o)
 .debug_abbrev  0x00001f1d      0x16c .\CortexM3\ARM_GCC_484\Debug\MUX_Prime.a(LCD_2.o)
 .debug_abbrev  0x00002089       0x97 .\CortexM3\ARM_GCC_484\Debug\MUX_Prime.a(LCD_2_INT.o)
 .debug_abbrev  0x00002120      0x12a .\CortexM3\ARM_GCC_484\Debug\MUX_Prime.a(LCD_1_IntClock.o)
 .debug_abbrev  0x0000224a      0x12a .\CortexM3\ARM_GCC_484\Debug\MUX_Prime.a(LCD_2_IntClock.o)
 .debug_abbrev  0x00002374       0x9d .\CortexM3\ARM_GCC_484\Debug\MUX_Prime.a(IB1.o)
 .debug_abbrev  0x00002411       0x9d .\CortexM3\ARM_GCC_484\Debug\MUX_Prime.a(IB2.o)
 .debug_abbrev  0x000024ae      0x156 .\CortexM3\ARM_GCC_484\Debug\MUX_Prime.a(isr_3.o)
 .debug_abbrev  0x00002604       0xf6 .\CortexM3\ARM_GCC_484\Debug\MUX_Prime.a(Timer_Animacion.o)
 .debug_abbrev  0x000026fa       0xf6 .\CortexM3\ARM_GCC_484\Debug\MUX_Prime.a(Timer_Animacion2.o)
 .debug_abbrev  0x000027f0      0x156 .\CortexM3\ARM_GCC_484\Debug\MUX_Prime.a(isr_4.o)
 .debug_abbrev  0x00002946       0xf6 .\CortexM3\ARM_GCC_484\Debug\MUX_Prime.a(Timer_Modo.o)
 .debug_abbrev  0x00002a3c      0x156 .\CortexM3\ARM_GCC_484\Debug\MUX_Prime.a(isr_5.o)
 .debug_abbrev  0x00002b92       0xf6 .\CortexM3\ARM_GCC_484\Debug\MUX_Prime.a(Timer_RxSurtidor.o)
 .debug_abbrev  0x00002c88      0x12d .\CortexM3\ARM_GCC_484\Debug\MUX_Prime.a(CyFlash.o)
 .debug_abbrev  0x00002db5      0x179 .\CortexM3\ARM_GCC_484\Debug\MUX_Prime.a(CySpc.o)

.debug_line     0x00000000     0x87e1
 *(.debug_line)
 .debug_line    0x00000000     0x2dd9 .\CortexM3\ARM_GCC_484\Debug\main.o
 .debug_line    0x00002dd9      0xe64 .\CortexM3\ARM_GCC_484\Debug\Protocolo.o
 .debug_line    0x00003c3d      0x54e .\CortexM3\ARM_GCC_484\Debug\Print.o
 .debug_line    0x0000418b      0x25a .\CortexM3\ARM_GCC_484\Debug\LCD.o
 .debug_line    0x000043e5      0x26c .\CortexM3\ARM_GCC_484\Debug\ibuton.o
 .debug_line    0x00004651      0x2bb .\CortexM3\ARM_GCC_484\Debug\I2C.o
 .debug_line    0x0000490c      0x1cc .\CortexM3\ARM_GCC_484\Debug\Cm3Start.o
 .debug_line    0x00004ad8       0x53 .\CortexM3\ARM_GCC_484\Debug\cymetadata.o
 .debug_line    0x00004b2b      0x21f .\CortexM3\ARM_GCC_484\Debug\MUX_Prime.a(cyfitter_cfg.o)
 .debug_line    0x00004d4a       0x68 .\CortexM3\ARM_GCC_484\Debug\MUX_Prime.a(CyBootAsmGnu.o)
 .debug_line    0x00004db2      0x86a .\CortexM3\ARM_GCC_484\Debug\MUX_Prime.a(CyLib.o)
 .debug_line    0x0000561c      0x378 .\CortexM3\ARM_GCC_484\Debug\MUX_Prime.a(cyPm.o)
 .debug_line    0x00005994      0x324 .\CortexM3\ARM_GCC_484\Debug\MUX_Prime.a(Surtidor.o)
 .debug_line    0x00005cb8       0x90 .\CortexM3\ARM_GCC_484\Debug\MUX_Prime.a(Surtidor_INT.o)
 .debug_line    0x00005d48      0x2f1 .\CortexM3\ARM_GCC_484\Debug\MUX_Prime.a(Impresora.o)
 .debug_line    0x00006039      0x320 .\CortexM3\ARM_GCC_484\Debug\MUX_Prime.a(PC.o)
 .debug_line    0x00006359       0x84 .\CortexM3\ARM_GCC_484\Debug\MUX_Prime.a(PC_INT.o)
 .debug_line    0x000063dd       0xdd .\CortexM3\ARM_GCC_484\Debug\MUX_Prime.a(I2C_1.o)
 .debug_line    0x000064ba      0x10d .\CortexM3\ARM_GCC_484\Debug\MUX_Prime.a(I2C_1_INT.o)
 .debug_line    0x000065c7       0xbe .\CortexM3\ARM_GCC_484\Debug\MUX_Prime.a(I2C_1_PM.o)
 .debug_line    0x00006685      0x1ee .\CortexM3\ARM_GCC_484\Debug\MUX_Prime.a(I2C_1_MASTER.o)
 .debug_line    0x00006873       0x97 .\CortexM3\ARM_GCC_484\Debug\MUX_Prime.a(Pin_WP.o)
 .debug_line    0x0000690a      0x167 .\CortexM3\ARM_GCC_484\Debug\MUX_Prime.a(isr_1.o)
 .debug_line    0x00006a71      0x1c1 .\CortexM3\ARM_GCC_484\Debug\MUX_Prime.a(Impresora_IntClock.o)
 .debug_line    0x00006c32      0x1ba .\CortexM3\ARM_GCC_484\Debug\MUX_Prime.a(PC_IntClock.o)
 .debug_line    0x00006dec      0x323 .\CortexM3\ARM_GCC_484\Debug\MUX_Prime.a(LCD_1.o)
 .debug_line    0x0000710f       0x8a .\CortexM3\ARM_GCC_484\Debug\MUX_Prime.a(LCD_1_INT.o)
 .debug_line    0x00007199      0x323 .\CortexM3\ARM_GCC_484\Debug\MUX_Prime.a(LCD_2.o)
 .debug_line    0x000074bc       0x8a .\CortexM3\ARM_GCC_484\Debug\MUX_Prime.a(LCD_2_INT.o)
 .debug_line    0x00007546      0x1bd .\CortexM3\ARM_GCC_484\Debug\MUX_Prime.a(LCD_1_IntClock.o)
 .debug_line    0x00007703      0x1bd .\CortexM3\ARM_GCC_484\Debug\MUX_Prime.a(LCD_2_IntClock.o)
 .debug_line    0x000078c0       0x94 .\CortexM3\ARM_GCC_484\Debug\MUX_Prime.a(IB1.o)
 .debug_line    0x00007954       0x94 .\CortexM3\ARM_GCC_484\Debug\MUX_Prime.a(IB2.o)
 .debug_line    0x000079e8      0x167 .\CortexM3\ARM_GCC_484\Debug\MUX_Prime.a(isr_3.o)
 .debug_line    0x00007b4f      0x169 .\CortexM3\ARM_GCC_484\Debug\MUX_Prime.a(Timer_Animacion.o)
 .debug_line    0x00007cb8      0x16a .\CortexM3\ARM_GCC_484\Debug\MUX_Prime.a(Timer_Animacion2.o)
 .debug_line    0x00007e22      0x167 .\CortexM3\ARM_GCC_484\Debug\MUX_Prime.a(isr_4.o)
 .debug_line    0x00007f89      0x164 .\CortexM3\ARM_GCC_484\Debug\MUX_Prime.a(Timer_Modo.o)
 .debug_line    0x000080ed      0x167 .\CortexM3\ARM_GCC_484\Debug\MUX_Prime.a(isr_5.o)
 .debug_line    0x00008254      0x16a .\CortexM3\ARM_GCC_484\Debug\MUX_Prime.a(Timer_RxSurtidor.o)
 .debug_line    0x000083be      0x217 .\CortexM3\ARM_GCC_484\Debug\MUX_Prime.a(CyFlash.o)
 .debug_line    0x000085d5      0x20c .\CortexM3\ARM_GCC_484\Debug\MUX_Prime.a(CySpc.o)

.debug_frame    0x00000000     0x4350
 *(.debug_frame)
 .debug_frame   0x00000000      0x224 .\CortexM3\ARM_GCC_484\Debug\main.o
 .debug_frame   0x00000224      0x150 .\CortexM3\ARM_GCC_484\Debug\Protocolo.o
 .debug_frame   0x00000374       0x50 .\CortexM3\ARM_GCC_484\Debug\Print.o
 .debug_frame   0x000003c4       0xc8 .\CortexM3\ARM_GCC_484\Debug\LCD.o
 .debug_frame   0x0000048c       0x8c .\CortexM3\ARM_GCC_484\Debug\ibuton.o
 .debug_frame   0x00000518       0xfc .\CortexM3\ARM_GCC_484\Debug\I2C.o
 .debug_frame   0x00000614       0xc8 .\CortexM3\ARM_GCC_484\Debug\Cm3Start.o
 .debug_frame   0x000006dc      0x120 .\CortexM3\ARM_GCC_484\Debug\MUX_Prime.a(cyfitter_cfg.o)
 .debug_frame   0x000007fc      0x948 .\CortexM3\ARM_GCC_484\Debug\MUX_Prime.a(CyLib.o)
 .debug_frame   0x00001144      0x1ec .\CortexM3\ARM_GCC_484\Debug\MUX_Prime.a(cyPm.o)
 .debug_frame   0x00001330      0x32c .\CortexM3\ARM_GCC_484\Debug\MUX_Prime.a(Surtidor.o)
 .debug_frame   0x0000165c       0x2c .\CortexM3\ARM_GCC_484\Debug\MUX_Prime.a(Surtidor_INT.o)
 .debug_frame   0x00001688      0x328 .\CortexM3\ARM_GCC_484\Debug\MUX_Prime.a(Impresora.o)
 .debug_frame   0x000019b0      0x328 .\CortexM3\ARM_GCC_484\Debug\MUX_Prime.a(PC.o)
 .debug_frame   0x00001cd8       0x2c .\CortexM3\ARM_GCC_484\Debug\MUX_Prime.a(PC_INT.o)
 .debug_frame   0x00001d04       0x88 .\CortexM3\ARM_GCC_484\Debug\MUX_Prime.a(I2C_1.o)
 .debug_frame   0x00001d8c       0x30 .\CortexM3\ARM_GCC_484\Debug\MUX_Prime.a(I2C_1_INT.o)
 .debug_frame   0x00001dbc       0x84 .\CortexM3\ARM_GCC_484\Debug\MUX_Prime.a(I2C_1_PM.o)
 .debug_frame   0x00001e40      0x17c .\CortexM3\ARM_GCC_484\Debug\MUX_Prime.a(I2C_1_MASTER.o)
 .debug_frame   0x00001fbc       0x80 .\CortexM3\ARM_GCC_484\Debug\MUX_Prime.a(Pin_WP.o)
 .debug_frame   0x0000203c      0x180 .\CortexM3\ARM_GCC_484\Debug\MUX_Prime.a(isr_1.o)
 .debug_frame   0x000021bc      0x14c .\CortexM3\ARM_GCC_484\Debug\MUX_Prime.a(Impresora_IntClock.o)
 .debug_frame   0x00002308      0x14c .\CortexM3\ARM_GCC_484\Debug\MUX_Prime.a(PC_IntClock.o)
 .debug_frame   0x00002454      0x328 .\CortexM3\ARM_GCC_484\Debug\MUX_Prime.a(LCD_1.o)
 .debug_frame   0x0000277c       0x2c .\CortexM3\ARM_GCC_484\Debug\MUX_Prime.a(LCD_1_INT.o)
 .debug_frame   0x000027a8      0x328 .\CortexM3\ARM_GCC_484\Debug\MUX_Prime.a(LCD_2.o)
 .debug_frame   0x00002ad0       0x2c .\CortexM3\ARM_GCC_484\Debug\MUX_Prime.a(LCD_2_INT.o)
 .debug_frame   0x00002afc      0x14c .\CortexM3\ARM_GCC_484\Debug\MUX_Prime.a(LCD_1_IntClock.o)
 .debug_frame   0x00002c48      0x14c .\CortexM3\ARM_GCC_484\Debug\MUX_Prime.a(LCD_2_IntClock.o)
 .debug_frame   0x00002d94       0x80 .\CortexM3\ARM_GCC_484\Debug\MUX_Prime.a(IB1.o)
 .debug_frame   0x00002e14       0x80 .\CortexM3\ARM_GCC_484\Debug\MUX_Prime.a(IB2.o)
 .debug_frame   0x00002e94      0x180 .\CortexM3\ARM_GCC_484\Debug\MUX_Prime.a(isr_3.o)
 .debug_frame   0x00003014      0x198 .\CortexM3\ARM_GCC_484\Debug\MUX_Prime.a(Timer_Animacion.o)
 .debug_frame   0x000031ac      0x198 .\CortexM3\ARM_GCC_484\Debug\MUX_Prime.a(Timer_Animacion2.o)
 .debug_frame   0x00003344      0x180 .\CortexM3\ARM_GCC_484\Debug\MUX_Prime.a(isr_4.o)
 .debug_frame   0x000034c4      0x198 .\CortexM3\ARM_GCC_484\Debug\MUX_Prime.a(Timer_Modo.o)
 .debug_frame   0x0000365c      0x180 .\CortexM3\ARM_GCC_484\Debug\MUX_Prime.a(isr_5.o)
 .debug_frame   0x000037dc      0x198 .\CortexM3\ARM_GCC_484\Debug\MUX_Prime.a(Timer_RxSurtidor.o)
 .debug_frame   0x00003974      0x1a8 .\CortexM3\ARM_GCC_484\Debug\MUX_Prime.a(CyFlash.o)
 .debug_frame   0x00003b1c      0x174 .\CortexM3\ARM_GCC_484\Debug\MUX_Prime.a(CySpc.o)
 .debug_frame   0x00003c90       0x20 c:/program files (x86)/cypress/psoc creator/3.2/psoc creator/import/gnu/arm/4.8.4/bin/../lib/gcc/arm-none-eabi/4.8.4/../../../../arm-none-eabi/lib/armv7-m\libg_s.a(lib_a-atof.o)
 .debug_frame   0x00003cb0       0x20 c:/program files (x86)/cypress/psoc creator/3.2/psoc creator/import/gnu/arm/4.8.4/bin/../lib/gcc/arm-none-eabi/4.8.4/../../../../arm-none-eabi/lib/armv7-m\libg_s.a(lib_a-errno.o)
 .debug_frame   0x00003cd0       0x28 c:/program files (x86)/cypress/psoc creator/3.2/psoc creator/import/gnu/arm/4.8.4/bin/../lib/gcc/arm-none-eabi/4.8.4/../../../../arm-none-eabi/lib/armv7-m\libg_s.a(lib_a-exit.o)
 .debug_frame   0x00003cf8       0x2c c:/program files (x86)/cypress/psoc creator/3.2/psoc creator/import/gnu/arm/4.8.4/bin/../lib/gcc/arm-none-eabi/4.8.4/../../../../arm-none-eabi/lib/armv7-m\libg_s.a(lib_a-init.o)
 .debug_frame   0x00003d24       0x28 c:/program files (x86)/cypress/psoc creator/3.2/psoc creator/import/gnu/arm/4.8.4/bin/../lib/gcc/arm-none-eabi/4.8.4/../../../../arm-none-eabi/lib/armv7-m\libg_s.a(lib_a-memcpy-stub.o)
 .debug_frame   0x00003d4c       0x20 c:/program files (x86)/cypress/psoc creator/3.2/psoc creator/import/gnu/arm/4.8.4/bin/../lib/gcc/arm-none-eabi/4.8.4/../../../../arm-none-eabi/lib/armv7-m\libg_s.a(lib_a-memset.o)
 .debug_frame   0x00003d6c       0xa4 c:/program files (x86)/cypress/psoc creator/3.2/psoc creator/import/gnu/arm/4.8.4/bin/../lib/gcc/arm-none-eabi/4.8.4/../../../../arm-none-eabi/lib/armv7-m\libg_s.a(lib_a-strtod.o)
 .debug_frame   0x00003e10       0x68 c:/program files (x86)/cypress/psoc creator/3.2/psoc creator/import/gnu/arm/4.8.4/bin/../lib/gcc/arm-none-eabi/4.8.4/../../../../arm-none-eabi/lib/armv7-m\libg_s.a(lib_a-gdtoa-gethex.o)
 .debug_frame   0x00003e78       0x54 c:/program files (x86)/cypress/psoc creator/3.2/psoc creator/import/gnu/arm/4.8.4/bin/../lib/gcc/arm-none-eabi/4.8.4/../../../../arm-none-eabi/lib/armv7-m\libg_s.a(lib_a-gdtoa-hexnan.o)
 .debug_frame   0x00003ecc       0x98 c:/program files (x86)/cypress/psoc creator/3.2/psoc creator/import/gnu/arm/4.8.4/bin/../lib/gcc/arm-none-eabi/4.8.4/../../../../arm-none-eabi/lib/armv7-m\libg_s.a(lib_a-locale.o)
 .debug_frame   0x00003f64      0x230 c:/program files (x86)/cypress/psoc creator/3.2/psoc creator/import/gnu/arm/4.8.4/bin/../lib/gcc/arm-none-eabi/4.8.4/../../../../arm-none-eabi/lib/armv7-m\libg_s.a(lib_a-mprec.o)
 .debug_frame   0x00004194       0x2c c:/program files (x86)/cypress/psoc creator/3.2/psoc creator/import/gnu/arm/4.8.4/bin/../lib/gcc/arm-none-eabi/4.8.4/../../../../arm-none-eabi/lib/armv7-m\libg_s.a(lib_a-nano-callocr.o)
 .debug_frame   0x000041c0       0x2c c:/program files (x86)/cypress/psoc creator/3.2/psoc creator/import/gnu/arm/4.8.4/bin/../lib/gcc/arm-none-eabi/4.8.4/../../../../arm-none-eabi/lib/armv7-m\libg_s.a(lib_a-nano-mallocr.o)
 .debug_frame   0x000041ec       0x28 c:/program files (x86)/cypress/psoc creator/3.2/psoc creator/import/gnu/arm/4.8.4/bin/../lib/gcc/arm-none-eabi/4.8.4/../../../../arm-none-eabi/lib/armv7-m\libg_s.a(lib_a-s_fpclassify.o)
 .debug_frame   0x00004214       0x2c c:/program files (x86)/cypress/psoc creator/3.2/psoc creator/import/gnu/arm/4.8.4/bin/../lib/gcc/arm-none-eabi/4.8.4/../../../../arm-none-eabi/lib/armv7-m\libg_s.a(lib_a-sbrkr.o)
 .debug_frame   0x00004240       0x20 c:/program files (x86)/cypress/psoc creator/3.2/psoc creator/import/gnu/arm/4.8.4/bin/../lib/gcc/arm-none-eabi/4.8.4/../../../../arm-none-eabi/lib/armv7-m\libg_s.a(lib_a-sf_nan.o)
 .debug_frame   0x00004260       0x20 c:/program files (x86)/cypress/psoc creator/3.2/psoc creator/import/gnu/arm/4.8.4/bin/../lib/gcc/arm-none-eabi/4.8.4/../../../../arm-none-eabi/lib/armv7-m\libg_s.a(lib_a-strlen.o)
 .debug_frame   0x00004280       0x2c c:/program files (x86)/cypress/psoc creator/3.2/psoc creator/import/gnu/arm/4.8.4/bin/../lib/gcc/arm-none-eabi/4.8.4/../../../../arm-none-eabi/lib/armv7-m\libg_s.a(lib_a-strncmp.o)
 .debug_frame   0x000042ac       0x30 c:/program files (x86)/cypress/psoc creator/3.2/psoc creator/import/gnu/arm/4.8.4/bin/../lib/gcc/arm-none-eabi/4.8.4/../../../../arm-none-eabi/lib/armv7-m\libg_s.a(lib_a-malloc.o)